Component: ARM Compiler 5.06 update 6 (build 750) Tool: armlink [4d35ed]

==============================================================================

Section Cross References

    workshop6_functions.o(i.fields_to_hp_float) refers to pow.o(i.__hardfp_pow) for __hardfp_pow
    workshop6_functions.o(i.fields_to_hp_float) refers to f2d.o(x$fpl$f2d) for __aeabi_f2d
    workshop6_functions.o(i.fields_to_hp_float) refers to ddiv.o(x$fpl$ddiv) for __aeabi_ddiv
    workshop6_functions.o(i.fields_to_hp_float) refers to d2f.o(x$fpl$d2f) for __aeabi_d2f
    workshop6_functions.o(i.fields_to_hp_float) refers to dflt_clz.o(x$fpl$dfltu) for __aeabi_ui2d
    workshop6_functions.o(i.fields_to_hp_float) refers to dmul.o(x$fpl$dmul) for __aeabi_dmul
    workshop6_functions.o(i.fields_to_hp_float) refers to dflt_clz.o(x$fpl$dflt) for __aeabi_i2d
    workshop6_functions.o(i.hp_float_to_fields) refers to pow.o(i.__hardfp_pow) for __hardfp_pow
    workshop6_functions.o(i.hp_float_to_fields) refers to daddsub_clz.o(x$fpl$dsub) for __aeabi_dsub
    workshop6_functions.o(i.hp_float_to_fields) refers to dleqf.o(x$fpl$dleqf) for __aeabi_cdcmple
    workshop6_functions.o(i.hp_float_to_fields) refers to drleqf.o(x$fpl$drleqf) for __aeabi_cdrcmple
    workshop6_functions.o(i.hp_float_to_fields) refers to dfix.o(x$fpl$dfix) for __aeabi_d2iz
    workshop6_functions.o(i.hp_float_to_fields) refers to f2d.o(x$fpl$f2d) for __aeabi_f2d
    workshop6_functions.o(i.hp_float_to_fields) refers to ddiv.o(x$fpl$ddiv) for __aeabi_ddiv
    workshop6_functions.o(i.hp_float_to_fields) refers to dmul.o(x$fpl$dmul) for __aeabi_dmul
    workshop6_functions.o(i.hp_float_to_fields) refers to daddsub_clz.o(x$fpl$drsb) for __aeabi_drsub
    workshop6_testfuns.o(i.main) refers to unity.o(i.UnityBegin) for UnityBegin
    workshop6_testfuns.o(i.main) refers to unity.o(i.UnityDefaultTestRun) for UnityDefaultTestRun
    workshop6_testfuns.o(i.main) refers to unity.o(i.UnityEnd) for UnityEnd
    workshop6_testfuns.o(i.main) refers to workshop6_testfuns.o(i.test_hp_float_to_fields) for test_hp_float_to_fields
    workshop6_testfuns.o(i.main) refers to workshop6_testfuns.o(i.test_fields_to_hp_float) for test_fields_to_hp_float
    workshop6_testfuns.o(i.test_fields_to_hp_float) refers to pow.o(i.__hardfp_pow) for __hardfp_pow
    workshop6_testfuns.o(i.test_fields_to_hp_float) refers to d2f.o(x$fpl$d2f) for __aeabi_d2f
    workshop6_testfuns.o(i.test_fields_to_hp_float) refers to workshop6_functions.o(i.fields_to_hp_float) for fields_to_hp_float
    workshop6_testfuns.o(i.test_fields_to_hp_float) refers to unity.o(i.UnityAssertFloatsWithin) for UnityAssertFloatsWithin
    workshop6_testfuns.o(i.test_fields_to_hp_float) refers to workshop6_testfuns.o(.constdata) for .constdata
    workshop6_testfuns.o(i.test_hp_float_to_fields) refers to pow.o(i.__hardfp_pow) for __hardfp_pow
    workshop6_testfuns.o(i.test_hp_float_to_fields) refers to d2f.o(x$fpl$d2f) for __aeabi_d2f
    workshop6_testfuns.o(i.test_hp_float_to_fields) refers to f2d.o(x$fpl$f2d) for __aeabi_f2d
    workshop6_testfuns.o(i.test_hp_float_to_fields) refers to workshop6_functions.o(i.hp_float_to_fields) for hp_float_to_fields
    workshop6_testfuns.o(i.test_hp_float_to_fields) refers to unity.o(i.UnityAssertEqualIntArray) for UnityAssertEqualIntArray
    workshop6_testfuns.o(i.test_hp_float_to_fields) refers to workshop6_testfuns.o(.constdata) for .constdata
    unity.o(i.UnityAddMsgIfSpecified) refers to unity.o(i.UnityPrint) for UnityPrint
    unity.o(i.UnityAddMsgIfSpecified) refers to unity.o(.constdata) for UnityStrSpacer
    unity.o(i.UnityAddMsgIfSpecified) refers to unity.o(.bss) for Unity
    unity.o(i.UnityAssertBits) refers to unity.o(i.UnityTestResultsFailBegin) for UnityTestResultsFailBegin
    unity.o(i.UnityAssertBits) refers to unity.o(i.UnityPrint) for UnityPrint
    unity.o(i.UnityAssertBits) refers to unity.o(i.UnityPrintMask) for UnityPrintMask
    unity.o(i.UnityAssertBits) refers to unity.o(i.UnityAddMsgIfSpecified) for UnityAddMsgIfSpecified
    unity.o(i.UnityAssertBits) refers to setjmp.o(.text) for longjmp
    unity.o(i.UnityAssertBits) refers to unity.o(.bss) for Unity
    unity.o(i.UnityAssertBits) refers to unity.o(.constdata) for UnityStrExpected
    unity.o(i.UnityAssertEqualFloatArray) refers to unity.o(i.UnityTestResultsFailBegin) for UnityTestResultsFailBegin
    unity.o(i.UnityAssertEqualFloatArray) refers to unity.o(i.UnityPrint) for UnityPrint
    unity.o(i.UnityAssertEqualFloatArray) refers to unity.o(i.UnityAddMsgIfSpecified) for UnityAddMsgIfSpecified
    unity.o(i.UnityAssertEqualFloatArray) refers to setjmp.o(.text) for longjmp
    unity.o(i.UnityAssertEqualFloatArray) refers to unity.o(i.UnityIsOneArrayNull) for UnityIsOneArrayNull
    unity.o(i.UnityAssertEqualFloatArray) refers to unity.o(i.UnityFloatsWithin) for UnityFloatsWithin
    unity.o(i.UnityAssertEqualFloatArray) refers to unity.o(i.UnityPrintNumberUnsigned) for UnityPrintNumberUnsigned
[...]
    ../clib/fenv.c                           0x00000000   Number         0  _rserrno.o ABSOLUTE
    ../clib/heap1.c                          0x00000000   Number         0  h1_alloc_mt.o ABSOLUTE
    ../clib/heap1.c                          0x00000000   Number         0  h1_final_mt.o ABSOLUTE
    ../clib/heap1.c                          0x00000000   Number         0  h1_extend_mt.o ABSOLUTE
    ../clib/heap1.c                          0x00000000   Number         0  h1_init_mt.o ABSOLUTE
    ../clib/heap1.c                          0x00000000   Number         0  h1_extend.o ABSOLUTE
    ../clib/heap1.c                          0x00000000   Number         0  h1_init.o ABSOLUTE
    ../clib/heap1.c                          0x00000000   Number         0  h1_alloc.o ABSOLUTE
    ../clib/heap1.c                          0x00000000   Number         0  h1_free.o ABSOLUTE
    ../clib/heap1.c                          0x00000000   Number         0  h1_free_mt.o ABSOLUTE
    ../clib/heap1.c                          0x00000000   Number         0  h1_final.o ABSOLUTE
    ../clib/heap2.c                          0x00000000   Number         0  heap2.o ABSOLUTE
    ../clib/heap2.c                          0x00000000   Number         0  fdtree.o ABSOLUTE
    ../clib/heap2.c                          0x00000000   Number         0  heap2mt.o ABSOLUTE
    ../clib/heapalloc.c                      0x00000000   Number         0  heapstubs.o ABSOLUTE
    ../clib/heapalloc.c                      0x00000000   Number         0  hrguard.o ABSOLUTE
    ../clib/heapalloc.c                      0x00000000   Number         0  term_alloc.o ABSOLUTE
    ../clib/heapalloc.c                      0x00000000   Number         0  maybetermalloc2.o ABSOLUTE
    ../clib/heapalloc.c                      0x00000000   Number         0  free.o ABSOLUTE
    ../clib/heapalloc.c                      0x00000000   Number         0  init_alloc.o ABSOLUTE
    ../clib/heapalloc.c                      0x00000000   Number         0  hguard.o ABSOLUTE
    ../clib/heapalloc.c                      0x00000000   Number         0  malloc.o ABSOLUTE
    ../clib/heapalloc.c                      0x00000000   Number         0  maybetermalloc2.o ABSOLUTE
    ../clib/heapalloc.c                      0x00000000   Number         0  maybetermalloc1.o ABSOLUTE
    ../clib/heapalloc.c                      0x00000000   Number         0  maybetermalloc1.o ABSOLUTE
    ../clib/heapaux.c                        0x00000000   Number         0  heapauxi.o ABSOLUTE
    ../clib/heapaux.c                        0x00000000   Number         0  heapauxa.o ABSOLUTE
    ../clib/libinit.s                        0x00000000   Number         0  libshutdown.o ABSOLUTE
    ../clib/libinit.s                        0x00000000   Number         0  libshutdown2.o ABSOLUTE
    ../clib/libinit.s                        0x00000000   Number         0  libinit3.o ABSOLUTE
    ../clib/libinit.s                        0x00000000   Number         0  libinit2.o ABSOLUTE
    ../clib/libinit.s                        0x00000000   Number         0  libinit.o ABSOLUTE
    ../clib/memcpset.s                       0x00000000   Number         0  rt_memcpy_v6.o ABSOLUTE
    ../clib/memcpset.s                       0x00000000   Number         0  rt_memcpy_w.o ABSOLUTE
    ../clib/memcpset.s                       0x00000000   Number         0  rt_memclr_w.o ABSOLUTE
    ../clib/memcpset.s                       0x00000000   Number         0  strcmpv7m.o ABSOLUTE
    ../clib/signal.c                         0x00000000   Number         0  defsig_general.o ABSOLUTE
    ../clib/signal.c                         0x00000000   Number         0  __raise.o ABSOLUTE
    ../clib/signal.c                         0x00000000   Number         0  defsig_rtred_formal.o ABSOLUTE
    ../clib/signal.c                         0x00000000   Number         0  defsig_exit.o ABSOLUTE
    ../clib/signal.c                         0x00000000   Number         0  defsig_rtmem_inner.o ABSOLUTE
    ../clib/signal.c                         0x00000000   Number         0  defsig_abrt_inner.o ABSOLUTE
    ../clib/signal.c                         0x00000000   Number         0  defsig_rtred_outer.o ABSOLUTE
    ../clib/signal.c                         0x00000000   Number         0  defsig_rtmem_outer.o ABSOLUTE
    ../clib/signal.c                         0x00000000   Number         0  defsig_rtmem_formal.o ABSOLUTE
    ../clib/signal.c                         0x00000000   Number         0  defsig_rtred_inner.o ABSOLUTE
    ../clib/signal.c                         0x00000000   Number         0  defsig_fpe_inner.o ABSOLUTE
    ../clib/signal.c                         0x00000000   Number         0  defsig_pvfn_inner.o ABSOLUTE
    ../clib/signal.c                         0x00000000   Number         0  defsig_cppl_inner.o ABSOLUTE
    ../clib/signal.c                         0x00000000   Number         0  defsig_segv_inner.o ABSOLUTE
    ../clib/signal.c                         0x00000000   Number         0  defsig_other.o ABSOLUTE
    ../clib/signal.c                         0x00000000   Number         0  defsig_stak_inner.o ABSOLUTE
    ../clib/signal.s                         0x00000000   Number         0  defsig.o ABSOLUTE
    ../clib/stdio.c                          0x00000000   Number         0  streamlock.o ABSOLUTE
    ../clib/stdio.c                          0x00000000   Number         0  stdio.o ABSOLUTE
    ../clib/stdio.c                          0x00000000   Number         0  fseek.o ABSOLUTE
    ../clib/stdio.c                          0x00000000   Number         0  fopen.o ABSOLUTE
    ../clib/stdio.c                          0x00000000   Number         0  fwritefast_locked.o ABSOLUTE
    ../clib/stdio.c                          0x00000000   Number         0  initio_locked.o ABSOLUTE
    ../clib/stdio.c                          0x00000000   Number         0  fclose.o ABSOLUTE
    ../clib/stdio.c                          0x00000000   Number         0  stdio_streams.o ABSOLUTE
    ../clib/stdio.c                          0x00000000   Number         0  setvbuf_locked.o ABSOLUTE
    ../clib/stdio.c                          0x00000000   Number         0  fopen_locked.o ABSOLUTE
    ../clib/stdio.c                          0x00000000   Number         0  initio.o ABSOLUTE
    ../clib/stdio.c                          0x00000000   Number         0  fputc.o ABSOLUTE
    ../clib/stdio.c                          0x00000000   Number         0  flsbuf.o ABSOLUTE
    ../clib/stdio.c                          0x00000000   Number         0  putc.o ABSOLUTE
    ../clib/stdio.c                          0x00000000   Number         0  fputc_locked.o ABSOLUTE
    ../clib/stdio.c                          0x00000000   Number         0  setvbuf.o ABSOLUTE
    ../clib/stdio.c                          0x00000000   Number         0  fwritefast.o ABSOLUTE
    ../clib/stdio.c                          0x00000000   Number         0  fflush_locked.o ABSOLUTE
    ../clib/stdio.c                          0x00000000   Number         0  fputs_locked.o ABSOLUTE
    ../clib/stdio.c                          0x00000000   Number         0  ftell.o ABSOLUTE
    ../clib/stdio.c                          0x00000000   Number         0  fputs.o ABSOLUTE
    ../clib/stdio.c                          0x00000000   Number         0  fflush.o ABSOLUTE
    ../clib/stdlib.c                         0x00000000   Number         0  exit.o ABSOLUTE
    ../clib/wchar.c                          0x00000000   Number         0  flsbuf_fwide.o ABSOLUTE
    ../fplib/basic.s                         0x00000000   Number         0  basic.o ABSOLUTE
    ../fplib/d2f.s                           0x00000000   Number         0  d2f.o ABSOLUTE
    ../fplib/daddsub.s                       0x00000000   Number         0  daddsub_clz.o ABSOLUTE
    ../fplib/dcheck1.s                       0x00000000   Number         0  dcheck1.o ABSOLUTE
    ../fplib/dcmpi.s                         0x00000000   Number         0  dcmpi.o ABSOLUTE
    ../fplib/ddiv.s                          0x00000000   Number         0  ddiv.o ABSOLUTE
    ../fplib/dfix.s                          0x00000000   Number         0  dfix.o ABSOLUTE
    ../fplib/dflt.s                          0x00000000   Number         0  dflt_clz.o ABSOLUTE
    ../fplib/dleqf.s                         0x00000000   Number         0  dleqf.o ABSOLUTE
    ../fplib/dmul.s                          0x00000000   Number         0  dmul.o ABSOLUTE
    ../fplib/dnaninf.s                       0x00000000   Number         0  dnaninf.o ABSOLUTE
    ../fplib/dretinf.s                       0x00000000   Number         0  dretinf.o ABSOLUTE
    ../fplib/drleqf.s                        0x00000000   Number         0  drleqf.o ABSOLUTE
    ../fplib/dsqrt.s                         0x00000000   Number         0  dsqrt_umaal.o ABSOLUTE
    ../fplib/f2d.s                           0x00000000   Number         0  f2d.o ABSOLUTE
    ../fplib/fnaninf.s                       0x00000000   Number         0  fnaninf.o ABSOLUTE
    ../fplib/fpinit.s                        0x00000000   Number         0  fpinit.o ABSOLUTE
    ../fplib/fretinf.s                       0x00000000   Number         0  fretinf.o ABSOLUTE
    ../fplib/retnan.s                        0x00000000   Number         0  retnan.o ABSOLUTE
    ../fplib/scalbn.s                        0x00000000   Number         0  scalbn.o ABSOLUTE
    ../fplib/setjmp.s                        0x00000000   Number         0  setjmp.o ABSOLUTE
    ../fplib/trapv.s                         0x00000000   Number         0  trapv.o ABSOLUTE
    ../fplib/usenofp.s                       0x00000000   Number         0  usenofp.o ABSOLUTE
    ../mathlib/dunder.c                      0x00000000   Number         0  dunder.o ABSOLUTE
    ../mathlib/fabs.c                        0x00000000   Number         0  fabs.o ABSOLUTE
    ../mathlib/fpclassify.c                  0x00000000   Number         0  fpclassify.o ABSOLUTE
    ../mathlib/poly.c                        0x00000000   Number         0  poly.o ABSOLUTE
    ../mathlib/pow.c                         0x00000000   Number         0  pow_x.o ABSOLUTE
    ../mathlib/pow.c                         0x00000000   Number         0  pow.o ABSOLUTE
    ../mathlib/qnan.c                        0x00000000   Number         0  qnan.o ABSOLUTE
    ../mathlib/sqrt.c                        0x00000000   Number         0  sqrt_x.o ABSOLUTE
    ../mathlib/sqrt.c                        0x00000000   Number         0  sqrt.o ABSOLUTE
    C:\Keil_v5\ARM\PACK\Keil\ARM_Compiler\1.6.0\Source\retarget_io.c 0x00000000   Number         0  retarget_io.o ABSOLUTE
    RTE\Device\ARMCM4_FP\startup_ARMCM4.s    0x00000000   Number         0  startup_armcm4.o ABSOLUTE
    RTE\Device\ARMCM4_FP\system_ARMCM4.c     0x00000000   Number         0  system_armcm4.o ABSOLUTE
    RTE\\Device\\ARMCM4_FP\\system_ARMCM4.c  0x00000000   Number         0  system_armcm4.o ABSOLUTE
    dc.s                                     0x00000000   Number         0  dc.o ABSOLUTE
    lib\unity\unity.c                        0x00000000   Number         0  unity.o ABSOLUTE
    source\workshop6_functions.c             0x00000000   Number         0  workshop6_functions.o ABSOLUTE
    source\workshop6_testFuns.c              0x00000000   Number         0  workshop6_testfuns.o ABSOLUTE
    !!!main                                  0x000003c0   Section        8  __main.o(!!!main)
    !!!scatter                               0x000003c8   Section       52  __scatter.o(!!!scatter)
    !!handler_copy                           0x000003fc   Section       26  __scatter_copy.o(!!handler_copy)
    !!handler_zi                             0x00000418   Section       28  __scatter_zi.o(!!handler_zi)
    .ARM.Collect$$libinit$$00000000          0x00000434   Section        2  libinit.o(.ARM.Collect$$libinit$$00000000)
    .ARM.Collect$$libinit$$00000001          0x00000436   Section        4  libinit2.o(.ARM.Collect$$libinit$$00000001)
    .ARM.Collect$$libinit$$00000004          0x0000043a   Section        0  libinit2.o(.ARM.Collect$$libinit$$00000004)
    .ARM.Collect$$libinit$$00000006          0x0000043a   Section        8  libinit3.o(.ARM.Collect$$libinit$$00000006)
    .ARM.Collect$$libinit$$0000000A          0x00000442   Section        0  libinit2.o(.ARM.Collect$$libinit$$0000000A)
    .ARM.Collect$$libinit$$0000000C          0x00000442   Section        0  libinit2.o(.ARM.Collect$$libinit$$0000000C)
    .ARM.Collect$$libinit$$0000000E          0x00000442   Section        0  libinit2.o(.ARM.Collect$$libinit$$0000000E)
    .ARM.Collect$$libinit$$00000011          0x00000442   Section        0  libinit2.o(.ARM.Collect$$libinit$$00000011)
    .ARM.Collect$$libinit$$00000013          0x00000442   Section        0  libinit2.o(.ARM.Collect$$libinit$$00000013)
    .ARM.Collect$$libinit$$00000015          0x00000442   Section        0  libinit2.o(.ARM.Collect$$libinit$$00000015)
    .ARM.Collect$$libinit$$00000017          0x00000442   Section        0  libinit2.o(.ARM.Collect$$libinit$$00000017)
    .ARM.Collect$$libinit$$00000019          0x00000442   Section        0  libinit2.o(.ARM.Collect$$libinit$$00000019)
    .ARM.Collect$$libinit$$0000001B          0x00000442   Section        0  libinit2.o(.ARM.Collect$$libinit$$0000001B)
    .ARM.Collect$$libinit$$0000001D          0x00000442   Section        0  libinit2.o(.ARM.Collect$$libinit$$0000001D)
    .ARM.Collect$$libinit$$0000001F          0x00000442   Section        0  libinit2.o(.ARM.Collect$$libinit$$0000001F)
    .ARM.Collect$$libinit$$00000021          0x00000442   Section        0  libinit2.o(.ARM.Collect$$libinit$$00000021)
    .ARM.Collect$$libinit$$00000023          0x00000442   Section        0  libinit2.o(.ARM.Collect$$libinit$$00000023)
    .ARM.Collect$$libinit$$00000024          0x00000442   Section        4  libinit2.o(.ARM.Collect$$libinit$$00000024)
    .ARM.Collect$$libinit$$00000025          0x00000446   Section        0  libinit2.o(.ARM.Collect$$libinit$$00000025)
    .ARM.Collect$$libinit$$0000002C          0x00000446   Section        0  libinit2.o(.ARM.Collect$$libinit$$0000002C)
    .ARM.Collect$$libinit$$0000002E          0x00000446   Section        0  libinit2.o(.ARM.Collect$$libinit$$0000002E)
    .ARM.Collect$$libinit$$00000030          0x00000446   Section        0  libinit2.o(.ARM.Collect$$libinit$$00000030)
    .ARM.Collect$$libinit$$00000032          0x00000446   Section        0  libinit2.o(.ARM.Collect$$libinit$$00000032)
    .ARM.Collect$$libinit$$00000033          0x00000446   Section        2  libinit2.o(.ARM.Collect$$libinit$$00000033)
    .ARM.Collect$$libinit$$00002717          0x00000448   Section        8  libinit3.o(.ARM.Collect$$libinit$$00002717)
    __lit__00000000                          0x00000448   Data           4  libinit3.o(.ARM.Collect$$libinit$$00002717)
    __lit__00000001                          0x0000044c   Data           4  libinit3.o(.ARM.Collect$$libinit$$00002717)
    .ARM.Collect$$libshutdown$$00000000      0x00000450   Section        2  libshutdown.o(.ARM.Collect$$libshutdown$$00000000)
    .ARM.Collect$$libshutdown$$00000002      0x00000452   Section        0  libshutdown2.o(.ARM.Collect$$libshutdown$$00000002)
    .ARM.Collect$$libshutdown$$00000003      0x00000452   Section        4  libshutdown2.o(.ARM.Collect$$libshutdown$$00000003)
    .ARM.Collect$$libshutdown$$00000004      0x00000456   Section        0  libshutdown2.o(.ARM.Collect$$libshutdown$$00000004)
    .ARM.Collect$$libshutdown$$00000007      0x00000456   Section        0  libshutdown2.o(.ARM.Collect$$libshutdown$$00000007)
    .ARM.Collect$$libshutdown$$0000000A      0x00000456   Section        0  libshutdown2.o(.ARM.Collect$$libshutdown$$0000000A)
    .ARM.Collect$$libshutdown$$0000000C      0x00000456   Section        0  libshutdown2.o(.ARM.Collect$$libshutdown$$0000000C)
    .ARM.Collect$$libshutdown$$0000000F      0x00000456   Section        0  libshutdown2.o(.ARM.Collect$$libshutdown$$0000000F)
    .ARM.Collect$$libshutdown$$00000010      0x00000456   Section        2  libshutdown2.o(.ARM.Collect$$libshutdown$$00000010)
    .ARM.Collect$$rtentry$$00000000          0x00000458   Section        0  __rtentry.o(.ARM.Collect$$rtentry$$00000000)
    .ARM.Collect$$rtentry$$00000002          0x00000458   Section        0  __rtentry2.o(.ARM.Collect$$rtentry$$00000002)
    .ARM.Collect$$rtentry$$00000005          0x00000458   Section        4  __rtentry5.o(.ARM.Collect$$rtentry$$00000005)
    .ARM.Collect$$rtentry$$00000009          0x0000045c   Section        0  __rtentry2.o(.ARM.Collect$$rtentry$$00000009)
    .ARM.Collect$$rtentry$$0000000A          0x0000045c   Section        4  __rtentry2.o(.ARM.Collect$$rtentry$$0000000A)
    .ARM.Collect$$rtentry$$0000000C          0x00000460   Section        0  __rtentry2.o(.ARM.Collect$$rtentry$$0000000C)
    .ARM.Collect$$rtentry$$0000000D          0x00000460   Section        8  __rtentry2.o(.ARM.Collect$$rtentry$$0000000D)
    .ARM.Collect$$rtentry$$00002716          0x00000468   Section        4  __rtentry5.o(.ARM.Collect$$rtentry$$00002716)
    __lit__00000000                          0x00000468   Data           4  __rtentry5.o(.ARM.Collect$$rtentry$$00002716)
    .ARM.Collect$$rtexit$$00000000           0x0000046c   Section        2  rtexit.o(.ARM.Collect$$rtexit$$00000000)
    .ARM.Collect$$rtexit$$00000002           0x0000046e   Section        0  rtexit2.o(.ARM.Collect$$rtexit$$00000002)
    .ARM.Collect$$rtexit$$00000003           0x0000046e   Section        4  rtexit2.o(.ARM.Collect$$rtexit$$00000003)
    .ARM.Collect$$rtexit$$00000004           0x00000472   Section        6  rtexit2.o(.ARM.Collect$$rtexit$$00000004)
    .emb_text                                0x00000478   Section        0  maybetermalloc1.o(.emb_text)
    .text                                    0x00000478   Section       56  startup_armcm4.o(.text)
    $v0                                      0x00000478   Number         0  startup_armcm4.o(.text)
    .text                                    0x000004b0   Section        0  putc.o(.text)
    .text                                    0x000004b4   Section      128  strcmpv7m.o(.text)
    .text                                    0x00000534   Section       98  setjmp.o(.text)
    $v0                                      0x00000534   Number         0  setjmp.o(.text)
    .text                                    0x00000596   Section        0  _rserrno.o(.text)
    .text                                    0x000005ac   Section        0  initio.o(.text)
    .text                                    0x000006e4   Section        8  rt_errno_addr_intlibspace.o(.text)
    .text                                    0x000006ec   Section        0  h1_free.o(.text)
    .text                                    0x0000073a   Section        0  flsbuf.o(.text)
    .text                                    0x00000910   Section        0  setvbuf.o(.text)
    .text                                    0x00000958   Section        0  fopen.o(.text)
    _freopen_locked                          0x00000959   Thumb Code     0  fopen.o(.text)
    .text                                    0x00000a44   Section        0  fclose.o(.text)
    .text                                    0x00000a90   Section        0  defsig_rtred_outer.o(.text)
    .text                                    0x00000a9e   Section       78  rt_memclr_w.o(.text)
    .text                                    0x00000aec   Section        8  rt_heap_descriptor_intlibspace.o(.text)
    .text                                    0x00000af4   Section        0  hguard.o(.text)
    .text                                    0x00000af8   Section        0  init_alloc.o(.text)
    .text                                    0x00000b82   Section        0  h1_alloc.o(.text)
    .text                                    0x00000be0   Section        0  fseek.o(.text)
    .text                                    0x00000cd8   Section        0  stdio.o(.text)
    .text                                    0x00000dc8   Section        0  exit.o(.text)
    .text                                    0x00000dda   Section        0  defsig_exit.o(.text)
    .text                                    0x00000de4   Section        0  defsig_rtred_inner.o(.text)
    .text                                    0x00000e18   Section        0  sys_exit.o(.text)
    .text                                    0x00000e24   Section        0  h1_init.o(.text)
    .text                                    0x00000e32   Section        0  h1_extend.o(.text)
    .text                                    0x00000e66   Section        0  ftell.o(.text)
    .text                                    0x00000ea8   Section        0  defsig_general.o(.text)
    .text                                    0x00000eda   Section        0  defsig_rtmem_outer.o(.text)
    .text                                    0x00000ee8   Section        0  heapauxa.o(.text)
    .text                                    0x00000f38   Section        0  sys_wrch.o(.text)
    .text                                    0x00000f46   Section        2  use_no_semi.o(.text)
    .text                                    0x00000f48   Section        0  defsig_rtmem_inner.o(.text)
    .text                                    0x00000f48   Section        0  indicate_semi.o(.text)
    i.ITM_SendChar                           0x00000f98   Section        0  retarget_io.o(i.ITM_SendChar)
    i.SystemInit                             0x00000fc8   Section        0  system_armcm4.o(i.SystemInit)
    i.UnityAddMsgIfSpecified                 0x00000ff8   Section        0  unity.o(i.UnityAddMsgIfSpecified)
    UnityAddMsgIfSpecified                   0x00000ff9   Thumb Code    66  unity.o(i.UnityAddMsgIfSpecified)
    i.UnityAssertEqualIntArray               0x0000104c   Section        0  unity.o(i.UnityAssertEqualIntArray)
    i.UnityAssertFloatsWithin                0x0000118c   Section        0  unity.o(i.UnityAssertFloatsWithin)
    i.UnityBegin                             0x00001210   Section        0  unity.o(i.UnityBegin)
    i.UnityConcludeTest                      0x00001230   Section        0  unity.o(i.UnityConcludeTest)
    i.UnityDefaultTestRun                    0x00001284   Section        0  unity.o(i.UnityDefaultTestRun)
    i.UnityEnd                               0x000012c8   Section        0  unity.o(i.UnityEnd)
    i.UnityFloatsWithin                      0x00001354   Section        0  unity.o(i.UnityFloatsWithin)
    UnityFloatsWithin                        0x00001355   Thumb Code   184  unity.o(i.UnityFloatsWithin)
    i.UnityIsOneArrayNull                    0x0000140c   Section        0  unity.o(i.UnityIsOneArrayNull)
    UnityIsOneArrayNull                      0x0000140d   Thumb Code    74  unity.o(i.UnityIsOneArrayNull)
    i.UnityPrint                             0x00001460   Section        0  unity.o(i.UnityPrint)
    i.UnityPrintChar                         0x0000147c   Section        0  unity.o(i.UnityPrintChar)
    UnityPrintChar                           0x0000147d   Thumb Code   100  unity.o(i.UnityPrintChar)
    i.UnityPrintFloat                        0x000014e4   Section        0  unity.o(i.UnityPrintFloat)
    i.UnityPrintNumber                       0x000017d0   Section        0  unity.o(i.UnityPrintNumber)
    i.UnityPrintNumberByStyle                0x000017f0   Section        0  unity.o(i.UnityPrintNumberByStyle)
    i.UnityPrintNumberHex                    0x00001838   Section        0  unity.o(i.UnityPrintNumberHex)
    i.UnityPrintNumberUnsigned               0x00001884   Section        0  unity.o(i.UnityPrintNumberUnsigned)
    i.UnityTestResultsBegin                  0x000018c8   Section        0  unity.o(i.UnityTestResultsBegin)
    UnityTestResultsBegin                    0x000018c9   Thumb Code    52  unity.o(i.UnityTestResultsBegin)
    i.UnityTestResultsFailBegin              0x00001904   Section        0  unity.o(i.UnityTestResultsFailBegin)
    UnityTestResultsFailBegin                0x00001905   Thumb Code    30  unity.o(i.UnityTestResultsFailBegin)
    i.__ARM_fpclassify                       0x00001930   Section        0  fpclassify.o(i.__ARM_fpclassify)
    i.__ARM_isinff                           0x00001960   Section        0  unity.o(i.__ARM_isinff)
    __ARM_isinff                             0x00001961   Thumb Code    20  unity.o(i.__ARM_isinff)
    i.__ARM_isnanf                           0x00001974   Section        0  unity.o(i.__ARM_isnanf)
    __ARM_isnanf                             0x00001975   Thumb Code    14  unity.o(i.__ARM_isnanf)
    i.__hardfp_pow                           0x00001988   Section        0  pow.o(i.__hardfp_pow)
    i.__kernel_poly                          0x000025d8   Section        0  poly.o(i.__kernel_poly)
    i.__mathlib_dbl_divzero                  0x000026d0   Section        0  dunder.o(i.__mathlib_dbl_divzero)
    i.__mathlib_dbl_infnan2                  0x00002700   Section        0  dunder.o(i.__mathlib_dbl_infnan2)
    i.__mathlib_dbl_invalid                  0x00002718   Section        0  dunder.o(i.__mathlib_dbl_invalid)
    i.__mathlib_dbl_overflow                 0x00002738   Section        0  dunder.o(i.__mathlib_dbl_overflow)
    i.__mathlib_dbl_underflow                0x00002758   Section        0  dunder.o(i.__mathlib_dbl_underflow)
    i._sys_close                             0x00002778   Section        0  retarget_io.o(i._sys_close)
    i._sys_flen                              0x0000279e   Section        0  retarget_io.o(i._sys_flen)
    i._sys_istty                             0x000027c2   Section        0  retarget_io.o(i._sys_istty)
    i._sys_open                              0x000027e8   Section        0  retarget_io.o(i._sys_open)
    i._sys_seek                              0x00002850   Section        0  retarget_io.o(i._sys_seek)
    i._sys_write                             0x0000287c   Section        0  retarget_io.o(i._sys_write)
    i.fabs                                   0x000028c2   Section        0  fabs.o(i.fabs)
    i.fields_to_hp_float                     0x000028dc   Section        0  workshop6_functions.o(i.fields_to_hp_float)
    i.fputc                                  0x00002a4c   Section        0  fputc.o(i.fputc)
    i.hp_float_to_fields                     0x00002a68   Section        0  workshop6_functions.o(i.hp_float_to_fields)
    i.main                                   0x00002c84   Section        0  workshop6_testfuns.o(i.main)
    i.setUp                                  0x00002cfc   Section        0  unity.o(i.setUp)
    i.sqrt                                   0x00002cfe   Section        0  sqrt.o(i.sqrt)
    i.stdout_putchar                         0x00002d6c   Section        0  retarget_io.o(i.stdout_putchar)
    stdout_putchar                           0x00002d6d   Thumb Code    12  retarget_io.o(i.stdout_putchar)
    i.tearDown                               0x00002d78   Section        0  unity.o(i.tearDown)
    i.test_fields_to_hp_float                0x00002d7c   Section        0  workshop6_testfuns.o(i.test_fields_to_hp_float)
    i.test_hp_float_to_fields                0x00002e7c   Section        0  workshop6_testfuns.o(i.test_hp_float_to_fields)
    x$fpl$basic                              0x00002fe4   Section       24  basic.o(x$fpl$basic)
    $v0                                      0x00002fe4   Number         0  basic.o(x$fpl$basic)
    x$fpl$d2f                                0x00002ffc   Section       98  d2f.o(x$fpl$d2f)
    $v0                                      0x00002ffc   Number         0  d2f.o(x$fpl$d2f)
    x$fpl$dadd                               0x00003060   Section      336  daddsub_clz.o(x$fpl$dadd)
    $v0                                      0x00003060   Number         0  daddsub_clz.o(x$fpl$dadd)
    _dadd1                                   0x00003071   Thumb Code     0  daddsub_clz.o(x$fpl$dadd)
    x$fpl$dcheck1                            0x000031b0   Section       16  dcheck1.o(x$fpl$dcheck1)
    $v0                                      0x000031b0   Number         0  dcheck1.o(x$fpl$dcheck1)
    x$fpl$dcmpinf                            0x000031c0   Section       24  dcmpi.o(x$fpl$dcmpinf)
    $v0                                      0x000031c0   Number         0  dcmpi.o(x$fpl$dcmpinf)
    x$fpl$ddiv                               0x000031d8   Section      688  ddiv.o(x$fpl$ddiv)
    $v0                                      0x000031d8   Number         0  ddiv.o(x$fpl$ddiv)
    ddiv_entry                               0x000031df   Thumb Code     0  ddiv.o(x$fpl$ddiv)
    x$fpl$dfix                               0x00003488   Section       94  dfix.o(x$fpl$dfix)
    $v0                                      0x00003488   Number         0  dfix.o(x$fpl$dfix)
    x$fpl$dflt                               0x000034e6   Section       46  dflt_clz.o(x$fpl$dflt)
    $v0                                      0x000034e6   Number         0  dflt_clz.o(x$fpl$dflt)
    x$fpl$dfltu                              0x00003514   Section       38  dflt_clz.o(x$fpl$dfltu)
    $v0                                      0x00003514   Number         0  dflt_clz.o(x$fpl$dfltu)
    x$fpl$dleqf                              0x0000353c   Section      120  dleqf.o(x$fpl$dleqf)
    $v0                                      0x0000353c   Number         0  dleqf.o(x$fpl$dleqf)
    x$fpl$dmul                               0x000035b4   Section      340  dmul.o(x$fpl$dmul)
    $v0                                      0x000035b4   Number         0  dmul.o(x$fpl$dmul)
    x$fpl$dnaninf                            0x00003708   Section      156  dnaninf.o(x$fpl$dnaninf)
    $v0                                      0x00003708   Number         0  dnaninf.o(x$fpl$dnaninf)
    x$fpl$dretinf                            0x000037a4   Section       12  dretinf.o(x$fpl$dretinf)
    $v0                                      0x000037a4   Number         0  dretinf.o(x$fpl$dretinf)
    x$fpl$drleqf                             0x000037b0   Section      108  drleqf.o(x$fpl$drleqf)
    $v0                                      0x000037b0   Number         0  drleqf.o(x$fpl$drleqf)
    x$fpl$drsb                               0x0000381c   Section       22  daddsub_clz.o(x$fpl$drsb)
    $v0                                      0x0000381c   Number         0  daddsub_clz.o(x$fpl$drsb)
    x$fpl$dsqrt                              0x00003834   Section      408  dsqrt_umaal.o(x$fpl$dsqrt)
    $v0                                      0x00003834   Number         0  dsqrt_umaal.o(x$fpl$dsqrt)
    x$fpl$dsub                               0x000039cc   Section      468  daddsub_clz.o(x$fpl$dsub)
    $v0                                      0x000039cc   Number         0  daddsub_clz.o(x$fpl$dsub)
    _dsub1                                   0x000039dd   Thumb Code     0  daddsub_clz.o(x$fpl$dsub)
    x$fpl$f2d                                0x00003ba0   Section       86  f2d.o(x$fpl$f2d)
    $v0                                      0x00003ba0   Number         0  f2d.o(x$fpl$f2d)
    x$fpl$fnaninf                            0x00003bf6   Section      140  fnaninf.o(x$fpl$fnaninf)
    $v0                                      0x00003bf6   Number         0  fnaninf.o(x$fpl$fnaninf)
    x$fpl$fpinit                             0x00003c82   Section       10  fpinit.o(x$fpl$fpinit)
    $v0                                      0x00003c82   Number         0  fpinit.o(x$fpl$fpinit)
    x$fpl$fretinf                            0x00003c8c   Section       10  fretinf.o(x$fpl$fretinf)
    $v0                                      0x00003c8c   Number         0  fretinf.o(x$fpl$fretinf)
    x$fpl$retnan                             0x00003c96   Section      100  retnan.o(x$fpl$retnan)
    $v0                                      0x00003c96   Number         0  retnan.o(x$fpl$retnan)
    x$fpl$scalbn                             0x00003cfa   Section       92  scalbn.o(x$fpl$scalbn)
    $v0                                      0x00003cfa   Number         0  scalbn.o(x$fpl$scalbn)
    x$fpl$trapveneer                         0x00003d56   Section       48  trapv.o(x$fpl$trapveneer)
    $v0                                      0x00003d56   Number         0  trapv.o(x$fpl$trapveneer)
    x$fpl$usenofp                            0x00003d86   Section        0  usenofp.o(x$fpl$usenofp)
    .constdata                               0x00003d88   Section       38  workshop6_testfuns.o(.constdata)
    .constdata                               0x00003db0   Section      520  unity.o(.constdata)
    UnityStrOk                               0x00003db0   Data           3  unity.o(.constdata)
    UnityStrPass                             0x00003db3   Data           5  unity.o(.constdata)
    UnityStrFail                             0x00003db8   Data           5  unity.o(.constdata)
    UnityStrIgnore                           0x00003dbd   Data           7  unity.o(.constdata)
    UnityStrNull                             0x00003dc4   Data           5  unity.o(.constdata)
    UnityStrSpacer                           0x00003dc9   Data           3  unity.o(.constdata)
    UnityStrExpected                         0x00003dcc   Data          11  unity.o(.constdata)
    UnityStrWas                              0x00003dd7   Data           6  unity.o(.constdata)
    UnityStrGt                               0x00003ddd   Data          21  unity.o(.constdata)
    UnityStrLt                               0x00003df2   Data          18  unity.o(.constdata)
    UnityStrOrEqual                          0x00003e04   Data          13  unity.o(.constdata)
    UnityStrElement                          0x00003e11   Data          10  unity.o(.constdata)
    UnityStrByte                             0x00003e1b   Data           7  unity.o(.constdata)
    UnityStrMemory                           0x00003e22   Data          18  unity.o(.constdata)
    UnityStrDelta                            0x00003e34   Data          26  unity.o(.constdata)
    UnityStrPointless                        0x00003e4e   Data          55  unity.o(.constdata)
    UnityStrNullPointerForExpected           0x00003e85   Data          29  unity.o(.constdata)
    UnityStrNullPointerForActual             0x00003ea2   Data          25  unity.o(.constdata)
    UnityStrNot                              0x00003ebb   Data           5  unity.o(.constdata)
    UnityStrInf                              0x00003ec0   Data           9  unity.o(.constdata)
    UnityStrNegInf                           0x00003ec9   Data          18  unity.o(.constdata)
    UnityStrNaN                              0x00003edb   Data           4  unity.o(.constdata)
    UnityStrDet                              0x00003edf   Data          12  unity.o(.constdata)
    UnityStrInvalidFloatTrait                0x00003eeb   Data          20  unity.o(.constdata)
    UnityStrBreaker                          0x00003f5b   Data          24  unity.o(.constdata)
    UnityStrResultsTests                     0x00003f73   Data           8  unity.o(.constdata)
    UnityStrResultsFailures                  0x00003f7b   Data          11  unity.o(.constdata)
    UnityStrResultsIgnored                   0x00003f86   Data          10  unity.o(.constdata)
    UnityStrDetail1Name                      0x00003f90   Data          10  unity.o(.constdata)
    UnityStrDetail2Name                      0x00003f9a   Data          11  unity.o(.constdata)
    .constdata                               0x00003fb8   Section       23  retarget_io.o(.constdata)
    .constdata                               0x00003fd0   Section      136  pow.o(.constdata)
    bp                                       0x00003fd0   Data          16  pow.o(.constdata)
    dp_h                                     0x00003fe0   Data          16  pow.o(.constdata)
    dp_l                                     0x00003ff0   Data          16  pow.o(.constdata)
    L                                        0x00004000   Data          48  pow.o(.constdata)
    P                                        0x00004030   Data          40  pow.o(.constdata)
    .constdata                               0x00004058   Section        8  qnan.o(.constdata)
    .data                                    0x20000000   Section        4  system_armcm4.o(.data)
    .data                                    0x20000004   Section        4  stdio_streams.o(.data)
    .data                                    0x20000008   Section        4  stdio_streams.o(.data)
    .data                                    0x2000000c   Section        4  stdio_streams.o(.data)
    .data                                    0x20000010   Section        4  heapauxa.o(.data)
    __rt_heap_escrow_base                    0x20000010   Data           4  heapauxa.o(.data)
    .bss                                     0x20000018   Section      200  unity.o(.bss)
    .bss                                     0x200000e0   Section       84  stdio_streams.o(.bss)
    .bss                                     0x20000134   Section       84  stdio_streams.o(.bss)
    .bss                                     0x20000188   Section       84  stdio_streams.o(.bss)
    .bss                                     0x200001dc   Section       96  libspace.o(.bss)
    HEAP                                     0x20000240   Section     3072  startup_armcm4.o(HEAP)
    STACK                                    0x20000e40   Section     1024  startup_armcm4.o(STACK)

    Global Symbols

    Symbol Name                              Value     Ov Type        Size  Object(Section)

    BuildAttributes$$THM_ISAv4$E$P$D$K$B$S$7EM$VFPi3$EXTD16$VFPS$VFMA$PE$A:L22UL41UL21$X:L11$S22US41US21$IEEE1$IW$USESV6$~STKCKD$USESV7$~SHL$OTIME$ROPI$IEEEX$EBA8$UX$STANDARDLIB$REQ8$PRES8$EABIv2 0x00000000   Number         0  anon$$obj.o ABSOLUTE
    __ARM_use_no_argv                        0x00000000   Number         0  workshop6_testfuns.o ABSOLUTE
    __Vectors                                0x00000000   Data           4  startup_armcm4.o(RESET)
    Image$$ZI$$Limit                          - Undefined Weak Reference
    __ARM_exceptions_init                     - Undefined Weak Reference
    __alloca_initialize                       - Undefined Weak Reference
    __alloca_longjmp                          - Undefined Weak Reference
    __alloca_setjmp                           - Undefined Weak Reference
    __arm_preinit_                            - Undefined Weak Reference
    __cpp_initialize__aeabi_                  - Undefined Weak Reference
    __cxa_finalize                            - Undefined Weak Reference
    __rt_locale                               - Undefined Weak Reference
    __sigvec_lookup                           - Undefined Weak Reference
    __user_heap_extent                        - Undefined Weak Reference
    _atexit_init                              - Undefined Weak Reference
    _call_atexit_fns                          - Undefined Weak Reference
    _clock_init                               - Undefined Weak Reference
    _fp_trap_init                             - Undefined Weak Reference
    _fp_trap_shutdown                         - Undefined Weak Reference
    _get_lc_collate                           - Undefined Weak Reference
    _get_lc_ctype                             - Undefined Weak Reference
    _get_lc_monetary                          - Undefined Weak Reference
    _get_lc_numeric                           - Undefined Weak Reference
    _get_lc_time                              - Undefined Weak Reference
    _getenv_init                              - Undefined Weak Reference
    _handle_redirection                       - Undefined Weak Reference
    _mutex_acquire                            - Undefined Weak Reference
    _mutex_free                               - Undefined Weak Reference
    _mutex_release                            - Undefined Weak Reference
    _rand_init                                - Undefined Weak Reference
    _signal_finish                            - Undefined Weak Reference
    _signal_init                              - Undefined Weak Reference
    __Vectors_End                            0x000003c0   Data           0  startup_armcm4.o(RESET)
    __Vectors_Size                           0x000003c0   Number         0  startup_armcm4.o ABSOLUTE
    __main                                   0x000003c1   Thumb Code     8  __main.o(!!!main)
    __scatterload                            0x000003c9   Thumb Code     0  __scatter.o(!!!scatter)
    __scatterload_rt2                        0x000003c9   Thumb Code    44  __scatter.o(!!!scatter)
    __scatterload_rt2_thumb_only             0x000003c9   Thumb Code     0  __scatter.o(!!!scatter)
    __scatterload_null                       0x000003d7   Thumb Code     0  __scatter.o(!!!scatter)
    __scatterload_copy                       0x000003fd   Thumb Code    26  __scatter_copy.o(!!handler_copy)
    __scatterload_zeroinit                   0x00000419   Thumb Code    28  __scatter_zi.o(!!handler_zi)
    __rt_lib_init                            0x00000435   Thumb Code     0  libinit.o(.ARM.Collect$$libinit$$00000000)
    __rt_lib_init_fp_1                       0x00000437   Thumb Code     0  libinit2.o(.ARM.Collect$$libinit$$00000001)
    __rt_lib_init_heap_2                     0x0000043b   Thumb Code     0  libinit3.o(.ARM.Collect$$libinit$$00000006)
    __rt_lib_init_preinit_1                  0x0000043b   Thumb Code     0  libinit2.o(.ARM.Collect$$libinit$$00000004)
    __rt_lib_init_atexit_1                   0x00000443   Thumb Code     0  libinit2.o(.ARM.Collect$$libinit$$0000001B)
    __rt_lib_init_clock_1                    0x00000443   Thumb Code     0  libinit2.o(.ARM.Collect$$libinit$$00000021)
    __rt_lib_init_fp_trap_1                  0x00000443   Thumb Code     0  libinit2.o(.ARM.Collect$$libinit$$0000001F)
    __rt_lib_init_getenv_1                   0x00000443   Thumb Code     0  libinit2.o(.ARM.Collect$$libinit$$00000023)
    __rt_lib_init_heap_1                     0x00000443   Thumb Code     0  libinit2.o(.ARM.Collect$$libinit$$0000000A)
    __rt_lib_init_lc_collate_1               0x00000443   Thumb Code     0  libinit2.o(.ARM.Collect$$libinit$$00000011)
    __rt_lib_init_lc_ctype_1                 0x00000443   Thumb Code     0  libinit2.o(.ARM.Collect$$libinit$$00000013)
    __rt_lib_init_lc_monetary_1              0x00000443   Thumb Code     0  libinit2.o(.ARM.Collect$$libinit$$00000015)
    __rt_lib_init_lc_numeric_1               0x00000443   Thumb Code     0  libinit2.o(.ARM.Collect$$libinit$$00000017)
    __rt_lib_init_lc_time_1                  0x00000443   Thumb Code     0  libinit2.o(.ARM.Collect$$libinit$$00000019)
    __rt_lib_init_rand_1                     0x00000443   Thumb Code     0  libinit2.o(.ARM.Collect$$libinit$$0000000E)
    __rt_lib_init_signal_1                   0x00000443   Thumb Code     0  libinit2.o(.ARM.Collect$$libinit$$0000001D)
    __rt_lib_init_stdio_2                    0x00000443   Thumb Code     0  libinit2.o(.ARM.Collect$$libinit$$00000024)
    __rt_lib_init_user_alloc_1               0x00000443   Thumb Code     0  libinit2.o(.ARM.Collect$$libinit$$0000000C)
    __rt_lib_init_alloca_1                   0x00000447   Thumb Code     0  libinit2.o(.ARM.Collect$$libinit$$0000002E)
    __rt_lib_init_argv_1                     0x00000447   Thumb Code     0  libinit2.o(.ARM.Collect$$libinit$$0000002C)
    __rt_lib_init_cpp_1                      0x00000447   Thumb Code     0  libinit2.o(.ARM.Collect$$libinit$$00000032)
    __rt_lib_init_exceptions_1               0x00000447   Thumb Code     0  libinit2.o(.ARM.Collect$$libinit$$00000030)
    __rt_lib_init_return                     0x00000447   Thumb Code     0  libinit2.o(.ARM.Collect$$libinit$$00000033)
    __rt_lib_init_stdio_1                    0x00000447   Thumb Code     0  libinit2.o(.ARM.Collect$$libinit$$00000025)
    __rt_lib_shutdown                        0x00000451   Thumb Code     0  libshutdown.o(.ARM.Collect$$libshutdown$$00000000)
    __rt_lib_shutdown_cpp_1                  0x00000453   Thumb Code     0  libshutdown2.o(.ARM.Collect$$libshutdown$$00000002)
    __rt_lib_shutdown_stdio_2                0x00000453   Thumb Code     0  libshutdown2.o(.ARM.Collect$$libshutdown$$00000003)
    __rt_lib_shutdown_fp_trap_1              0x00000457   Thumb Code     0  libshutdown2.o(.ARM.Collect$$libshutdown$$00000007)
    __rt_lib_shutdown_heap_1                 0x00000457   Thumb Code     0  libshutdown2.o(.ARM.Collect$$libshutdown$$0000000F)
    __rt_lib_shutdown_return                 0x00000457   Thumb Code     0  libshutdown2.o(.ARM.Collect$$libshutdown$$00000010)
    __rt_lib_shutdown_signal_1               0x00000457   Thumb Code     0  libshutdown2.o(.ARM.Collect$$libshutdown$$0000000A)
    __rt_lib_shutdown_stdio_1                0x00000457   Thumb Code     0  libshutdown2.o(.ARM.Collect$$libshutdown$$00000004)
    __rt_lib_shutdown_user_alloc_1           0x00000457   Thumb Code     0  libshutdown2.o(.ARM.Collect$$libshutdown$$0000000C)
    __rt_entry                               0x00000459   Thumb Code     0  __rtentry.o(.ARM.Collect$$rtentry$$00000000)
    __rt_entry_presh_1                       0x00000459   Thumb Code     0  __rtentry2.o(.ARM.Collect$$rtentry$$00000002)
    __rt_entry_sh                            0x00000459   Thumb Code     0  __rtentry5.o(.ARM.Collect$$rtentry$$00000005)
    __rt_entry_li                            0x0000045d   Thumb Code     0  __rtentry2.o(.ARM.Collect$$rtentry$$0000000A)
    __rt_entry_postsh_1                      0x0000045d   Thumb Code     0  __rtentry2.o(.ARM.Collect$$rtentry$$00000009)
    __rt_entry_main                          0x00000461   Thumb Code     0  __rtentry2.o(.ARM.Collect$$rtentry$$0000000D)
    __rt_entry_postli_1                      0x00000461   Thumb Code     0  __rtentry2.o(.ARM.Collect$$rtentry$$0000000C)
    __rt_exit                                0x0000046d   Thumb Code     0  rtexit.o(.ARM.Collect$$rtexit$$00000000)
    __rt_exit_ls                             0x0000046f   Thumb Code     0  rtexit2.o(.ARM.Collect$$rtexit$$00000003)
    __rt_exit_prels_1                        0x0000046f   Thumb Code     0  rtexit2.o(.ARM.Collect$$rtexit$$00000002)
    __rt_exit_exit                           0x00000473   Thumb Code     0  rtexit2.o(.ARM.Collect$$rtexit$$00000004)
    Reset_Handler                            0x00000479   Thumb Code     8  startup_armcm4.o(.text)
    _maybe_terminate_alloc                   0x00000479   Thumb Code     0  maybetermalloc1.o(.emb_text)
    NMI_Handler                              0x00000481   Thumb Code     2  startup_armcm4.o(.text)
    HardFault_Handler                        0x00000483   Thumb Code     2  startup_armcm4.o(.text)
    MemManage_Handler                        0x00000485   Thumb Code     2  startup_armcm4.o(.text)
    BusFault_Handler                         0x00000487   Thumb Code     2  startup_armcm4.o(.text)
    UsageFault_Handler                       0x00000489   Thumb Code     2  startup_armcm4.o(.text)
    SVC_Handler                              0x0000048b   Thumb Code     2  startup_armcm4.o(.text)
    DebugMon_Handler                         0x0000048d   Thumb Code     2  startup_armcm4.o(.text)
    PendSV_Handler                           0x0000048f   Thumb Code     2  startup_armcm4.o(.text)
    SysTick_Handler                          0x00000491   Thumb Code     2  startup_armcm4.o(.text)
    Interrupt0_Handler                       0x00000493   Thumb Code     2  startup_armcm4.o(.text)
    Interrupt1_Handler                       0x00000495   Thumb Code     2  startup_armcm4.o(.text)
    Interrupt2_Handler                       0x00000497   Thumb Code     2  startup_armcm4.o(.text)
    Interrupt3_Handler                       0x00000499   Thumb Code     2  startup_armcm4.o(.text)
    Interrupt4_Handler                       0x0000049b   Thumb Code     2  startup_armcm4.o(.text)
    Interrupt5_Handler                       0x0000049d   Thumb Code     2  startup_armcm4.o(.text)
    Interrupt6_Handler                       0x0000049f   Thumb Code     2  startup_armcm4.o(.text)
    Interrupt7_Handler                       0x000004a1   Thumb Code     2  startup_armcm4.o(.text)
    Interrupt8_Handler                       0x000004a3   Thumb Code     2  startup_armcm4.o(.text)
    Interrupt9_Handler                       0x000004a5   Thumb Code     2  startup_armcm4.o(.text)
    putc                                     0x000004b1   Thumb Code     4  putc.o(.text)
    strcmp                                   0x000004b5   Thumb Code   128  strcmpv7m.o(.text)
    setjmp                                   0x00000535   Thumb Code    42  setjmp.o(.text)
    longjmp                                  0x0000055f   Thumb Code    56  setjmp.o(.text)
    __read_errno                             0x00000597   Thumb Code    10  _rserrno.o(.text)
    __set_errno                              0x000005a1   Thumb Code    12  _rserrno.o(.text)
    _initio                                  0x000005ad   Thumb Code   210  initio.o(.text)
    _terminateio                             0x0000067f   Thumb Code    56  initio.o(.text)
    __aeabi_errno_addr                       0x000006e5   Thumb Code     8  rt_errno_addr_intlibspace.o(.text)
    __errno$intlibspace                      0x000006e5   Thumb Code     0  rt_errno_addr_intlibspace.o(.text)
    __rt_errno_addr$intlibspace              0x000006e5   Thumb Code     0  rt_errno_addr_intlibspace.o(.text)
    free                                     0x000006ed   Thumb Code    78  h1_free.o(.text)
    __flsbuf                                 0x0000073b   Thumb Code   470  flsbuf.o(.text)
    __flsbuf_byte                            0x0000073b   Thumb Code     0  flsbuf.o(.text)
    __flsbuf_wide                            0x0000073b   Thumb Code     0  flsbuf.o(.text)
    setvbuf                                  0x00000911   Thumb Code    70  setvbuf.o(.text)
    freopen                                  0x00000959   Thumb Code   158  fopen.o(.text)
    fopen                                    0x000009f7   Thumb Code    74  fopen.o(.text)
    _fclose_internal                         0x00000a45   Thumb Code    76  fclose.o(.text)
    fclose                                   0x00000a45   Thumb Code     0  fclose.o(.text)
    __rt_SIGRTRED                            0x00000a91   Thumb Code    14  defsig_rtred_outer.o(.text)
    __aeabi_memclr4                          0x00000a9f   Thumb Code     0  rt_memclr_w.o(.text)
    __aeabi_memclr8                          0x00000a9f   Thumb Code     0  rt_memclr_w.o(.text)
    __rt_memclr_w                            0x00000a9f   Thumb Code    78  rt_memclr_w.o(.text)
    _memset_w                                0x00000aa3   Thumb Code     0  rt_memclr_w.o(.text)
    __rt_heap_descriptor                     0x00000aed   Thumb Code     8  rt_heap_descriptor_intlibspace.o(.text)
    __use_no_heap                            0x00000af5   Thumb Code     2  hguard.o(.text)
    __heap$guard                             0x00000af7   Thumb Code     2  hguard.o(.text)
    _terminate_user_alloc                    0x00000af9   Thumb Code     2  init_alloc.o(.text)
    _init_user_alloc                         0x00000afb   Thumb Code     2  init_alloc.o(.text)
    __Heap_Full                              0x00000afd   Thumb Code    34  init_alloc.o(.text)
    __Heap_Broken                            0x00000b1f   Thumb Code     6  init_alloc.o(.text)
    _init_alloc                              0x00000b25   Thumb Code    94  init_alloc.o(.text)
    malloc                                   0x00000b83   Thumb Code    94  h1_alloc.o(.text)
    _fseek                                   0x00000be1   Thumb Code   242  fseek.o(.text)
    fseek                                    0x00000be1   Thumb Code     0  fseek.o(.text)
    _seterr                                  0x00000cd9   Thumb Code    20  stdio.o(.text)
    _writebuf                                0x00000ced   Thumb Code    84  stdio.o(.text)
    _fflush                                  0x00000d41   Thumb Code    70  stdio.o(.text)
    _deferredlazyseek                        0x00000d87   Thumb Code    60  stdio.o(.text)
    exit                                     0x00000dc9   Thumb Code    18  exit.o(.text)
    __sig_exit                               0x00000ddb   Thumb Code    10  defsig_exit.o(.text)
    __rt_SIGRTRED_inner                      0x00000de5   Thumb Code    14  defsig_rtred_inner.o(.text)
    _sys_exit                                0x00000e19   Thumb Code     8  sys_exit.o(.text)
    __Heap_Initialize                        0x00000e25   Thumb Code    10  h1_init.o(.text)
    __Heap_DescSize                          0x00000e2f   Thumb Code     4  h1_init.o(.text)
    __Heap_ProvideMemory                     0x00000e33   Thumb Code    52  h1_extend.o(.text)
    _ftell_internal                          0x00000e67   Thumb Code    66  ftell.o(.text)
    ftell                                    0x00000e67   Thumb Code     0  ftell.o(.text)
    __default_signal_display                 0x00000ea9   Thumb Code    50  defsig_general.o(.text)
    __rt_SIGRTMEM                            0x00000edb   Thumb Code    14  defsig_rtmem_outer.o(.text)
    __rt_heap_escrow                         0x00000ee9   Thumb Code    22  heapauxa.o(.text)
    __rt_heap_expand                         0x00000eff   Thumb Code    52  heapauxa.o(.text)
    _ttywrch                                 0x00000f39   Thumb Code    14  sys_wrch.o(.text)
    __I$use$semihosting                      0x00000f47   Thumb Code     0  use_no_semi.o(.text)
    __use_no_semihosting_swi                 0x00000f47   Thumb Code     2  use_no_semi.o(.text)
    __rt_SIGRTMEM_inner                      0x00000f49   Thumb Code    22  defsig_rtmem_inner.o(.text)
    __semihosting_library_function           0x00000f49   Thumb Code     0  indicate_semi.o(.text)
    ITM_SendChar                             0x00000f99   Thumb Code    42  retarget_io.o(i.ITM_SendChar)
    SystemInit                               0x00000fc9   Thumb Code    30  system_armcm4.o(i.SystemInit)
    UnityAssertEqualIntArray                 0x0000104d   Thumb Code   298  unity.o(i.UnityAssertEqualIntArray)
    UnityAssertFloatsWithin                  0x0000118d   Thumb Code   118  unity.o(i.UnityAssertFloatsWithin)
    UnityBegin                               0x00001211   Thumb Code    28  unity.o(i.UnityBegin)
    UnityConcludeTest                        0x00001231   Thumb Code    72  unity.o(i.UnityConcludeTest)
    UnityDefaultTestRun                      0x00001285   Thumb Code    64  unity.o(i.UnityDefaultTestRun)
    UnityEnd                                 0x000012c9   Thumb Code   108  unity.o(i.UnityEnd)
    UnityPrint                               0x00001461   Thumb Code    26  unity.o(i.UnityPrint)
    UnityPrintFloat                          0x000014e5   Thumb Code   702  unity.o(i.UnityPrintFloat)
    UnityPrintNumber                         0x000017d1   Thumb Code    28  unity.o(i.UnityPrintNumber)
    UnityPrintNumberByStyle                  0x000017f1   Thumb Code    66  unity.o(i.UnityPrintNumberByStyle)
    UnityPrintNumberHex                      0x00001839   Thumb Code    70  unity.o(i.UnityPrintNumberHex)
    UnityPrintNumberUnsigned                 0x00001885   Thumb Code    62  unity.o(i.UnityPrintNumberUnsigned)
    __ARM_fpclassify                         0x00001931   Thumb Code    48  fpclassify.o(i.__ARM_fpclassify)
    __hardfp_pow                             0x00001989   Thumb Code  3072  pow.o(i.__hardfp_pow)
    __kernel_poly                            0x000025d9   Thumb Code   248  poly.o(i.__kernel_poly)
    __mathlib_dbl_divzero                    0x000026d1   Thumb Code    28  dunder.o(i.__mathlib_dbl_divzero)
    __mathlib_dbl_infnan2                    0x00002701   Thumb Code    20  dunder.o(i.__mathlib_dbl_infnan2)
    __mathlib_dbl_invalid                    0x00002719   Thumb Code    24  dunder.o(i.__mathlib_dbl_invalid)
    __mathlib_dbl_overflow                   0x00002739   Thumb Code    24  dunder.o(i.__mathlib_dbl_overflow)
    __mathlib_dbl_underflow                  0x00002759   Thumb Code    24  dunder.o(i.__mathlib_dbl_underflow)
    _sys_close                               0x00002779   Thumb Code    38  retarget_io.o(i._sys_close)
    _sys_flen                                0x0000279f   Thumb Code    36  retarget_io.o(i._sys_flen)
    _sys_istty                               0x000027c3   Thumb Code    36  retarget_io.o(i._sys_istty)
    _sys_open                                0x000027e9   Thumb Code    80  retarget_io.o(i._sys_open)
    _sys_seek                                0x00002851   Thumb Code    44  retarget_io.o(i._sys_seek)
    _sys_write                               0x0000287d   Thumb Code    70  retarget_io.o(i._sys_write)
    fabs                                     0x000028c3   Thumb Code    24  fabs.o(i.fabs)
    fields_to_hp_float                       0x000028dd   Thumb Code   332  workshop6_functions.o(i.fields_to_hp_float)
    fputc                                    0x00002a4d   Thumb Code    26  fputc.o(i.fputc)
    hp_float_to_fields                       0x00002a69   Thumb Code   482  workshop6_functions.o(i.hp_float_to_fields)
    main                                     0x00002c85   Thumb Code    34  workshop6_testfuns.o(i.main)
    setUp                                    0x00002cfd   Thumb Code     2  unity.o(i.setUp)
    sqrt                                     0x00002cff   Thumb Code   110  sqrt.o(i.sqrt)
    tearDown                                 0x00002d79   Thumb Code     2  unity.o(i.tearDown)
    test_fields_to_hp_float                  0x00002d7d   Thumb Code   226  workshop6_testfuns.o(i.test_fields_to_hp_float)
    test_hp_float_to_fields                  0x00002e7d   Thumb Code   328  workshop6_testfuns.o(i.test_hp_float_to_fields)
    __aeabi_dneg                             0x00002fe5   Thumb Code     0  basic.o(x$fpl$basic)
    _dneg                                    0x00002fe5   Thumb Code     6  basic.o(x$fpl$basic)
    __aeabi_fneg                             0x00002feb   Thumb Code     0  basic.o(x$fpl$basic)
    _fneg                                    0x00002feb   Thumb Code     6  basic.o(x$fpl$basic)
    _dabs                                    0x00002ff1   Thumb Code     6  basic.o(x$fpl$basic)
    _fabs                                    0x00002ff7   Thumb Code     6  basic.o(x$fpl$basic)
    __aeabi_d2f                              0x00002ffd   Thumb Code     0  d2f.o(x$fpl$d2f)
    _d2f                                     0x00002ffd   Thumb Code    98  d2f.o(x$fpl$d2f)
    __aeabi_dadd                             0x00003061   Thumb Code     0  daddsub_clz.o(x$fpl$dadd)
    _dadd                                    0x00003061   Thumb Code   332  daddsub_clz.o(x$fpl$dadd)
    __fpl_dcheck_NaN1                        0x000031b1   Thumb Code    10  dcheck1.o(x$fpl$dcheck1)
    __fpl_dcmp_Inf                           0x000031c1   Thumb Code    24  dcmpi.o(x$fpl$dcmpinf)
    __aeabi_ddiv                             0x000031d9   Thumb Code     0  ddiv.o(x$fpl$ddiv)
    _ddiv                                    0x000031d9   Thumb Code   552  ddiv.o(x$fpl$ddiv)
    __aeabi_d2iz                             0x00003489   Thumb Code     0  dfix.o(x$fpl$dfix)
    _dfix                                    0x00003489   Thumb Code    94  dfix.o(x$fpl$dfix)
    __aeabi_i2d                              0x000034e7   Thumb Code     0  dflt_clz.o(x$fpl$dflt)
    _dflt                                    0x000034e7   Thumb Code    46  dflt_clz.o(x$fpl$dflt)
    __aeabi_ui2d                             0x00003515   Thumb Code     0  dflt_clz.o(x$fpl$dfltu)
    _dfltu                                   0x00003515   Thumb Code    38  dflt_clz.o(x$fpl$dfltu)
    __aeabi_cdcmple                          0x0000353d   Thumb Code     0  dleqf.o(x$fpl$dleqf)
    _dcmple                                  0x0000353d   Thumb Code   120  dleqf.o(x$fpl$dleqf)
    __fpl_dcmple_InfNaN                      0x0000359f   Thumb Code     0  dleqf.o(x$fpl$dleqf)
    __aeabi_dmul                             0x000035b5   Thumb Code     0  dmul.o(x$fpl$dmul)
    _dmul                                    0x000035b5   Thumb Code   332  dmul.o(x$fpl$dmul)
    __fpl_dnaninf                            0x00003709   Thumb Code   156  dnaninf.o(x$fpl$dnaninf)
    __fpl_dretinf                            0x000037a5   Thumb Code    12  dretinf.o(x$fpl$dretinf)
    __aeabi_cdrcmple                         0x000037b1   Thumb Code     0  drleqf.o(x$fpl$drleqf)
    _drcmple                                 0x000037b1   Thumb Code   108  drleqf.o(x$fpl$drleqf)
    __aeabi_drsub                            0x0000381d   Thumb Code     0  daddsub_clz.o(x$fpl$drsb)
    _drsb                                    0x0000381d   Thumb Code    22  daddsub_clz.o(x$fpl$drsb)
    _dsqrt                                   0x00003835   Thumb Code   404  dsqrt_umaal.o(x$fpl$dsqrt)
    __aeabi_dsub                             0x000039cd   Thumb Code     0  daddsub_clz.o(x$fpl$dsub)
    _dsub                                    0x000039cd   Thumb Code   464  daddsub_clz.o(x$fpl$dsub)
    __aeabi_f2d                              0x00003ba1   Thumb Code     0  f2d.o(x$fpl$f2d)
    _f2d                                     0x00003ba1   Thumb Code    86  f2d.o(x$fpl$f2d)
    __fpl_fnaninf                            0x00003bf7   Thumb Code   140  fnaninf.o(x$fpl$fnaninf)
    _fp_init                                 0x00003c83   Thumb Code    10  fpinit.o(x$fpl$fpinit)
    __fplib_config_fpu_vfp                   0x00003c8b   Thumb Code     0  fpinit.o(x$fpl$fpinit)
    __fplib_config_pureend_doubles           0x00003c8b   Thumb Code     0  fpinit.o(x$fpl$fpinit)
    __fpl_fretinf                            0x00003c8d   Thumb Code    10  fretinf.o(x$fpl$fretinf)
    __fpl_return_NaN                         0x00003c97   Thumb Code   100  retnan.o(x$fpl$retnan)
    __ARM_scalbn                             0x00003cfb   Thumb Code    92  scalbn.o(x$fpl$scalbn)
    __fpl_cmpreturn                          0x00003d57   Thumb Code    48  trapv.o(x$fpl$trapveneer)
    __I$use$fp                               0x00003d86   Number         0  usenofp.o(x$fpl$usenofp)
    UnityStrErrFloat                         0x00003eff   Data          30  unity.o(.constdata)
    UnityStrErrDouble                        0x00003f1d   Data          32  unity.o(.constdata)
    UnityStrErr64                            0x00003f3d   Data          30  unity.o(.constdata)
    __stdin_name                             0x00003fb8   Data           7  retarget_io.o(.constdata)
    __stdout_name                            0x00003fbf   Data           8  retarget_io.o(.constdata)
    __stderr_name                            0x00003fc7   Data           8  retarget_io.o(.constdata)
    __mathlib_zero                           0x00004058   Data           8  qnan.o(.constdata)
    Region$$Table$$Base                      0x00004060   Number         0  anon$$obj.o(Region$$Table)
    Region$$Table$$Limit                     0x00004080   Number         0  anon$$obj.o(Region$$Table)
    SystemCoreClock                          0x20000000   Data           4  system_armcm4.o(.data)
    __aeabi_stdin                            0x20000004   Data           4  stdio_streams.o(.data)
    __aeabi_stdout                           0x20000008   Data           4  stdio_streams.o(.data)
    __aeabi_stderr                           0x2000000c   Data           4  stdio_streams.o(.data)
    Unity                                    0x20000018   Data         200  unity.o(.bss)
    __stdin                                  0x200000e0   Data          84  stdio_streams.o(.bss)
    __stdout                                 0x20000134   Data          84  stdio_streams.o(.bss)
    __stderr                                 0x20000188   Data          84  stdio_streams.o(.bss)
    __libspace_start                         0x200001dc   Data          96  libspace.o(.bss)
    __temporary_stack_top$libspace           0x2000023c   Data           0  libspace.o(.bss)
    __heap_base                              0x20000240   Data           0  startup_armcm4.o(HEAP)
    __heap_limit                             0x20000e40   Data           0  startup_armcm4.o(HEAP)
    __stack_limit                            0x20000e40   Data           0  startup_armcm4.o(STACK)
    __initial_sp                             0x20001240   Data           0  startup_armcm4.o(STACK)



==============================================================================

Memory Map of the image

  Image Entry point : 0x000003c1

  Load Region LR_IROM1 (Base: 0x00000000, Size: 0x00004094, Max: 0x00040000, ABSOLUTE)

    Execution Region ER_IROM1 (Exec base: 0x00000000, Load base: 0x00000000, Size: 0x00004080, Max: 0x00040000, ABSOLUTE)

    Exec Addr    Load Addr    Size         Type   Attr      Idx    E Section Name        Object

    0x00000000   0x00000000   0x000003c0   Data   RO          453    RESET               startup_armcm4.o
    0x000003c0   0x000003c0   0x00000008   Code   RO          527  * !!!main             c_w.l(__main.o)
    0x000003c8   0x000003c8   0x00000034   Code   RO          971    !!!scatter          c_w.l(__scatter.o)
    0x000003fc   0x000003fc   0x0000001a   Code   RO          973    !!handler_copy      c_w.l(__scatter_copy.o)
    0x00000416   0x00000416   0x00000002   PAD
    0x00000418   0x00000418   0x0000001c   Code   RO          975    !!handler_zi        c_w.l(__scatter_zi.o)
    0x00000434   0x00000434   0x00000002   Code   RO          868    .ARM.Collect$$libinit$$00000000  c_w.l(libinit.o)
    0x00000436   0x00000436   0x00000004   Code   RO          742    .ARM.Collect$$libinit$$00000001  c_w.l(libinit2.o)
    0x0000043a   0x0000043a   0x00000000   Code   RO          745    .ARM.Collect$$libinit$$00000004  c_w.l(libinit2.o)
    0x0000043a   0x0000043a   0x00000008   Code   RO          920    .ARM.Collect$$libinit$$00000006  c_w.l(libinit3.o)
    0x00000442   0x00000442   0x00000000   Code   RO          748    .ARM.Collect$$libinit$$0000000A  c_w.l(libinit2.o)
    0x00000442   0x00000442   0x00000000   Code   RO          750    .ARM.Collect$$libinit$$0000000C  c_w.l(libinit2.o)
    0x00000442   0x00000442   0x00000000   Code   RO          752    .ARM.Collect$$libinit$$0000000E  c_w.l(libinit2.o)
    0x00000442   0x00000442   0x00000000   Code   RO          755    .ARM.Collect$$libinit$$00000011  c_w.l(libinit2.o)
    0x00000442   0x00000442   0x00000000   Code   RO          757    .ARM.Collect$$libinit$$00000013  c_w.l(libinit2.o)
    0x00000442   0x00000442   0x00000000   Code   RO          759    .ARM.Collect$$libinit$$00000015  c_w.l(libinit2.o)
    0x00000442   0x00000442   0x00000000   Code   RO          761    .ARM.Collect$$libinit$$00000017  c_w.l(libinit2.o)
    0x00000442   0x00000442   0x00000000   Code   RO          763    .ARM.Collect$$libinit$$00000019  c_w.l(libinit2.o)
    0x00000442   0x00000442   0x00000000   Code   RO          765    .ARM.Collect$$libinit$$0000001B  c_w.l(libinit2.o)
    0x00000442   0x00000442   0x00000000   Code   RO          767    .ARM.Collect$$libinit$$0000001D  c_w.l(libinit2.o)
    0x00000442   0x00000442   0x00000000   Code   RO          769    .ARM.Collect$$libinit$$0000001F  c_w.l(libinit2.o)
    0x00000442   0x00000442   0x00000000   Code   RO          771    .ARM.Collect$$libinit$$00000021  c_w.l(libinit2.o)
    0x00000442   0x00000442   0x00000000   Code   RO          773    .ARM.Collect$$libinit$$00000023  c_w.l(libinit2.o)
    0x00000442   0x00000442   0x00000004   Code   RO          774    .ARM.Collect$$libinit$$00000024  c_w.l(libinit2.o)
    0x00000446   0x00000446   0x00000000   Code   RO          775    .ARM.Collect$$libinit$$00000025  c_w.l(libinit2.o)
    0x00000446   0x00000446   0x00000000   Code   RO          779    .ARM.Collect$$libinit$$0000002C  c_w.l(libinit2.o)
    0x00000446   0x00000446   0x00000000   Code   RO          781    .ARM.Collect$$libinit$$0000002E  c_w.l(libinit2.o)
    0x00000446   0x00000446   0x00000000   Code   RO          783    .ARM.Collect$$libinit$$00000030  c_w.l(libinit2.o)
    0x00000446   0x00000446   0x00000000   Code   RO          785    .ARM.Collect$$libinit$$00000032  c_w.l(libinit2.o)
    0x00000446   0x00000446   0x00000002   Code   RO          786    .ARM.Collect$$libinit$$00000033  c_w.l(libinit2.o)
    0x00000448   0x00000448   0x00000008   Code   RO          921    .ARM.Collect$$libinit$$00002717  c_w.l(libinit3.o)
    0x00000450   0x00000450   0x00000002   Code   RO          968    .ARM.Collect$$libshutdown$$00000000  c_w.l(libshutdown.o)
    0x00000452   0x00000452   0x00000000   Code   RO          788    .ARM.Collect$$libshutdown$$00000002  c_w.l(libshutdown2.o)
    0x00000452   0x00000452   0x00000004   Code   RO          789    .ARM.Collect$$libshutdown$$00000003  c_w.l(libshutdown2.o)
    0x00000456   0x00000456   0x00000000   Code   RO          790    .ARM.Collect$$libshutdown$$00000004  c_w.l(libshutdown2.o)
    0x00000456   0x00000456   0x00000000   Code   RO          793    .ARM.Collect$$libshutdown$$00000007  c_w.l(libshutdown2.o)
    0x00000456   0x00000456   0x00000000   Code   RO          796    .ARM.Collect$$libshutdown$$0000000A  c_w.l(libshutdown2.o)
    0x00000456   0x00000456   0x00000000   Code   RO          798    .ARM.Collect$$libshutdown$$0000000C  c_w.l(libshutdown2.o)
    0x00000456   0x00000456   0x00000000   Code   RO          801    .ARM.Collect$$libshutdown$$0000000F  c_w.l(libshutdown2.o)
    0x00000456   0x00000456   0x00000002   Code   RO          802    .ARM.Collect$$libshutdown$$00000010  c_w.l(libshutdown2.o)
    0x00000458   0x00000458   0x00000000   Code   RO          575    .ARM.Collect$$rtentry$$00000000  c_w.l(__rtentry.o)
    0x00000458   0x00000458   0x00000000   Code   RO          643    .ARM.Collect$$rtentry$$00000002  c_w.l(__rtentry2.o)
    0x00000458   0x00000458   0x00000004   Code   RO          657    .ARM.Collect$$rtentry$$00000005  c_w.l(__rtentry5.o)
    0x0000045c   0x0000045c   0x00000000   Code   RO          645    .ARM.Collect$$rtentry$$00000009  c_w.l(__rtentry2.o)
    0x0000045c   0x0000045c   0x00000004   Code   RO          646    .ARM.Collect$$rtentry$$0000000A  c_w.l(__rtentry2.o)
    0x00000460   0x00000460   0x00000000   Code   RO          648    .ARM.Collect$$rtentry$$0000000C  c_w.l(__rtentry2.o)
    0x00000460   0x00000460   0x00000008   Code   RO          649    .ARM.Collect$$rtentry$$0000000D  c_w.l(__rtentry2.o)
    0x00000468   0x00000468   0x00000004   Code   RO          658    .ARM.Collect$$rtentry$$00002716  c_w.l(__rtentry5.o)
    0x0000046c   0x0000046c   0x00000002   Code   RO          877    .ARM.Collect$$rtexit$$00000000  c_w.l(rtexit.o)
    0x0000046e   0x0000046e   0x00000000   Code   RO          934    .ARM.Collect$$rtexit$$00000002  c_w.l(rtexit2.o)
    0x0000046e   0x0000046e   0x00000004   Code   RO          935    .ARM.Collect$$rtexit$$00000003  c_w.l(rtexit2.o)
    0x00000472   0x00000472   0x00000006   Code   RO          936    .ARM.Collect$$rtexit$$00000004  c_w.l(rtexit2.o)
    0x00000478   0x00000478   0x00000000   Code   RO          879    .emb_text           c_w.l(maybetermalloc1.o)
    0x00000478   0x00000478   0x00000038   Code   RO          454    .text               startup_armcm4.o
    0x000004b0   0x000004b0   0x00000004   Code   RO          517    .text               c_w.l(putc.o)
    0x000004b4   0x000004b4   0x00000080   Code   RO          525    .text               c_w.l(strcmpv7m.o)
    0x00000534   0x00000534   0x00000062   Code   RO          559    .text               fz_wm.l(setjmp.o)
    0x00000596   0x00000596   0x00000016   Code   RO          576    .text               c_w.l(_rserrno.o)
    0x000005ac   0x000005ac   0x00000138   Code   RO          582    .text               c_w.l(initio.o)
    0x000006e4   0x000006e4   0x00000008   Code   RO          665    .text               c_w.l(rt_errno_addr_intlibspace.o)
    0x000006ec   0x000006ec   0x0000004e   Code   RO          669    .text               c_w.l(h1_free.o)
    0x0000073a   0x0000073a   0x000001d6   Code   RO          723    .text               c_w.l(flsbuf.o)
    0x00000910   0x00000910   0x00000046   Code   RO          725    .text               c_w.l(setvbuf.o)
    0x00000956   0x00000956   0x00000002   PAD
    0x00000958   0x00000958   0x000000ec   Code   RO          728    .text               c_w.l(fopen.o)
    0x00000a44   0x00000a44   0x0000004c   Code   RO          730    .text               c_w.l(fclose.o)
    0x00000a90   0x00000a90   0x0000000e   Code   RO          736    .text               c_w.l(defsig_rtred_outer.o)
    0x00000a9e   0x00000a9e   0x0000004e   Code   RO          740    .text               c_w.l(rt_memclr_w.o)
    0x00000aec   0x00000aec   0x00000008   Code   RO          819    .text               c_w.l(rt_heap_descriptor_intlibspace.o)
    0x00000af4   0x00000af4   0x00000004   Code   RO          821    .text               c_w.l(hguard.o)
    0x00000af8   0x00000af8   0x0000008a   Code   RO          823    .text               c_w.l(init_alloc.o)
    0x00000b82   0x00000b82   0x0000005e   Code   RO          829    .text               c_w.l(h1_alloc.o)
    0x00000be0   0x00000be0   0x000000f8   Code   RO          843    .text               c_w.l(fseek.o)
    0x00000cd8   0x00000cd8   0x000000f0   Code   RO          845    .text               c_w.l(stdio.o)
    0x00000dc8   0x00000dc8   0x00000012   Code   RO          851    .text               c_w.l(exit.o)
    0x00000dda   0x00000dda   0x0000000a   Code   RO          853    .text               c_w.l(defsig_exit.o)
    0x00000de4   0x00000de4   0x00000034   Code   RO          855    .text               c_w.l(defsig_rtred_inner.o)
    0x00000e18   0x00000e18   0x0000000c   Code   RO          873    .text               c_w.l(sys_exit.o)
    0x00000e24   0x00000e24   0x0000000e   Code   RO          881    .text               c_w.l(h1_init.o)
    0x00000e32   0x00000e32   0x00000034   Code   RO          883    .text               c_w.l(h1_extend.o)
    0x00000e66   0x00000e66   0x00000042   Code   RO          893    .text               c_w.l(ftell.o)
    0x00000ea8   0x00000ea8   0x00000032   Code   RO          901    .text               c_w.l(defsig_general.o)
    0x00000eda   0x00000eda   0x0000000e   Code   RO          903    .text               c_w.l(defsig_rtmem_outer.o)
    0x00000ee8   0x00000ee8   0x00000050   Code   RO          909    .text               c_w.l(heapauxa.o)
    0x00000f38   0x00000f38   0x0000000e   Code   RO          926    .text               c_w.l(sys_wrch.o)
    0x00000f46   0x00000f46   0x00000002   Code   RO          930    .text               c_w.l(use_no_semi.o)
    0x00000f48   0x00000f48   0x00000000   Code   RO          932    .text               c_w.l(indicate_semi.o)
    0x00000f48   0x00000f48   0x00000050   Code   RO          944    .text               c_w.l(defsig_rtmem_inner.o)
    0x00000f98   0x00000f98   0x00000030   Code   RO          364    i.ITM_SendChar      retarget_io.o
    0x00000fc8   0x00000fc8   0x00000030   Code   RO          463    i.SystemInit        system_armcm4.o
    0x00000ff8   0x00000ff8   0x00000054   Code   RO           90    i.UnityAddMsgIfSpecified  unity.o
    0x0000104c   0x0000104c   0x00000140   Code   RO           93    i.UnityAssertEqualIntArray  unity.o
    0x0000118c   0x0000118c   0x00000084   Code   RO          100    i.UnityAssertFloatsWithin  unity.o
    0x00001210   0x00001210   0x00000020   Code   RO          103    i.UnityBegin        unity.o
    0x00001230   0x00001230   0x00000054   Code   RO          104    i.UnityConcludeTest  unity.o
    0x00001284   0x00001284   0x00000044   Code   RO          105    i.UnityDefaultTestRun  unity.o
    0x000012c8   0x000012c8   0x0000008c   Code   RO          106    i.UnityEnd          unity.o
    0x00001354   0x00001354   0x000000b8   Code   RO          109    i.UnityFloatsWithin  unity.o
    0x0000140c   0x0000140c   0x00000054   Code   RO          111    i.UnityIsOneArrayNull  unity.o
    0x00001460   0x00001460   0x0000001a   Code   RO          113    i.UnityPrint        unity.o
    0x0000147a   0x0000147a   0x00000002   PAD
    0x0000147c   0x0000147c   0x00000068   Code   RO          114    i.UnityPrintChar    unity.o
    0x000014e4   0x000014e4   0x000002ec   Code   RO          117    i.UnityPrintFloat   unity.o
    0x000017d0   0x000017d0   0x00000020   Code   RO          120    i.UnityPrintNumber  unity.o
    0x000017f0   0x000017f0   0x00000048   Code   RO          121    i.UnityPrintNumberByStyle  unity.o
    0x00001838   0x00001838   0x0000004c   Code   RO          122    i.UnityPrintNumberHex  unity.o
    0x00001884   0x00001884   0x00000044   Code   RO          123    i.UnityPrintNumberUnsigned  unity.o
    0x000018c8   0x000018c8   0x0000003c   Code   RO          124    i.UnityTestResultsBegin  unity.o
    0x00001904   0x00001904   0x0000002c   Code   RO          125    i.UnityTestResultsFailBegin  unity.o
    0x00001930   0x00001930   0x00000030   Code   RO          623    i.__ARM_fpclassify  m_wm.l(fpclassify.o)
    0x00001960   0x00001960   0x00000014   Code   RO          126    i.__ARM_isinff      unity.o
    0x00001974   0x00001974   0x0000000e   Code   RO          127    i.__ARM_isnanf      unity.o
    0x00001982   0x00001982   0x00000006   PAD
    0x00001988   0x00001988   0x00000c50   Code   RO          561    i.__hardfp_pow      m_wm.l(pow.o)
    0x000025d8   0x000025d8   0x000000f8   Code   RO          625    i.__kernel_poly     m_wm.l(poly.o)
    0x000026d0   0x000026d0   0x00000030   Code   RO          603    i.__mathlib_dbl_divzero  m_wm.l(dunder.o)
    0x00002700   0x00002700   0x00000014   Code   RO          605    i.__mathlib_dbl_infnan2  m_wm.l(dunder.o)
    0x00002714   0x00002714   0x00000004   PAD
    0x00002718   0x00002718   0x00000020   Code   RO          606    i.__mathlib_dbl_invalid  m_wm.l(dunder.o)
    0x00002738   0x00002738   0x00000020   Code   RO          607    i.__mathlib_dbl_overflow  m_wm.l(dunder.o)
    0x00002758   0x00002758   0x00000020   Code   RO          609    i.__mathlib_dbl_underflow  m_wm.l(dunder.o)
    0x00002778   0x00002778   0x00000026   Code   RO          365    i._sys_close        retarget_io.o
    0x0000279e   0x0000279e   0x00000024   Code   RO          366    i._sys_flen         retarget_io.o
    0x000027c2   0x000027c2   0x00000024   Code   RO          367    i._sys_istty        retarget_io.o
    0x000027e6   0x000027e6   0x00000002   PAD
    0x000027e8   0x000027e8   0x00000068   Code   RO          368    i._sys_open         retarget_io.o
    0x00002850   0x00002850   0x0000002c   Code   RO          370    i._sys_seek         retarget_io.o
    0x0000287c   0x0000287c   0x00000046   Code   RO          371    i._sys_write        retarget_io.o
    0x000028c2   0x000028c2   0x00000018   Code   RO          619    i.fabs              m_wm.l(fabs.o)
    0x000028da   0x000028da   0x00000002   PAD
    0x000028dc   0x000028dc   0x00000170   Code   RO            1    i.fields_to_hp_float  workshop6_functions.o
    0x00002a4c   0x00002a4c   0x0000001a   Code   RO          579    i.fputc             c_w.l(fputc.o)
    0x00002a66   0x00002a66   0x00000002   PAD
    0x00002a68   0x00002a68   0x0000021c   Code   RO            2    i.hp_float_to_fields  workshop6_functions.o
    0x00002c84   0x00002c84   0x00000078   Code   RO           41    i.main              workshop6_testfuns.o
    0x00002cfc   0x00002cfc   0x00000002   Code   RO          128    i.setUp             unity.o
    0x00002cfe   0x00002cfe   0x0000006e   Code   RO          630    i.sqrt              m_wm.l(sqrt.o)
    0x00002d6c   0x00002d6c   0x0000000c   Code   RO          372    i.stdout_putchar    retarget_io.o
    0x00002d78   0x00002d78   0x00000002   Code   RO          131    i.tearDown          unity.o
    0x00002d7a   0x00002d7a   0x00000002   PAD
    0x00002d7c   0x00002d7c   0x00000100   Code   RO           42    i.test_fields_to_hp_float  workshop6_testfuns.o
    0x00002e7c   0x00002e7c   0x00000168   Code   RO           43    i.test_hp_float_to_fields  workshop6_testfuns.o
    0x00002fe4   0x00002fe4   0x00000018   Code   RO          588    x$fpl$basic         fz_wm.l(basic.o)
    0x00002ffc   0x00002ffc   0x00000062   Code   RO          529    x$fpl$d2f           fz_wm.l(d2f.o)
    0x0000305e   0x0000305e   0x00000002   PAD
    0x00003060   0x00003060   0x00000150   Code   RO          531    x$fpl$dadd          fz_wm.l(daddsub_clz.o)
    0x000031b0   0x000031b0   0x00000010   Code   RO          805    x$fpl$dcheck1       fz_wm.l(dcheck1.o)
    0x000031c0   0x000031c0   0x00000018   Code   RO          590    x$fpl$dcmpinf       fz_wm.l(dcmpi.o)
    0x000031d8   0x000031d8   0x000002b0   Code   RO          538    x$fpl$ddiv          fz_wm.l(ddiv.o)
    0x00003488   0x00003488   0x0000005e   Code   RO          541    x$fpl$dfix          fz_wm.l(dfix.o)
    0x000034e6   0x000034e6   0x0000002e   Code   RO          546    x$fpl$dflt          fz_wm.l(dflt_clz.o)
    0x00003514   0x00003514   0x00000026   Code   RO          545    x$fpl$dfltu         fz_wm.l(dflt_clz.o)
    0x0000353a   0x0000353a   0x00000002   PAD
    0x0000353c   0x0000353c   0x00000078   Code   RO          551    x$fpl$dleqf         fz_wm.l(dleqf.o)
    0x000035b4   0x000035b4   0x00000154   Code   RO          553    x$fpl$dmul          fz_wm.l(dmul.o)
    0x00003708   0x00003708   0x0000009c   Code   RO          592    x$fpl$dnaninf       fz_wm.l(dnaninf.o)
    0x000037a4   0x000037a4   0x0000000c   Code   RO          594    x$fpl$dretinf       fz_wm.l(dretinf.o)
    0x000037b0   0x000037b0   0x0000006c   Code   RO          555    x$fpl$drleqf        fz_wm.l(drleqf.o)
    0x0000381c   0x0000381c   0x00000016   Code   RO          532    x$fpl$drsb          fz_wm.l(daddsub_clz.o)
    0x00003832   0x00003832   0x00000002   PAD
    0x00003834   0x00003834   0x00000198   Code   RO          807    x$fpl$dsqrt         fz_wm.l(dsqrt_umaal.o)
    0x000039cc   0x000039cc   0x000001d4   Code   RO          533    x$fpl$dsub          fz_wm.l(daddsub_clz.o)
    0x00003ba0   0x00003ba0   0x00000056   Code   RO          557    x$fpl$f2d           fz_wm.l(f2d.o)
    0x00003bf6   0x00003bf6   0x0000008c   Code   RO          596    x$fpl$fnaninf       fz_wm.l(fnaninf.o)
    0x00003c82   0x00003c82   0x0000000a   Code   RO          869    x$fpl$fpinit        fz_wm.l(fpinit.o)
    0x00003c8c   0x00003c8c   0x0000000a   Code   RO          598    x$fpl$fretinf       fz_wm.l(fretinf.o)
    0x00003c96   0x00003c96   0x00000064   Code   RO          871    x$fpl$retnan        fz_wm.l(retnan.o)
    0x00003cfa   0x00003cfa   0x0000005c   Code   RO          600    x$fpl$scalbn        fz_wm.l(scalbn.o)
    0x00003d56   0x00003d56   0x00000030   Code   RO          924    x$fpl$trapveneer    fz_wm.l(trapv.o)
    0x00003d86   0x00003d86   0x00000000   Code   RO          602    x$fpl$usenofp       fz_wm.l(usenofp.o)
    0x00003d86   0x00003d86   0x00000002   PAD
    0x00003d88   0x00003d88   0x00000026   Data   RO           44    .constdata          workshop6_testfuns.o
    0x00003dae   0x00003dae   0x00000002   PAD
    0x00003db0   0x00003db0   0x00000208   Data   RO          133    .constdata          unity.o
    0x00003fb8   0x00003fb8   0x00000017   Data   RO          373    .constdata          retarget_io.o
    0x00003fcf   0x00003fcf   0x00000001   PAD
    0x00003fd0   0x00003fd0   0x00000088   Data   RO          564    .constdata          m_wm.l(pow.o)
    0x00004058   0x00004058   0x00000008   Data   RO          627    .constdata          m_wm.l(qnan.o)
    0x00004060   0x00004060   0x00000020   Data   RO          969    Region$$Table       anon$$obj.o


    Execution Region RW_IRAM1 (Exec base: 0x20000000, Load base: 0x00004080, Size: 0x00001240, Max: 0x00020000, ABSOLUTE)

    Exec Addr    Load Addr    Size         Type   Attr      Idx    E Section Name        Object

    0x20000000   0x00004080   0x00000004   Data   RW          464    .data               system_armcm4.o
    0x20000004   0x00004084   0x00000004   Data   RW          522    .data               c_w.l(stdio_streams.o)
    0x20000008   0x00004088   0x00000004   Data   RW          523    .data               c_w.l(stdio_streams.o)
    0x2000000c   0x0000408c   0x00000004   Data   RW          524    .data               c_w.l(stdio_streams.o)
    0x20000010   0x00004090   0x00000004   Data   RW          910    .data               c_w.l(heapauxa.o)
    0x20000014   0x00004094   0x00000004   PAD
    0x20000018        -       0x000000c8   Zero   RW          132    .bss                unity.o
    0x200000e0        -       0x00000054   Zero   RW          519    .bss                c_w.l(stdio_streams.o)
    0x20000134        -       0x00000054   Zero   RW          520    .bss                c_w.l(stdio_streams.o)
    0x20000188        -       0x00000054   Zero   RW          521    .bss                c_w.l(stdio_streams.o)
    0x200001dc        -       0x00000060   Zero   RW          810    .bss                c_w.l(libspace.o)
    0x2000023c   0x00004094   0x00000004   PAD
    0x20000240        -       0x00000c00   Zero   RW          452    HEAP                startup_armcm4.o
    0x20000e40        -       0x00000400   Zero   RW          451    STACK               startup_armcm4.o


==============================================================================

Image component sizes


      Code (inc. data)   RO Data    RW Data    ZI Data      Debug   Object Name

       388         30         23          0          0       6930   retarget_io.o
        56         10        960          0       4096       1272   startup_armcm4.o
        48         18          0          4          0        755   system_armcm4.o
      2396        210        520          0        200      59599   unity.o
       908         94          0          0          0       7406   workshop6_functions.o
       736        148         38          0          0       3026   workshop6_testfuns.o

    ----------------------------------------------------------------------
      4544        510       1576          4       4296      78988   Object Totals
         0          0         32          0          0          0   (incl. Generated)
        12          0          3          0          0          0   (incl. Padding)

    ----------------------------------------------------------------------

      Code (inc. data)   RO Data    RW Data    ZI Data      Debug   Library Member Name

         8          0          0          0          0         68   __main.o
         0          0          0          0          0          0   __rtentry.o
        12          0          0          0          0          0   __rtentry2.o
         8          4          0          0          0          0   __rtentry5.o
        52          8          0          0          0          0   __scatter.o
        26          0          0          0          0          0   __scatter_copy.o
        28          0          0          0          0          0   __scatter_zi.o
        22          0          0          0          0        100   _rserrno.o
        10          0          0          0          0         68   defsig_exit.o
        50          0          0          0          0         88   defsig_general.o
        80         58          0          0          0         76   defsig_rtmem_inner.o
        14          0          0          0          0         80   defsig_rtmem_outer.o
        52         38          0          0          0         76   defsig_rtred_inner.o
        14          0          0          0          0         80   defsig_rtred_outer.o
        18          0          0          0          0         80   exit.o
        76          0          0          0          0         88   fclose.o
       470          0          0          0          0         88   flsbuf.o
       236          4          0          0          0        128   fopen.o
        26          0          0          0          0         68   fputc.o
       248          6          0          0          0         84   fseek.o
        66          0          0          0          0         76   ftell.o
        94          0          0          0          0         80   h1_alloc.o
        52          0          0          0          0         68   h1_extend.o
        78          0          0          0          0         80   h1_free.o
        14          0          0          0          0         84   h1_init.o
        80          6          0          4          0         96   heapauxa.o
         4          0          0          0          0        136   hguard.o
         0          0          0          0          0          0   indicate_semi.o
       138          0          0          0          0        168   init_alloc.o
       312         46          0          0          0        112   initio.o
         2          0          0          0          0          0   libinit.o
        10          0          0          0          0          0   libinit2.o
        16          8          0          0          0          0   libinit3.o
         2          0          0          0          0          0   libshutdown.o
         6          0          0          0          0          0   libshutdown2.o
         0          0          0          0         96          0   libspace.o
         0          0          0          0          0          0   maybetermalloc1.o
         4          0          0          0          0         68   putc.o
         8          4          0          0          0         68   rt_errno_addr_intlibspace.o
         8          4          0          0          0         68   rt_heap_descriptor_intlibspace.o
        78          0          0          0          0         80   rt_memclr_w.o
         2          0          0          0          0          0   rtexit.o
        10          0          0          0          0          0   rtexit2.o
        70          0          0          0          0         80   setvbuf.o
       240          6          0          0          0        156   stdio.o
         0          0          0         12        252          0   stdio_streams.o
       128          0          0          0          0         68   strcmpv7m.o
        12          4          0          0          0         68   sys_exit.o
        14          0          0          0          0         76   sys_wrch.o
         2          0          0          0          0         68   use_no_semi.o
        24          0          0          0          0        164   basic.o
        98          4          0          0          0        140   d2f.o
       826         16          0          0          0        492   daddsub_clz.o
        16          4          0          0          0        116   dcheck1.o
        24          0          0          0          0        116   dcmpi.o
       688        140          0          0          0        256   ddiv.o
        94          4          0          0          0        140   dfix.o
        84          0          0          0          0        232   dflt_clz.o
       120          4          0          0          0        140   dleqf.o
       340         12          0          0          0        152   dmul.o
       156          4          0          0          0        140   dnaninf.o
        12          0          0          0          0        116   dretinf.o
       108          0          0          0          0        128   drleqf.o
       408         56          0          0          0        168   dsqrt_umaal.o
        86          4          0          0          0        132   f2d.o
       140          4          0          0          0        132   fnaninf.o
        10          0          0          0          0        116   fpinit.o
        10          0          0          0          0        116   fretinf.o
       100          0          0          0          0        116   retnan.o
        92          0          0          0          0        116   scalbn.o
        98          0          0          0          0        144   setjmp.o
        48          0          0          0          0        116   trapv.o
         0          0          0          0          0          0   usenofp.o
       164         44          0          0          0        620   dunder.o
        24          0          0          0          0        124   fabs.o
        48          0          0          0          0        124   fpclassify.o
       248          0          0          0          0        152   poly.o
      3152        296        136          0          0        352   pow.o
         0          0          8          0          0          0   qnan.o
       110          0          0          0          0        148   sqrt.o

    ----------------------------------------------------------------------
     10248        788        144         16        356       7880   Library Totals
        20          0          0          0          8          0   (incl. Padding)

    ----------------------------------------------------------------------

      Code (inc. data)   RO Data    RW Data    ZI Data      Debug   Library Name

      2900        196          0         16        348       2872   c_w.l
      3582        252          0          0          0       3488   fz_wm.l
      3746        340        144          0          0       1520   m_wm.l

    ----------------------------------------------------------------------
     10248        788        144         16        356       7880   Library Totals

    ----------------------------------------------------------------------

==============================================================================


      Code (inc. data)   RO Data    RW Data    ZI Data      Debug   

     14792       1298       1720         20       4652      78660   Grand Totals
     14792       1298       1720         20       4652      78660   ELF Image Totals
     14792       1298       1720         20          0          0   ROM Totals

==============================================================================

    Total RO  Size (Code + RO Data)                16512 (  16.13kB)
    Total RW  Size (RW Data + ZI Data)              4672 (   4.56kB)
    Total ROM Size (Code + RO Data + RW Data)      16532 (  16.14kB)

==============================================================================

