Component: ARM Compiler 5.06 update 6 (build 750) Tool: armlink [4d35ed]

==============================================================================

Section Cross References

    functions.o(i.rank_ascending_c) refers to functions.o(i.swap_c_1) for swap_c_1
    functions.o(i.rank_descending_c) refers to functions.o(i.swap_c_1) for swap_c_1
    testfunctions_all.o(i.main) refers to unity.o(i.UnityBegin) for UnityBegin
    testfunctions_all.o(i.main) refers to unity.o(i.UnityDefaultTestRun) for UnityDefaultTestRun
    testfunctions_all.o(i.main) refers to unity.o(i.UnityEnd) for UnityEnd
    testfunctions_all.o(i.main) refers to testfunctions_all.o(i.test_swap_c_1) for test_swap_c_1
    testfunctions_all.o(i.main) refers to testfunctions_all.o(i.test_swap_c_2) for test_swap_c_2
    testfunctions_all.o(i.main) refers to testfunctions_all.o(i.test_swap_c_3) for test_swap_c_3
    testfunctions_all.o(i.main) refers to testfunctions_all.o(i.test_rank_ascending_c) for test_rank_ascending_c
    testfunctions_all.o(i.main) refers to testfunctions_all.o(i.test_rank_desending_c) for test_rank_desending_c
    testfunctions_all.o(i.main) refers to testfunctions_all.o(i.test_swap_asm_1) for test_swap_asm_1
    testfunctions_all.o(i.test_rank_ascending_c) refers to rt_memcpy_w.o(.text) for __aeabi_memcpy4
    testfunctions_all.o(i.test_rank_ascending_c) refers to functions.o(i.rank_ascending_c) for rank_ascending_c
    testfunctions_all.o(i.test_rank_ascending_c) refers to unity.o(i.UnityAssertEqualIntArray) for UnityAssertEqualIntArray
    testfunctions_all.o(i.test_rank_ascending_c) refers to testfunctions_all.o(.constdata) for .constdata
    testfunctions_all.o(i.test_rank_desending_c) refers to rt_memcpy_w.o(.text) for __aeabi_memcpy4
    testfunctions_all.o(i.test_rank_desending_c) refers to functions.o(i.rank_descending_c) for rank_descending_c
    testfunctions_all.o(i.test_rank_desending_c) refers to unity.o(i.UnityAssertEqualIntArray) for UnityAssertEqualIntArray
    testfunctions_all.o(i.test_rank_desending_c) refers to testfunctions_all.o(.constdata) for .constdata
    testfunctions_all.o(i.test_swap_asm_1) refers to functions_asm.o(functions_asm) for swap_asm_1
    testfunctions_all.o(i.test_swap_asm_1) refers to unity.o(i.UnityAssertEqualIntArray) for UnityAssertEqualIntArray
    testfunctions_all.o(i.test_swap_asm_1) refers to testfunctions_all.o(.constdata) for .constdata
    testfunctions_all.o(i.test_swap_c_1) refers to functions.o(i.swap_c_1) for swap_c_1
    testfunctions_all.o(i.test_swap_c_1) refers to unity.o(i.UnityAssertEqualIntArray) for UnityAssertEqualIntArray
    testfunctions_all.o(i.test_swap_c_1) refers to testfunctions_all.o(.constdata) for .constdata
    testfunctions_all.o(i.test_swap_c_2) refers to functions.o(i.swap_c_2) for swap_c_2
    testfunctions_all.o(i.test_swap_c_2) refers to unity.o(i.UnityAssertEqualIntArray) for UnityAssertEqualIntArray
    testfunctions_all.o(i.test_swap_c_2) refers to testfunctions_all.o(.constdata) for .constdata
    testfunctions_all.o(i.test_swap_c_3) refers to functions.o(i.swap_c_3) for swap_c_3
    testfunctions_all.o(i.test_swap_c_3) refers to unity.o(i.UnityAssertEqualIntArray) for UnityAssertEqualIntArray
    testfunctions_all.o(i.test_swap_c_3) refers to testfunctions_all.o(.constdata) for .constdata
    unity.o(i.UnityAddMsgIfSpecified) refers to unity.o(i.UnityPrint) for UnityPrint
    unity.o(i.UnityAddMsgIfSpecified) refers to unity.o(.constdata) for UnityStrSpacer
    unity.o(i.UnityAddMsgIfSpecified) refers to unity.o(.bss) for Unity
    unity.o(i.UnityAssertBits) refers to unity.o(i.UnityTestResultsFailBegin) for UnityTestResultsFailBegin
    unity.o(i.UnityAssertBits) refers to unity.o(i.UnityPrint) for UnityPrint
    unity.o(i.UnityAssertBits) refers to unity.o(i.UnityPrintMask) for UnityPrintMask
    unity.o(i.UnityAssertBits) refers to unity.o(i.UnityAddMsgIfSpecified) for UnityAddMsgIfSpecified
    unity.o(i.UnityAssertBits) refers to setjmp.o(.text) for longjmp
    unity.o(i.UnityAssertBits) refers to unity.o(.bss) for Unity
    unity.o(i.UnityAssertBits) refers to unity.o(.constdata) for UnityStrExpected
    unity.o(i.UnityAssertEqualFloatArray) refers to unity.o(i.UnityTestResultsFailBegin) for UnityTestResultsFailBegin
    unity.o(i.UnityAssertEqualFloatArray) refers to unity.o(i.UnityPrint) for UnityPrint
    unity.o(i.UnityAssertEqualFloatArray) refers to unity.o(i.UnityAddMsgIfSpecified) for UnityAddMsgIfSpecified
    unity.o(i.UnityAssertEqualFloatArray) refers to setjmp.o(.text) for longjmp
    unity.o(i.UnityAssertEqualFloatArray) refers to unity.o(i.UnityIsOneArrayNull) for UnityIsOneArrayNull
    unity.o(i.UnityAssertEqualFloatArray) refers to unity.o(i.UnityFloatsWithin) for UnityFloatsWithin
    unity.o(i.UnityAssertEqualFloatArray) refers to unity.o(i.UnityPrintNumberUnsigned) for UnityPrintNumberUnsigned
    unity.o(i.UnityAssertEqualFloatArray) refers to unity.o(i.UnityPrintFloat) for UnityPrintFloat
[...]
    flsbuf_fwide.o(.text) refers to flsbuf.o(.text) for __flsbuf
    sys_stackheap_outer.o(.text) refers to libspace.o(.text) for __user_perproc_libspace
    sys_stackheap_outer.o(.text) refers to sys_stackheap.o(.text) for __user_initial_stackheap
    rt_raise.o(.text) refers to __raise.o(.text) for __raise
    rt_raise.o(.text) refers to sys_exit.o(.text) for _sys_exit
    rt_heap_descriptor.o(.text) refers to rt_heap_descriptor.o(.bss) for __rt_heap_descriptor_data
    rt_heap_descriptor_intlibspace.o(.text) refers to libspace.o(.bss) for __libspace_start
    init_alloc.o(.text) refers (Special) to hguard.o(.text) for __heap$guard
    init_alloc.o(.text) refers (Special) to libinit3.o(.ARM.Collect$$libinit$$00000006) for __rt_lib_init_heap_2
    init_alloc.o(.text) refers (Special) to maybetermalloc1.o(.emb_text) for _maybe_terminate_alloc
    init_alloc.o(.text) refers to heapauxa.o(.text) for __rt_heap_expand
    init_alloc.o(.text) refers to h1_extend.o(.text) for __Heap_ProvideMemory
    init_alloc.o(.text) refers to defsig_rtmem_outer.o(.text) for __rt_SIGRTMEM
    init_alloc.o(.text) refers to rt_heap_descriptor_intlibspace.o(.text) for __rt_heap_descriptor
    init_alloc.o(.text) refers to h1_init.o(.text) for __Heap_Initialize
    malloc.o(.text) refers (Special) to hguard.o(.text) for __heap$guard
    malloc.o(.text) refers (Special) to init_alloc.o(.text) for _init_alloc
    malloc.o(.text) refers to rt_heap_descriptor_intlibspace.o(.text) for __rt_heap_descriptor
    malloc.o(.text) refers to heapstubs.o(.text) for __Heap_Alloc
    h1_alloc.o(.text) refers (Special) to h1_init.o(.text) for __Heap_Initialize
    h1_alloc.o(.text) refers to rt_heap_descriptor_intlibspace.o(.text) for __rt_heap_descriptor
    h1_alloc.o(.text) refers to init_alloc.o(.text) for __Heap_Full
    h1_alloc_mt.o(.text) refers (Special) to h1_init.o(.text) for __Heap_Initialize
    h1_alloc_mt.o(.text) refers to init_alloc.o(.text) for __Heap_Full
    h1_alloc_mt.o(.text) refers to rt_heap_descriptor_intlibspace.o(.text) for __rt_heap_descriptor
    fseek.o(.text) refers to retarget_io.o(i._sys_istty) for _sys_istty
    fseek.o(.text) refers to ftell.o(.text) for _ftell_internal
    fseek.o(.text) refers to retarget_io.o(i._sys_flen) for _sys_flen
    fseek.o(.text) refers to stdio.o(.text) for _seterr
    stdio.o(.text) refers to retarget_io.o(i._sys_seek) for _sys_seek
    stdio.o(.text) refers to retarget_io.o(i._sys_write) for _sys_write
    fwritefast.o(.text) refers to stdio.o(.text) for _writebuf
    fwritefast.o(.text) refers to flsbuf.o(.text) for __flsbuf_byte
    fwritefast.o(.text) refers to rt_memcpy_v6.o(.text) for __aeabi_memcpy
    fwritefast_locked.o(.text) refers to stdio.o(.text) for _writebuf
    fwritefast_locked.o(.text) refers to flsbuf.o(.text) for __flsbuf_byte
    fwritefast_locked.o(.text) refers to rt_memcpy_v6.o(.text) for __aeabi_memcpy
    exit.o(.text) refers to rtexit.o(.ARM.Collect$$rtexit$$00000000) for __rt_exit
    defsig_exit.o(.text) refers to sys_exit.o(.text) for _sys_exit
    defsig_rtred_inner.o(.text) refers to defsig_general.o(.text) for __default_signal_display
    assert_stdio.o(.text) refers to fputs.o(.text) for fputs
    assert_stdio.o(.text) refers to fflush.o(.text) for fflush
    assert_stdio.o(.text) refers to stdio_streams.o(.bss) for __stderr
    argv_veneer.o(.emb_text) refers to no_argv.o(.text) for __ARM_get_argv
    libinit.o(.ARM.Collect$$libinit$$00000000) refers (Special) to libinit2.o(.ARM.Collect$$libinit$$0000002E) for __rt_lib_init_alloca_1
    libinit.o(.ARM.Collect$$libinit$$00000000) refers (Special) to libinit2.o(.ARM.Collect$$libinit$$0000002C) for __rt_lib_init_argv_1
    libinit.o(.ARM.Collect$$libinit$$00000000) refers (Special) to libinit2.o(.ARM.Collect$$libinit$$0000001B) for __rt_lib_init_atexit_1
    libinit.o(.ARM.Collect$$libinit$$00000000) refers (Special) to libinit2.o(.ARM.Collect$$libinit$$00000021) for __rt_lib_init_clock_1
    libinit.o(.ARM.Collect$$libinit$$00000000) refers (Special) to libinit2.o(.ARM.Collect$$libinit$$00000032) for __rt_lib_init_cpp_1
    libinit.o(.ARM.Collect$$libinit$$00000000) refers (Special) to libinit2.o(.ARM.Collect$$libinit$$00000030) for __rt_lib_init_exceptions_1
    libinit.o(.ARM.Collect$$libinit$$00000000) refers (Special) to libinit2.o(.ARM.Collect$$libinit$$00000001) for __rt_lib_init_fp_1
    libinit.o(.ARM.Collect$$libinit$$00000000) refers (Special) to libinit2.o(.ARM.Collect$$libinit$$0000001F) for __rt_lib_init_fp_trap_1
    libinit.o(.ARM.Collect$$libinit$$00000000) refers (Special) to libinit2.o(.ARM.Collect$$libinit$$00000023) for __rt_lib_init_getenv_1
    libinit.o(.ARM.Collect$$libinit$$00000000) refers (Special) to libinit2.o(.ARM.Collect$$libinit$$0000000A) for __rt_lib_init_heap_1
    libinit.o(.ARM.Collect$$libinit$$00000000) refers (Special) to libinit2.o(.ARM.Collect$$libinit$$00000011) for __rt_lib_init_lc_collate_1
    libinit.o(.ARM.Collect$$libinit$$00000000) refers (Special) to libinit2.o(.ARM.Collect$$libinit$$00000013) for __rt_lib_init_lc_ctype_1
    libinit.o(.ARM.Collect$$libinit$$00000000) refers (Special) to libinit2.o(.ARM.Collect$$libinit$$00000015) for __rt_lib_init_lc_monetary_1
    libinit.o(.ARM.Collect$$libinit$$00000000) refers (Special) to libinit2.o(.ARM.Collect$$libinit$$00000017) for __rt_lib_init_lc_numeric_1
    libinit.o(.ARM.Collect$$libinit$$00000000) refers (Special) to libinit2.o(.ARM.Collect$$libinit$$00000019) for __rt_lib_init_lc_time_1
    libinit.o(.ARM.Collect$$libinit$$00000000) refers (Special) to libinit2.o(.ARM.Collect$$libinit$$00000004) for __rt_lib_init_preinit_1
    libinit.o(.ARM.Collect$$libinit$$00000000) refers (Special) to libinit2.o(.ARM.Collect$$libinit$$0000000E) for __rt_lib_init_rand_1
    libinit.o(.ARM.Collect$$libinit$$00000000) refers (Special) to libinit2.o(.ARM.Collect$$libinit$$00000033) for __rt_lib_init_return
    libinit.o(.ARM.Collect$$libinit$$00000000) refers (Special) to libinit2.o(.ARM.Collect$$libinit$$0000001D) for __rt_lib_init_signal_1
    libinit.o(.ARM.Collect$$libinit$$00000000) refers (Special) to libinit2.o(.ARM.Collect$$libinit$$00000025) for __rt_lib_init_stdio_1
    libinit.o(.ARM.Collect$$libinit$$00000000) refers (Special) to libinit2.o(.ARM.Collect$$libinit$$0000000C) for __rt_lib_init_user_alloc_1
    sys_exit.o(.text) refers (Special) to use_no_semi.o(.text) for __I$use$semihosting
    sys_exit.o(.text) refers (Special) to indicate_semi.o(.text) for __semihosting_library_function
    libspace.o(.text) refers to libspace.o(.bss) for __libspace_start
    sys_stackheap.o(.text) refers (Special) to indicate_semi.o(.text) for __semihosting_library_function
    sys_stackheap.o(.text) refers to use_no_semi.o(.text) for __I$use$semihosting
    rtexit.o(.ARM.Collect$$rtexit$$00000000) refers (Special) to rtexit2.o(.ARM.Collect$$rtexit$$00000004) for __rt_exit_exit
    rtexit.o(.ARM.Collect$$rtexit$$00000000) refers (Special) to rtexit2.o(.ARM.Collect$$rtexit$$00000003) for __rt_exit_ls
    rtexit.o(.ARM.Collect$$rtexit$$00000000) refers (Special) to rtexit2.o(.ARM.Collect$$rtexit$$00000002) for __rt_exit_prels_1
    rtexit.o(.ARM.exidx) refers (Special) to rtexit2.o(.ARM.Collect$$rtexit$$00000004) for __rt_exit_exit
    rtexit.o(.ARM.exidx) refers (Special) to rtexit2.o(.ARM.Collect$$rtexit$$00000003) for __rt_exit_ls
    rtexit.o(.ARM.exidx) refers (Special) to rtexit2.o(.ARM.Collect$$rtexit$$00000002) for __rt_exit_prels_1
    rtexit.o(.ARM.exidx) refers to rtexit.o(.ARM.Collect$$rtexit$$00000000) for .ARM.Collect$$rtexit$$00000000
    maybetermalloc2.o(.emb_text) refers (Special) to term_alloc.o(.text) for _terminate_alloc
    h1_extend.o(.text) refers to h1_free.o(.text) for free
    h1_init_mt.o(.text) refers to mutex_dummy.o(.text) for _mutex_initialize
    h1_extend_mt.o(.text) refers to h1_free_mt.o(.text) for _free_internal
    fflush.o(.text) refers to stdio.o(.text) for _fflush
    fflush.o(.text) refers to fseek.o(.text) for _fseek
    fflush.o(.text) refers to stdio_streams.o(.bss) for __stdin
    fputs.o(.text) refers to fputc.o(i.fputc) for fputc
    ftell.o(.text) refers to rt_errno_addr_intlibspace.o(.text) for __aeabi_errno_addr
    fflush_locked.o(.text) refers to stdio.o(.text) for _fflush
    fflush_locked.o(.text) refers to fseek.o(.text) for _fseek
    fflush_locked.o(.text) refers to fflush.o(.text) for _do_fflush
    fflush_locked.o(.text) refers to streamlock.o(.data) for _stream_list_lock
    fflush_locked.o(.text) refers to stdio_streams.o(.bss) for __stdin
    __raise.o(.text) refers to defsig.o(CL$$defsig) for __default_signal_handler
    defsig_general.o(.text) refers to sys_wrch.o(.text) for _ttywrch
    defsig_rtmem_outer.o(.text) refers to defsig_rtmem_inner.o(.text) for __rt_SIGRTMEM_inner
    defsig_rtmem_outer.o(.text) refers to defsig_exit.o(.text) for __sig_exit
    defsig_rtmem_formal.o(.text) refers to rt_raise.o(.text) for __rt_raise
    rt_memcpy_v6.o(.text) refers to rt_memcpy_w.o(.text) for __aeabi_memcpy4
    heapauxa.o(.text) refers to heapauxa.o(.data) for .data
    _get_argv.o(.text) refers (Special) to hrguard.o(.text) for __heap_region$guard
    _get_argv.o(.text) refers to h1_alloc.o(.text) for malloc
    _get_argv.o(.text) refers to defsig_rtmem_outer.o(.text) for __rt_SIGRTMEM
    _get_argv.o(.text) refers to sys_command.o(.text) for _sys_command_string
    _get_argv_nomalloc.o(.text) refers (Special) to hrguard.o(.text) for __heap_region$guard
    _get_argv_nomalloc.o(.text) refers to defsig_rtmem_outer.o(.text) for __rt_SIGRTMEM
    _get_argv_nomalloc.o(.text) refers to sys_command.o(.text) for _sys_command_string
    libinit3.o(.ARM.Collect$$libinit$$00000006) refers to libinit3.o(.ARM.Collect$$libinit$$00002717) for __lit__00000000
    libinit3.o(.ARM.Collect$$libinit$$00000006) refers (Weak) to init_alloc.o(.text) for _init_alloc
    libinit3.o(.ARM.Collect$$libinit$$00002717) refers to startup_armcm4.o(HEAP) for __heap_base
    libinit3.o(.ARM.Collect$$libinit$$00000028) refers to libinit3.o(.ARM.Collect$$libinit$$00002739) for __lit__00000002
    libinit3.o(.ARM.Collect$$libinit$$00000028) refers to argv_veneer.o(.emb_text) for __ARM_argv_veneer
    libinit3.o(.ARM.Collect$$libinit$$00002739) refers to startup_armcm4.o(HEAP) for __heap_base
    sys_wrch.o(.text) refers (Special) to use_no_semi.o(.text) for __I$use$semihosting
    sys_wrch.o(.text) refers (Special) to indicate_semi.o(.text) for __semihosting_library_function
    sys_command.o(.text) refers (Special) to use_no_semi.o(.text) for __I$use$semihosting
    sys_command.o(.text) refers (Special) to indicate_semi.o(.text) for __semihosting_library_function
    rtexit2.o(.ARM.Collect$$rtexit$$00000003) refers to libshutdown.o(.ARM.Collect$$libshutdown$$00000000) for __rt_lib_shutdown
    rtexit2.o(.ARM.Collect$$rtexit$$00000004) refers to sys_exit.o(.text) for _sys_exit
    rtexit2.o(.ARM.exidx) refers to rtexit2.o(.ARM.Collect$$rtexit$$00000001) for .ARM.Collect$$rtexit$$00000001
    rtexit2.o(.ARM.exidx) refers to rtexit2.o(.ARM.Collect$$rtexit$$00000003) for .ARM.Collect$$rtexit$$00000003
    rtexit2.o(.ARM.exidx) refers to rtexit2.o(.ARM.Collect$$rtexit$$00000004) for .ARM.Collect$$rtexit$$00000004
    rt_errno_addr.o(.text) refers to rt_errno_addr.o(.bss) for __aeabi_errno_addr_data
    rt_errno_addr_intlibspace.o(.text) refers to libspace.o(.bss) for __libspace_start
    term_alloc.o(.text) refers (Special) to libshutdown2.o(.ARM.Collect$$libshutdown$$0000000E) for __rt_lib_shutdown_heap_2
    term_alloc.o(.text) refers to rt_heap_descriptor_intlibspace.o(.text) for __rt_heap_descriptor
    term_alloc.o(.text) refers to h1_final.o(.text) for __Heap_Finalize
    defsig_rtmem_inner.o(.text) refers to defsig_general.o(.text) for __default_signal_display
    defsig.o(CL$$defsig) refers to defsig_rtred_inner.o(.text) for __rt_SIGRTRED_inner
    defsig.o(CL$$defsig) refers to defsig_rtmem_inner.o(.text) for __rt_SIGRTMEM_inner
    defsig_abrt_inner.o(.text) refers to defsig_general.o(.text) for __default_signal_display
    defsig_fpe_inner.o(.text) refers to defsig_general.o(.text) for __default_signal_display
    defsig_stak_inner.o(.text) refers to defsig_general.o(.text) for __default_signal_display
    defsig_pvfn_inner.o(.text) refers to defsig_general.o(.text) for __default_signal_display
    defsig_cppl_inner.o(.text) refers to defsig_general.o(.text) for __default_signal_display
    defsig_segv_inner.o(.text) refers to defsig_general.o(.text) for __default_signal_display
    defsig_other.o(.text) refers to defsig_general.o(.text) for __default_signal_display
    libshutdown.o(.ARM.Collect$$libshutdown$$00000000) refers (Special) to libshutdown2.o(.ARM.Collect$$libshutdown$$00000002) for __rt_lib_shutdown_cpp_1
    libshutdown.o(.ARM.Collect$$libshutdown$$00000000) refers (Special) to libshutdown2.o(.ARM.Collect$$libshutdown$$00000007) for __rt_lib_shutdown_fp_trap_1
    libshutdown.o(.ARM.Collect$$libshutdown$$00000000) refers (Special) to libshutdown2.o(.ARM.Collect$$libshutdown$$0000000F) for __rt_lib_shutdown_heap_1
    libshutdown.o(.ARM.Collect$$libshutdown$$00000000) refers (Special) to libshutdown2.o(.ARM.Collect$$libshutdown$$00000010) for __rt_lib_shutdown_return
    libshutdown.o(.ARM.Collect$$libshutdown$$00000000) refers (Special) to libshutdown2.o(.ARM.Collect$$libshutdown$$0000000A) for __rt_lib_shutdown_signal_1
    libshutdown.o(.ARM.Collect$$libshutdown$$00000000) refers (Special) to libshutdown2.o(.ARM.Collect$$libshutdown$$00000004) for __rt_lib_shutdown_stdio_1
    libshutdown.o(.ARM.Collect$$libshutdown$$00000000) refers (Special) to libshutdown2.o(.ARM.Collect$$libshutdown$$0000000C) for __rt_lib_shutdown_user_alloc_1


==============================================================================

Removing Unused input sections from the image.

    Removing unity.o(i.UnityAssertBits), (116 bytes).
    Removing unity.o(i.UnityAssertEqualFloatArray), (284 bytes).
    Removing unity.o(i.UnityAssertEqualMemory), (304 bytes).
    Removing unity.o(i.UnityAssertEqualNumber), (108 bytes).
    Removing unity.o(i.UnityAssertEqualString), (128 bytes).
    Removing unity.o(i.UnityAssertEqualStringArray), (272 bytes).
    Removing unity.o(i.UnityAssertEqualStringLen), (140 bytes).
    Removing unity.o(i.UnityAssertFloatSpecial), (308 bytes).
    Removing unity.o(i.UnityAssertFloatsWithin), (132 bytes).
    Removing unity.o(i.UnityAssertGreaterOrLessOrEqualNumber), (240 bytes).
    Removing unity.o(i.UnityAssertNumbersWithin), (216 bytes).
    Removing unity.o(i.UnityFail), (152 bytes).
    Removing unity.o(i.UnityFloatToPtr), (12 bytes).
    Removing unity.o(i.UnityFloatsWithin), (184 bytes).
    Removing unity.o(i.UnityIgnore), (88 bytes).
    Removing unity.o(i.UnityNumToPtr), (44 bytes).
    Removing unity.o(i.UnityPrintExpectedAndActualStrings), (100 bytes).
    Removing unity.o(i.UnityPrintExpectedAndActualStringsLen), (108 bytes).
    Removing unity.o(i.UnityPrintFloat), (748 bytes).
    Removing unity.o(i.UnityPrintLen), (128 bytes).
    Removing unity.o(i.UnityPrintMask), (72 bytes).
    Removing unity.o(i.__ARM_isinff), (20 bytes).
    Removing unity.o(i.__ARM_isnanf), (14 bytes).
    Removing unity.o(i.suiteSetUp), (2 bytes).
    Removing unity.o(i.suiteTearDown), (2 bytes).
    Removing unity.o(.data), (4 bytes).
    Removing retarget_io.o(i.ITM_ReceiveChar), (36 bytes).
    Removing retarget_io.o(i._sys_read), (46 bytes).
    Removing retarget_io.o(.data), (4 bytes).
    Removing system_armcm4.o(.rev16_text), (4 bytes).
    Removing system_armcm4.o(.revsh_text), (4 bytes).
    Removing system_armcm4.o(.rrx_text), (6 bytes).
    Removing system_armcm4.o(i.SystemCoreClockUpdate), (16 bytes).

33 unused section(s) (total 4042 bytes) removed from the image.

==============================================================================

Image Symbol Table

    Local Symbols

    Symbol Name                              Value     Ov Type        Size  Object(Section)

    RESET                                    0x00000000   Section      960  startup_armcm4.o(RESET)
    ../clib/angel/boardlib.s                 0x00000000   Number         0  boardinit2.o ABSOLUTE
    ../clib/angel/boardlib.s                 0x00000000   Number         0  boardinit3.o ABSOLUTE
    ../clib/angel/boardlib.s                 0x00000000   Number         0  boardinit1.o ABSOLUTE
    ../clib/angel/boardlib.s                 0x00000000   Number         0  boardshut.o ABSOLUTE
    ../clib/angel/handlers.s                 0x00000000   Number         0  __scatter_copy.o ABSOLUTE
    ../clib/angel/handlers.s                 0x00000000   Number         0  __scatter_zi.o ABSOLUTE
    ../clib/angel/kernel.s                   0x00000000   Number         0  __rtentry.o ABSOLUTE
    ../clib/angel/kernel.s                   0x00000000   Number         0  __rtentry4.o ABSOLUTE
    ../clib/angel/kernel.s                   0x00000000   Number         0  __rtentry5.o ABSOLUTE
    ../clib/angel/kernel.s                   0x00000000   Number         0  rtexit.o ABSOLUTE
    ../clib/angel/kernel.s                   0x00000000   Number         0  __rtentry2.o ABSOLUTE
    ../clib/angel/kernel.s                   0x00000000   Number         0  rtexit2.o ABSOLUTE
    ../clib/angel/rt.s                       0x00000000   Number         0  rt_heap_descriptor_intlibspace.o ABSOLUTE
    ../clib/angel/rt.s                       0x00000000   Number         0  rt_raise.o ABSOLUTE
    ../clib/angel/rt.s                       0x00000000   Number         0  rt_errno_addr.o ABSOLUTE
    ../clib/angel/rt.s                       0x00000000   Number         0  rt_errno_addr_intlibspace.o ABSOLUTE
    ../clib/angel/rt.s                       0x00000000   Number         0  rt_heap_descriptor.o ABSOLUTE
    ../clib/angel/scatter.s                  0x00000000   Number         0  __scatter.o ABSOLUTE
    ../clib/angel/startup.s                  0x00000000   Number         0  __main.o ABSOLUTE
    ../clib/angel/sys.s                      0x00000000   Number         0  mutex_dummy.o ABSOLUTE
    ../clib/angel/sys.s                      0x00000000   Number         0  sys_stackheap.o ABSOLUTE
    ../clib/angel/sys.s                      0x00000000   Number         0  sys_stackheap_outer.o ABSOLUTE
    ../clib/angel/sys.s                      0x00000000   Number         0  indicate_semi.o ABSOLUTE
    ../clib/angel/sys.s                      0x00000000   Number         0  use_no_semi.o ABSOLUTE
    ../clib/angel/sys.s                      0x00000000   Number         0  libspace.o ABSOLUTE
    ../clib/angel/sysapp.c                   0x00000000   Number         0  sys_command.o ABSOLUTE
    ../clib/angel/sysapp.c                   0x00000000   Number         0  sys_wrch.o ABSOLUTE
    ../clib/angel/sysapp.c                   0x00000000   Number         0  sys_exit.o ABSOLUTE
    ../clib/armsys.c                         0x00000000   Number         0  _get_argv_nomalloc.o ABSOLUTE
    ../clib/armsys.c                         0x00000000   Number         0  _get_argv.o ABSOLUTE
    ../clib/armsys.c                         0x00000000   Number         0  no_argv.o ABSOLUTE
    ../clib/armsys.c                         0x00000000   Number         0  argv_veneer.o ABSOLUTE
    ../clib/armsys.c                         0x00000000   Number         0  argv_veneer.o ABSOLUTE
    ../clib/assert.c                         0x00000000   Number         0  assert_stdio.o ABSOLUTE
    ../clib/heap1.c                          0x00000000   Number         0  h1_alloc_mt.o ABSOLUTE
    ../clib/heap1.c                          0x00000000   Number         0  h1_alloc.o ABSOLUTE
    ../clib/heap1.c                          0x00000000   Number         0  h1_extend_mt.o ABSOLUTE
    ../clib/heap1.c                          0x00000000   Number         0  h1_final.o ABSOLUTE
    ../clib/heap1.c                          0x00000000   Number         0  h1_free.o ABSOLUTE
    ../clib/heap1.c                          0x00000000   Number         0  h1_final_mt.o ABSOLUTE
    ../clib/heap1.c                          0x00000000   Number         0  h1_free_mt.o ABSOLUTE
    ../clib/heap1.c                          0x00000000   Number         0  h1_init_mt.o ABSOLUTE
    ../clib/heap1.c                          0x00000000   Number         0  h1_extend.o ABSOLUTE
    ../clib/heap1.c                          0x00000000   Number         0  h1_init.o ABSOLUTE
    ../clib/heap2.c                          0x00000000   Number         0  heap2.o ABSOLUTE
    ../clib/heap2.c                          0x00000000   Number         0  fdtree.o ABSOLUTE
    ../clib/heap2.c                          0x00000000   Number         0  heap2mt.o ABSOLUTE
    ../clib/heapalloc.c                      0x00000000   Number         0  init_alloc.o ABSOLUTE
    ../clib/heapalloc.c                      0x00000000   Number         0  term_alloc.o ABSOLUTE
    ../clib/heapalloc.c                      0x00000000   Number         0  heapstubs.o ABSOLUTE
    ../clib/heapalloc.c                      0x00000000   Number         0  free.o ABSOLUTE
    ../clib/heapalloc.c                      0x00000000   Number         0  hguard.o ABSOLUTE
    ../clib/heapalloc.c                      0x00000000   Number         0  hrguard.o ABSOLUTE
    ../clib/heapalloc.c                      0x00000000   Number         0  malloc.o ABSOLUTE
    ../clib/heapalloc.c                      0x00000000   Number         0  maybetermalloc1.o ABSOLUTE
    ../clib/heapalloc.c                      0x00000000   Number         0  maybetermalloc1.o ABSOLUTE
    ../clib/heapalloc.c                      0x00000000   Number         0  maybetermalloc2.o ABSOLUTE
    ../clib/heapalloc.c                      0x00000000   Number         0  maybetermalloc2.o ABSOLUTE
    ../clib/heapaux.c                        0x00000000   Number         0  heapauxi.o ABSOLUTE
    ../clib/heapaux.c                        0x00000000   Number         0  heapauxa.o ABSOLUTE
    ../clib/libinit.s                        0x00000000   Number         0  libshutdown2.o ABSOLUTE
    ../clib/libinit.s                        0x00000000   Number         0  libinit2.o ABSOLUTE
    ../clib/libinit.s                        0x00000000   Number         0  libshutdown.o ABSOLUTE
    ../clib/libinit.s                        0x00000000   Number         0  libinit.o ABSOLUTE
    ../clib/libinit.s                        0x00000000   Number         0  libinit3.o ABSOLUTE
    ../clib/memcpset.s                       0x00000000   Number         0  rt_memcpy_v6.o ABSOLUTE
    ../clib/memcpset.s                       0x00000000   Number         0  rt_memcpy_w.o ABSOLUTE
    ../clib/memcpset.s                       0x00000000   Number         0  rt_memclr_w.o ABSOLUTE
    ../clib/memcpset.s                       0x00000000   Number         0  strcmpv7m.o ABSOLUTE
    ../clib/signal.c                         0x00000000   Number         0  defsig_segv_inner.o ABSOLUTE
    ../clib/signal.c                         0x00000000   Number         0  defsig_cppl_inner.o ABSOLUTE
    ../clib/signal.c                         0x00000000   Number         0  defsig_pvfn_inner.o ABSOLUTE
    ../clib/signal.c                         0x00000000   Number         0  defsig_stak_inner.o ABSOLUTE
    ../clib/signal.c                         0x00000000   Number         0  defsig_fpe_inner.o ABSOLUTE
    ../clib/signal.c                         0x00000000   Number         0  defsig_rtmem_inner.o ABSOLUTE
    ../clib/signal.c                         0x00000000   Number         0  defsig_abrt_inner.o ABSOLUTE
    ../clib/signal.c                         0x00000000   Number         0  defsig_rtmem_formal.o ABSOLUTE
    ../clib/signal.c                         0x00000000   Number         0  defsig_rtmem_outer.o ABSOLUTE
    ../clib/signal.c                         0x00000000   Number         0  defsig_rtred_inner.o ABSOLUTE
    ../clib/signal.c                         0x00000000   Number         0  defsig_general.o ABSOLUTE
    ../clib/signal.c                         0x00000000   Number         0  defsig_exit.o ABSOLUTE
    ../clib/signal.c                         0x00000000   Number         0  __raise.o ABSOLUTE
    ../clib/signal.c                         0x00000000   Number         0  defsig_rtred_outer.o ABSOLUTE
    ../clib/signal.c                         0x00000000   Number         0  defsig_rtred_formal.o ABSOLUTE
    ../clib/signal.c                         0x00000000   Number         0  defsig_other.o ABSOLUTE
    ../clib/signal.s                         0x00000000   Number         0  defsig.o ABSOLUTE
    ../clib/stdio.c                          0x00000000   Number         0  flsbuf.o ABSOLUTE
    ../clib/stdio.c                          0x00000000   Number         0  streamlock.o ABSOLUTE
    ../clib/stdio.c                          0x00000000   Number         0  fwritefast_locked.o ABSOLUTE
    ../clib/stdio.c                          0x00000000   Number         0  fopen_locked.o ABSOLUTE
    ../clib/stdio.c                          0x00000000   Number         0  fputc.o ABSOLUTE
    ../clib/stdio.c                          0x00000000   Number         0  setvbuf.o ABSOLUTE
    ../clib/stdio.c                          0x00000000   Number         0  initio.o ABSOLUTE
    ../clib/stdio.c                          0x00000000   Number         0  fseek.o ABSOLUTE
    ../clib/stdio.c                          0x00000000   Number         0  putc.o ABSOLUTE
    ../clib/stdio.c                          0x00000000   Number         0  fwritefast.o ABSOLUTE
    ../clib/stdio.c                          0x00000000   Number         0  stdio_streams.o ABSOLUTE
    ../clib/stdio.c                          0x00000000   Number         0  fputc_locked.o ABSOLUTE
    ../clib/stdio.c                          0x00000000   Number         0  initio_locked.o ABSOLUTE
    ../clib/stdio.c                          0x00000000   Number         0  fflush_locked.o ABSOLUTE
    ../clib/stdio.c                          0x00000000   Number         0  stdio.o ABSOLUTE
    ../clib/stdio.c                          0x00000000   Number         0  fputs_locked.o ABSOLUTE
    ../clib/stdio.c                          0x00000000   Number         0  ftell.o ABSOLUTE
    ../clib/stdio.c                          0x00000000   Number         0  fputs.o ABSOLUTE
    ../clib/stdio.c                          0x00000000   Number         0  fflush.o ABSOLUTE
    ../clib/stdio.c                          0x00000000   Number         0  setvbuf_locked.o ABSOLUTE
    ../clib/stdio.c                          0x00000000   Number         0  fclose.o ABSOLUTE
    ../clib/stdio.c                          0x00000000   Number         0  fopen.o ABSOLUTE
    ../clib/stdlib.c                         0x00000000   Number         0  exit.o ABSOLUTE
    ../clib/wchar.c                          0x00000000   Number         0  flsbuf_fwide.o ABSOLUTE
    ../fplib/fpinit.s                        0x00000000   Number         0  fpinit.o ABSOLUTE
    ../fplib/setjmp.s                        0x00000000   Number         0  setjmp.o ABSOLUTE
    C:\Keil_v5\ARM\PACK\Keil\ARM_Compiler\1.6.0\Source\retarget_io.c 0x00000000   Number         0  retarget_io.o ABSOLUTE
    RTE\Device\ARMCM4_FP\startup_ARMCM4.s    0x00000000   Number         0  startup_armcm4.o ABSOLUTE
    RTE\Device\ARMCM4_FP\system_ARMCM4.c     0x00000000   Number         0  system_armcm4.o ABSOLUTE
    RTE\\Device\\ARMCM4_FP\\system_ARMCM4.c  0x00000000   Number         0  system_armcm4.o ABSOLUTE
    dc.s                                     0x00000000   Number         0  dc.o ABSOLUTE
    lib\unity\unity.c                        0x00000000   Number         0  unity.o ABSOLUTE
    source\functions.c                       0x00000000   Number         0  functions.o ABSOLUTE
    source\functions_asm.s                   0x00000000   Number         0  functions_asm.o ABSOLUTE
    source\testFunctions_all.c               0x00000000   Number         0  testfunctions_all.o ABSOLUTE
    !!!main                                  0x000003c0   Section        8  __main.o(!!!main)
    !!!scatter                               0x000003c8   Section       52  __scatter.o(!!!scatter)
    !!handler_copy                           0x000003fc   Section       26  __scatter_copy.o(!!handler_copy)
    !!handler_zi                             0x00000418   Section       28  __scatter_zi.o(!!handler_zi)
    .ARM.Collect$$libinit$$00000000          0x00000434   Section        2  libinit.o(.ARM.Collect$$libinit$$00000000)
    .ARM.Collect$$libinit$$00000001          0x00000436   Section        4  libinit2.o(.ARM.Collect$$libinit$$00000001)
    .ARM.Collect$$libinit$$00000004          0x0000043a   Section        0  libinit2.o(.ARM.Collect$$libinit$$00000004)
    .ARM.Collect$$libinit$$00000006          0x0000043a   Section        8  libinit3.o(.ARM.Collect$$libinit$$00000006)
    .ARM.Collect$$libinit$$0000000A          0x00000442   Section        0  libinit2.o(.ARM.Collect$$libinit$$0000000A)
    .ARM.Collect$$libinit$$0000000C          0x00000442   Section        0  libinit2.o(.ARM.Collect$$libinit$$0000000C)
    .ARM.Collect$$libinit$$0000000E          0x00000442   Section        0  libinit2.o(.ARM.Collect$$libinit$$0000000E)
    .ARM.Collect$$libinit$$00000011          0x00000442   Section        0  libinit2.o(.ARM.Collect$$libinit$$00000011)
    .ARM.Collect$$libinit$$00000013          0x00000442   Section        0  libinit2.o(.ARM.Collect$$libinit$$00000013)
    .ARM.Collect$$libinit$$00000015          0x00000442   Section        0  libinit2.o(.ARM.Collect$$libinit$$00000015)
    .ARM.Collect$$libinit$$00000017          0x00000442   Section        0  libinit2.o(.ARM.Collect$$libinit$$00000017)
    .ARM.Collect$$libinit$$00000019          0x00000442   Section        0  libinit2.o(.ARM.Collect$$libinit$$00000019)
    .ARM.Collect$$libinit$$0000001B          0x00000442   Section        0  libinit2.o(.ARM.Collect$$libinit$$0000001B)
    .ARM.Collect$$libinit$$0000001D          0x00000442   Section        0  libinit2.o(.ARM.Collect$$libinit$$0000001D)
    .ARM.Collect$$libinit$$0000001F          0x00000442   Section        0  libinit2.o(.ARM.Collect$$libinit$$0000001F)
    .ARM.Collect$$libinit$$00000021          0x00000442   Section        0  libinit2.o(.ARM.Collect$$libinit$$00000021)
    .ARM.Collect$$libinit$$00000023          0x00000442   Section        0  libinit2.o(.ARM.Collect$$libinit$$00000023)
    .ARM.Collect$$libinit$$00000024          0x00000442   Section        4  libinit2.o(.ARM.Collect$$libinit$$00000024)
    .ARM.Collect$$libinit$$00000025          0x00000446   Section        0  libinit2.o(.ARM.Collect$$libinit$$00000025)
    .ARM.Collect$$libinit$$0000002C          0x00000446   Section        0  libinit2.o(.ARM.Collect$$libinit$$0000002C)
    .ARM.Collect$$libinit$$0000002E          0x00000446   Section        0  libinit2.o(.ARM.Collect$$libinit$$0000002E)
    .ARM.Collect$$libinit$$00000030          0x00000446   Section        0  libinit2.o(.ARM.Collect$$libinit$$00000030)
    .ARM.Collect$$libinit$$00000032          0x00000446   Section        0  libinit2.o(.ARM.Collect$$libinit$$00000032)
    .ARM.Collect$$libinit$$00000033          0x00000446   Section        2  libinit2.o(.ARM.Collect$$libinit$$00000033)
    .ARM.Collect$$libinit$$00002717          0x00000448   Section        8  libinit3.o(.ARM.Collect$$libinit$$00002717)
    __lit__00000000                          0x00000448   Data           4  libinit3.o(.ARM.Collect$$libinit$$00002717)
    __lit__00000001                          0x0000044c   Data           4  libinit3.o(.ARM.Collect$$libinit$$00002717)
    .ARM.Collect$$libshutdown$$00000000      0x00000450   Section        2  libshutdown.o(.ARM.Collect$$libshutdown$$00000000)
    .ARM.Collect$$libshutdown$$00000002      0x00000452   Section        0  libshutdown2.o(.ARM.Collect$$libshutdown$$00000002)
    .ARM.Collect$$libshutdown$$00000003      0x00000452   Section        4  libshutdown2.o(.ARM.Collect$$libshutdown$$00000003)
    .ARM.Collect$$libshutdown$$00000004      0x00000456   Section        0  libshutdown2.o(.ARM.Collect$$libshutdown$$00000004)
    .ARM.Collect$$libshutdown$$00000007      0x00000456   Section        0  libshutdown2.o(.ARM.Collect$$libshutdown$$00000007)
    .ARM.Collect$$libshutdown$$0000000A      0x00000456   Section        0  libshutdown2.o(.ARM.Collect$$libshutdown$$0000000A)
    .ARM.Collect$$libshutdown$$0000000C      0x00000456   Section        0  libshutdown2.o(.ARM.Collect$$libshutdown$$0000000C)
    .ARM.Collect$$libshutdown$$0000000F      0x00000456   Section        0  libshutdown2.o(.ARM.Collect$$libshutdown$$0000000F)
    .ARM.Collect$$libshutdown$$00000010      0x00000456   Section        2  libshutdown2.o(.ARM.Collect$$libshutdown$$00000010)
    .ARM.Collect$$rtentry$$00000000          0x00000458   Section        0  __rtentry.o(.ARM.Collect$$rtentry$$00000000)
    .ARM.Collect$$rtentry$$00000002          0x00000458   Section        0  __rtentry2.o(.ARM.Collect$$rtentry$$00000002)
    .ARM.Collect$$rtentry$$00000005          0x00000458   Section        4  __rtentry5.o(.ARM.Collect$$rtentry$$00000005)
    .ARM.Collect$$rtentry$$00000009          0x0000045c   Section        0  __rtentry2.o(.ARM.Collect$$rtentry$$00000009)
    .ARM.Collect$$rtentry$$0000000A          0x0000045c   Section        4  __rtentry2.o(.ARM.Collect$$rtentry$$0000000A)
    .ARM.Collect$$rtentry$$0000000C          0x00000460   Section        0  __rtentry2.o(.ARM.Collect$$rtentry$$0000000C)
    .ARM.Collect$$rtentry$$0000000D          0x00000460   Section        8  __rtentry2.o(.ARM.Collect$$rtentry$$0000000D)
    .ARM.Collect$$rtentry$$00002716          0x00000468   Section        4  __rtentry5.o(.ARM.Collect$$rtentry$$00002716)
    __lit__00000000                          0x00000468   Data           4  __rtentry5.o(.ARM.Collect$$rtentry$$00002716)
    .ARM.Collect$$rtexit$$00000000           0x0000046c   Section        2  rtexit.o(.ARM.Collect$$rtexit$$00000000)
    .ARM.Collect$$rtexit$$00000002           0x0000046e   Section        0  rtexit2.o(.ARM.Collect$$rtexit$$00000002)
    .ARM.Collect$$rtexit$$00000003           0x0000046e   Section        4  rtexit2.o(.ARM.Collect$$rtexit$$00000003)
    .ARM.Collect$$rtexit$$00000004           0x00000472   Section        6  rtexit2.o(.ARM.Collect$$rtexit$$00000004)
    .emb_text                                0x00000478   Section        0  maybetermalloc1.o(.emb_text)
    .text                                    0x00000478   Section       56  startup_armcm4.o(.text)
    $v0                                      0x00000478   Number         0  startup_armcm4.o(.text)
    .text                                    0x000004b0   Section        0  putc.o(.text)
    .text                                    0x000004b4   Section      100  rt_memcpy_w.o(.text)
    .text                                    0x00000518   Section      128  strcmpv7m.o(.text)
    .text                                    0x00000598   Section       98  setjmp.o(.text)
    $v0                                      0x00000598   Number         0  setjmp.o(.text)
    .text                                    0x000005fc   Section        0  initio.o(.text)
    .text                                    0x00000734   Section        0  h1_free.o(.text)
    .text                                    0x00000782   Section        0  flsbuf.o(.text)
    .text                                    0x00000958   Section        0  setvbuf.o(.text)
    .text                                    0x000009a0   Section        0  fopen.o(.text)
    _freopen_locked                          0x000009a1   Thumb Code     0  fopen.o(.text)
    .text                                    0x00000a8c   Section        0  fclose.o(.text)
    .text                                    0x00000ad8   Section        0  defsig_rtred_outer.o(.text)
    .text                                    0x00000ae6   Section       78  rt_memclr_w.o(.text)
    .text                                    0x00000b34   Section        8  rt_heap_descriptor_intlibspace.o(.text)
    .text                                    0x00000b3c   Section        0  hguard.o(.text)
    .text                                    0x00000b40   Section        0  init_alloc.o(.text)
    .text                                    0x00000bca   Section        0  h1_alloc.o(.text)
    .text                                    0x00000c28   Section        0  fseek.o(.text)
    .text                                    0x00000d20   Section        0  stdio.o(.text)
    .text                                    0x00000e10   Section        0  exit.o(.text)
    .text                                    0x00000e22   Section        0  defsig_exit.o(.text)
    .text                                    0x00000e2c   Section        0  defsig_rtred_inner.o(.text)
    .text                                    0x00000e60   Section        0  sys_exit.o(.text)
    .text                                    0x00000e6c   Section        0  h1_init.o(.text)
    .text                                    0x00000e7a   Section        0  h1_extend.o(.text)
    .text                                    0x00000eae   Section        0  ftell.o(.text)
    .text                                    0x00000ef0   Section        0  defsig_general.o(.text)
    .text                                    0x00000f22   Section        0  defsig_rtmem_outer.o(.text)
    .text                                    0x00000f30   Section        0  heapauxa.o(.text)
    .text                                    0x00000f80   Section        0  sys_wrch.o(.text)
    .text                                    0x00000f8e   Section        2  use_no_semi.o(.text)
    .text                                    0x00000f90   Section        8  rt_errno_addr_intlibspace.o(.text)
    .text                                    0x00000f90   Section        0  indicate_semi.o(.text)
    .text                                    0x00000f98   Section        0  defsig_rtmem_inner.o(.text)
    functions_asm                            0x00000fe8   Section      128  functions_asm.o(functions_asm)
    $v0                                      0x00000fe8   Number         0  functions_asm.o(functions_asm)
    i.ITM_SendChar                           0x00001068   Section        0  retarget_io.o(i.ITM_SendChar)
    i.SystemInit                             0x00001098   Section        0  system_armcm4.o(i.SystemInit)
    i.UnityAddMsgIfSpecified                 0x000010c8   Section        0  unity.o(i.UnityAddMsgIfSpecified)
    UnityAddMsgIfSpecified                   0x000010c9   Thumb Code    66  unity.o(i.UnityAddMsgIfSpecified)
    i.UnityAssertEqualIntArray               0x0000111c   Section        0  unity.o(i.UnityAssertEqualIntArray)
    i.UnityBegin                             0x0000125c   Section        0  unity.o(i.UnityBegin)
    i.UnityConcludeTest                      0x0000127c   Section        0  unity.o(i.UnityConcludeTest)
    i.UnityDefaultTestRun                    0x000012d0   Section        0  unity.o(i.UnityDefaultTestRun)
    i.UnityEnd                               0x00001314   Section        0  unity.o(i.UnityEnd)
    i.UnityIsOneArrayNull                    0x000013a0   Section        0  unity.o(i.UnityIsOneArrayNull)
    UnityIsOneArrayNull                      0x000013a1   Thumb Code    74  unity.o(i.UnityIsOneArrayNull)
    i.UnityPrint                             0x000013f4   Section        0  unity.o(i.UnityPrint)
    i.UnityPrintChar                         0x00001410   Section        0  unity.o(i.UnityPrintChar)
    UnityPrintChar                           0x00001411   Thumb Code   100  unity.o(i.UnityPrintChar)
    i.UnityPrintNumber                       0x00001478   Section        0  unity.o(i.UnityPrintNumber)
    i.UnityPrintNumberByStyle                0x00001498   Section        0  unity.o(i.UnityPrintNumberByStyle)
    i.UnityPrintNumberHex                    0x000014e0   Section        0  unity.o(i.UnityPrintNumberHex)
    i.UnityPrintNumberUnsigned               0x0000152c   Section        0  unity.o(i.UnityPrintNumberUnsigned)
    i.UnityTestResultsBegin                  0x00001570   Section        0  unity.o(i.UnityTestResultsBegin)
    UnityTestResultsBegin                    0x00001571   Thumb Code    52  unity.o(i.UnityTestResultsBegin)
    i.UnityTestResultsFailBegin              0x000015ac   Section        0  unity.o(i.UnityTestResultsFailBegin)
    UnityTestResultsFailBegin                0x000015ad   Thumb Code    30  unity.o(i.UnityTestResultsFailBegin)
    i._sys_close                             0x000015d8   Section        0  retarget_io.o(i._sys_close)
    i._sys_flen                              0x000015fe   Section        0  retarget_io.o(i._sys_flen)
    i._sys_istty                             0x00001622   Section        0  retarget_io.o(i._sys_istty)
    i._sys_open                              0x00001648   Section        0  retarget_io.o(i._sys_open)
    i._sys_seek                              0x000016b0   Section        0  retarget_io.o(i._sys_seek)
    i._sys_write                             0x000016dc   Section        0  retarget_io.o(i._sys_write)
    i.fputc                                  0x00001722   Section        0  fputc.o(i.fputc)
    i.main                                   0x0000173c   Section        0  testfunctions_all.o(i.main)
    i.rank_ascending_c                       0x0000182c   Section        0  functions.o(i.rank_ascending_c)
    i.rank_descending_c                      0x0000186a   Section        0  functions.o(i.rank_descending_c)
    i.setUp                                  0x000018a8   Section        0  unity.o(i.setUp)
    i.stdout_putchar                         0x000018aa   Section        0  retarget_io.o(i.stdout_putchar)
    stdout_putchar                           0x000018ab   Thumb Code    12  retarget_io.o(i.stdout_putchar)
    i.swap_c_1                               0x000018b6   Section        0  functions.o(i.swap_c_1)
    i.swap_c_2                               0x000018ca   Section        0  functions.o(i.swap_c_2)
    i.swap_c_3                               0x000018e8   Section        0  functions.o(i.swap_c_3)
    i.tearDown                               0x00001906   Section        0  unity.o(i.tearDown)
    i.test_rank_ascending_c                  0x00001908   Section        0  testfunctions_all.o(i.test_rank_ascending_c)
    i.test_rank_desending_c                  0x0000194c   Section        0  testfunctions_all.o(i.test_rank_desending_c)
    i.test_swap_asm_1                        0x00001990   Section        0  testfunctions_all.o(i.test_swap_asm_1)
    i.test_swap_c_1                          0x00001a04   Section        0  testfunctions_all.o(i.test_swap_c_1)
    i.test_swap_c_2                          0x00001a78   Section        0  testfunctions_all.o(i.test_swap_c_2)
    i.test_swap_c_3                          0x00001aec   Section        0  testfunctions_all.o(i.test_swap_c_3)
    x$fpl$fpinit                             0x00001b60   Section       10  fpinit.o(x$fpl$fpinit)
    $v0                                      0x00001b60   Number         0  fpinit.o(x$fpl$fpinit)
    .constdata                               0x00001b6c   Section      208  testfunctions_all.o(.constdata)
    .constdata                               0x00001c3c   Section      520  unity.o(.constdata)
    UnityStrOk                               0x00001c3c   Data           3  unity.o(.constdata)
    UnityStrPass                             0x00001c3f   Data           5  unity.o(.constdata)
    UnityStrFail                             0x00001c44   Data           5  unity.o(.constdata)
    UnityStrIgnore                           0x00001c49   Data           7  unity.o(.constdata)
    UnityStrNull                             0x00001c50   Data           5  unity.o(.constdata)
    UnityStrSpacer                           0x00001c55   Data           3  unity.o(.constdata)
    UnityStrExpected                         0x00001c58   Data          11  unity.o(.constdata)
    UnityStrWas                              0x00001c63   Data           6  unity.o(.constdata)
    UnityStrGt                               0x00001c69   Data          21  unity.o(.constdata)
    UnityStrLt                               0x00001c7e   Data          18  unity.o(.constdata)
    UnityStrOrEqual                          0x00001c90   Data          13  unity.o(.constdata)
    UnityStrElement                          0x00001c9d   Data          10  unity.o(.constdata)
    UnityStrByte                             0x00001ca7   Data           7  unity.o(.constdata)
    UnityStrMemory                           0x00001cae   Data          18  unity.o(.constdata)
    UnityStrDelta                            0x00001cc0   Data          26  unity.o(.constdata)
    UnityStrPointless                        0x00001cda   Data          55  unity.o(.constdata)
    UnityStrNullPointerForExpected           0x00001d11   Data          29  unity.o(.constdata)
    UnityStrNullPointerForActual             0x00001d2e   Data          25  unity.o(.constdata)
    UnityStrNot                              0x00001d47   Data           5  unity.o(.constdata)
    UnityStrInf                              0x00001d4c   Data           9  unity.o(.constdata)
    UnityStrNegInf                           0x00001d55   Data          18  unity.o(.constdata)
    UnityStrNaN                              0x00001d67   Data           4  unity.o(.constdata)
    UnityStrDet                              0x00001d6b   Data          12  unity.o(.constdata)
    UnityStrInvalidFloatTrait                0x00001d77   Data          20  unity.o(.constdata)
    UnityStrBreaker                          0x00001de7   Data          24  unity.o(.constdata)
    UnityStrResultsTests                     0x00001dff   Data           8  unity.o(.constdata)
    UnityStrResultsFailures                  0x00001e07   Data          11  unity.o(.constdata)
    UnityStrResultsIgnored                   0x00001e12   Data          10  unity.o(.constdata)
    UnityStrDetail1Name                      0x00001e1c   Data          10  unity.o(.constdata)
    UnityStrDetail2Name                      0x00001e26   Data          11  unity.o(.constdata)
    .constdata                               0x00001e44   Section       23  retarget_io.o(.constdata)
    .data                                    0x20000000   Section        4  system_armcm4.o(.data)
    .data                                    0x20000004   Section        4  stdio_streams.o(.data)
    .data                                    0x20000008   Section        4  stdio_streams.o(.data)
    .data                                    0x2000000c   Section        4  stdio_streams.o(.data)
    .data                                    0x20000010   Section        4  heapauxa.o(.data)
    __rt_heap_escrow_base                    0x20000010   Data           4  heapauxa.o(.data)
    .bss                                     0x20000018   Section      200  unity.o(.bss)
    .bss                                     0x200000e0   Section       84  stdio_streams.o(.bss)
    .bss                                     0x20000134   Section       84  stdio_streams.o(.bss)
    .bss                                     0x20000188   Section       84  stdio_streams.o(.bss)
    .bss                                     0x200001dc   Section       96  libspace.o(.bss)
    HEAP                                     0x20000240   Section     3072  startup_armcm4.o(HEAP)
    STACK                                    0x20000e40   Section     1024  startup_armcm4.o(STACK)

    Global Symbols

    Symbol Name                              Value     Ov Type        Size  Object(Section)

    BuildAttributes$$THM_ISAv4$E$P$D$K$B$S$7EM$VFPi3$EXTD16$VFPS$VFMA$PE$A:L22UL41UL21$X:L11$S22US41US21$IEEE1$IW$USESV6$~STKCKD$USESV7$~SHL$OTIME$ROPI$EBA8$UX$STANDARDLIB$REQ8$PRES8$EABIv2 0x00000000   Number         0  anon$$obj.o ABSOLUTE
    __ARM_use_no_argv                        0x00000000   Number         0  testfunctions_all.o ABSOLUTE
    __Vectors                                0x00000000   Data           4  startup_armcm4.o(RESET)
    Image$$ZI$$Limit                          - Undefined Weak Reference
    __ARM_exceptions_init                     - Undefined Weak Reference
    __alloca_initialize                       - Undefined Weak Reference
    __alloca_longjmp                          - Undefined Weak Reference
    __alloca_setjmp                           - Undefined Weak Reference
    __arm_preinit_                            - Undefined Weak Reference
    __cpp_initialize__aeabi_                  - Undefined Weak Reference
    __cxa_finalize                            - Undefined Weak Reference
    __rt_locale                               - Undefined Weak Reference
    __sigvec_lookup                           - Undefined Weak Reference
    __user_heap_extent                        - Undefined Weak Reference
    _atexit_init                              - Undefined Weak Reference
    _call_atexit_fns                          - Undefined Weak Reference
    _clock_init                               - Undefined Weak Reference
    _fp_trap_init                             - Undefined Weak Reference
    _fp_trap_shutdown                         - Undefined Weak Reference
    _get_lc_collate                           - Undefined Weak Reference
    _get_lc_ctype                             - Undefined Weak Reference
    _get_lc_monetary                          - Undefined Weak Reference
    _get_lc_numeric                           - Undefined Weak Reference
    _get_lc_time                              - Undefined Weak Reference
    _getenv_init                              - Undefined Weak Reference
    _handle_redirection                       - Undefined Weak Reference
    _mutex_acquire                            - Undefined Weak Reference
    _mutex_free                               - Undefined Weak Reference
    _mutex_release                            - Undefined Weak Reference
    _rand_init                                - Undefined Weak Reference
    _signal_finish                            - Undefined Weak Reference
    _signal_init                              - Undefined Weak Reference
    __Vectors_End                            0x000003c0   Data           0  startup_armcm4.o(RESET)
    __Vectors_Size                           0x000003c0   Number         0  startup_armcm4.o ABSOLUTE
    __main                                   0x000003c1   Thumb Code     8  __main.o(!!!main)
    __scatterload                            0x000003c9   Thumb Code     0  __scatter.o(!!!scatter)
    __scatterload_rt2                        0x000003c9   Thumb Code    44  __scatter.o(!!!scatter)
    __scatterload_rt2_thumb_only             0x000003c9   Thumb Code     0  __scatter.o(!!!scatter)
    __scatterload_null                       0x000003d7   Thumb Code     0  __scatter.o(!!!scatter)
    __scatterload_copy                       0x000003fd   Thumb Code    26  __scatter_copy.o(!!handler_copy)
    __scatterload_zeroinit                   0x00000419   Thumb Code    28  __scatter_zi.o(!!handler_zi)
    __rt_lib_init                            0x00000435   Thumb Code     0  libinit.o(.ARM.Collect$$libinit$$00000000)
    __rt_lib_init_fp_1                       0x00000437   Thumb Code     0  libinit2.o(.ARM.Collect$$libinit$$00000001)
    __rt_lib_init_heap_2                     0x0000043b   Thumb Code     0  libinit3.o(.ARM.Collect$$libinit$$00000006)
    __rt_lib_init_preinit_1                  0x0000043b   Thumb Code     0  libinit2.o(.ARM.Collect$$libinit$$00000004)
    __rt_lib_init_atexit_1                   0x00000443   Thumb Code     0  libinit2.o(.ARM.Collect$$libinit$$0000001B)
    __rt_lib_init_clock_1                    0x00000443   Thumb Code     0  libinit2.o(.ARM.Collect$$libinit$$00000021)
    __rt_lib_init_fp_trap_1                  0x00000443   Thumb Code     0  libinit2.o(.ARM.Collect$$libinit$$0000001F)
    __rt_lib_init_getenv_1                   0x00000443   Thumb Code     0  libinit2.o(.ARM.Collect$$libinit$$00000023)
    __rt_lib_init_heap_1                     0x00000443   Thumb Code     0  libinit2.o(.ARM.Collect$$libinit$$0000000A)
    __rt_lib_init_lc_collate_1               0x00000443   Thumb Code     0  libinit2.o(.ARM.Collect$$libinit$$00000011)
    __rt_lib_init_lc_ctype_1                 0x00000443   Thumb Code     0  libinit2.o(.ARM.Collect$$libinit$$00000013)
    __rt_lib_init_lc_monetary_1              0x00000443   Thumb Code     0  libinit2.o(.ARM.Collect$$libinit$$00000015)
    __rt_lib_init_lc_numeric_1               0x00000443   Thumb Code     0  libinit2.o(.ARM.Collect$$libinit$$00000017)
    __rt_lib_init_lc_time_1                  0x00000443   Thumb Code     0  libinit2.o(.ARM.Collect$$libinit$$00000019)
    __rt_lib_init_rand_1                     0x00000443   Thumb Code     0  libinit2.o(.ARM.Collect$$libinit$$0000000E)
    __rt_lib_init_signal_1                   0x00000443   Thumb Code     0  libinit2.o(.ARM.Collect$$libinit$$0000001D)
    __rt_lib_init_stdio_2                    0x00000443   Thumb Code     0  libinit2.o(.ARM.Collect$$libinit$$00000024)
    __rt_lib_init_user_alloc_1               0x00000443   Thumb Code     0  libinit2.o(.ARM.Collect$$libinit$$0000000C)
    __rt_lib_init_alloca_1                   0x00000447   Thumb Code     0  libinit2.o(.ARM.Collect$$libinit$$0000002E)
    __rt_lib_init_argv_1                     0x00000447   Thumb Code     0  libinit2.o(.ARM.Collect$$libinit$$0000002C)
    __rt_lib_init_cpp_1                      0x00000447   Thumb Code     0  libinit2.o(.ARM.Collect$$libinit$$00000032)
    __rt_lib_init_exceptions_1               0x00000447   Thumb Code     0  libinit2.o(.ARM.Collect$$libinit$$00000030)
    __rt_lib_init_return                     0x00000447   Thumb Code     0  libinit2.o(.ARM.Collect$$libinit$$00000033)
    __rt_lib_init_stdio_1                    0x00000447   Thumb Code     0  libinit2.o(.ARM.Collect$$libinit$$00000025)
    __rt_lib_shutdown                        0x00000451   Thumb Code     0  libshutdown.o(.ARM.Collect$$libshutdown$$00000000)
    __rt_lib_shutdown_cpp_1                  0x00000453   Thumb Code     0  libshutdown2.o(.ARM.Collect$$libshutdown$$00000002)
    __rt_lib_shutdown_stdio_2                0x00000453   Thumb Code     0  libshutdown2.o(.ARM.Collect$$libshutdown$$00000003)
    __rt_lib_shutdown_fp_trap_1              0x00000457   Thumb Code     0  libshutdown2.o(.ARM.Collect$$libshutdown$$00000007)
    __rt_lib_shutdown_heap_1                 0x00000457   Thumb Code     0  libshutdown2.o(.ARM.Collect$$libshutdown$$0000000F)
    __rt_lib_shutdown_return                 0x00000457   Thumb Code     0  libshutdown2.o(.ARM.Collect$$libshutdown$$00000010)
    __rt_lib_shutdown_signal_1               0x00000457   Thumb Code     0  libshutdown2.o(.ARM.Collect$$libshutdown$$0000000A)
    __rt_lib_shutdown_stdio_1                0x00000457   Thumb Code     0  libshutdown2.o(.ARM.Collect$$libshutdown$$00000004)
    __rt_lib_shutdown_user_alloc_1           0x00000457   Thumb Code     0  libshutdown2.o(.ARM.Collect$$libshutdown$$0000000C)
    __rt_entry                               0x00000459   Thumb Code     0  __rtentry.o(.ARM.Collect$$rtentry$$00000000)
    __rt_entry_presh_1                       0x00000459   Thumb Code     0  __rtentry2.o(.ARM.Collect$$rtentry$$00000002)
    __rt_entry_sh                            0x00000459   Thumb Code     0  __rtentry5.o(.ARM.Collect$$rtentry$$00000005)
    __rt_entry_li                            0x0000045d   Thumb Code     0  __rtentry2.o(.ARM.Collect$$rtentry$$0000000A)
    __rt_entry_postsh_1                      0x0000045d   Thumb Code     0  __rtentry2.o(.ARM.Collect$$rtentry$$00000009)
    __rt_entry_main                          0x00000461   Thumb Code     0  __rtentry2.o(.ARM.Collect$$rtentry$$0000000D)
    __rt_entry_postli_1                      0x00000461   Thumb Code     0  __rtentry2.o(.ARM.Collect$$rtentry$$0000000C)
    __rt_exit                                0x0000046d   Thumb Code     0  rtexit.o(.ARM.Collect$$rtexit$$00000000)
    __rt_exit_ls                             0x0000046f   Thumb Code     0  rtexit2.o(.ARM.Collect$$rtexit$$00000003)
    __rt_exit_prels_1                        0x0000046f   Thumb Code     0  rtexit2.o(.ARM.Collect$$rtexit$$00000002)
    __rt_exit_exit                           0x00000473   Thumb Code     0  rtexit2.o(.ARM.Collect$$rtexit$$00000004)
    Reset_Handler                            0x00000479   Thumb Code     8  startup_armcm4.o(.text)
    _maybe_terminate_alloc                   0x00000479   Thumb Code     0  maybetermalloc1.o(.emb_text)
    NMI_Handler                              0x00000481   Thumb Code     2  startup_armcm4.o(.text)
    HardFault_Handler                        0x00000483   Thumb Code     2  startup_armcm4.o(.text)
    MemManage_Handler                        0x00000485   Thumb Code     2  startup_armcm4.o(.text)
    BusFault_Handler                         0x00000487   Thumb Code     2  startup_armcm4.o(.text)
    UsageFault_Handler                       0x00000489   Thumb Code     2  startup_armcm4.o(.text)
    SVC_Handler                              0x0000048b   Thumb Code     2  startup_armcm4.o(.text)
    DebugMon_Handler                         0x0000048d   Thumb Code     2  startup_armcm4.o(.text)
    PendSV_Handler                           0x0000048f   Thumb Code     2  startup_armcm4.o(.text)
    SysTick_Handler                          0x00000491   Thumb Code     2  startup_armcm4.o(.text)
    Interrupt0_Handler                       0x00000493   Thumb Code     2  startup_armcm4.o(.text)
    Interrupt1_Handler                       0x00000495   Thumb Code     2  startup_armcm4.o(.text)
    Interrupt2_Handler                       0x00000497   Thumb Code     2  startup_armcm4.o(.text)
    Interrupt3_Handler                       0x00000499   Thumb Code     2  startup_armcm4.o(.text)
    Interrupt4_Handler                       0x0000049b   Thumb Code     2  startup_armcm4.o(.text)
    Interrupt5_Handler                       0x0000049d   Thumb Code     2  startup_armcm4.o(.text)
    Interrupt6_Handler                       0x0000049f   Thumb Code     2  startup_armcm4.o(.text)
    Interrupt7_Handler                       0x000004a1   Thumb Code     2  startup_armcm4.o(.text)
    Interrupt8_Handler                       0x000004a3   Thumb Code     2  startup_armcm4.o(.text)
    Interrupt9_Handler                       0x000004a5   Thumb Code     2  startup_armcm4.o(.text)
    putc                                     0x000004b1   Thumb Code     4  putc.o(.text)
    __aeabi_memcpy4                          0x000004b5   Thumb Code     0  rt_memcpy_w.o(.text)
    __aeabi_memcpy8                          0x000004b5   Thumb Code     0  rt_memcpy_w.o(.text)
    __rt_memcpy_w                            0x000004b5   Thumb Code   100  rt_memcpy_w.o(.text)
    _memcpy_lastbytes_aligned                0x000004fd   Thumb Code     0  rt_memcpy_w.o(.text)
    strcmp                                   0x00000519   Thumb Code   128  strcmpv7m.o(.text)
    setjmp                                   0x00000599   Thumb Code    42  setjmp.o(.text)
    longjmp                                  0x000005c3   Thumb Code    56  setjmp.o(.text)
    _initio                                  0x000005fd   Thumb Code   210  initio.o(.text)
    _terminateio                             0x000006cf   Thumb Code    56  initio.o(.text)
    free                                     0x00000735   Thumb Code    78  h1_free.o(.text)
    __flsbuf                                 0x00000783   Thumb Code   470  flsbuf.o(.text)
    __flsbuf_byte                            0x00000783   Thumb Code     0  flsbuf.o(.text)
    __flsbuf_wide                            0x00000783   Thumb Code     0  flsbuf.o(.text)
    setvbuf                                  0x00000959   Thumb Code    70  setvbuf.o(.text)
    freopen                                  0x000009a1   Thumb Code   158  fopen.o(.text)
    fopen                                    0x00000a3f   Thumb Code    74  fopen.o(.text)
    _fclose_internal                         0x00000a8d   Thumb Code    76  fclose.o(.text)
    fclose                                   0x00000a8d   Thumb Code     0  fclose.o(.text)
    __rt_SIGRTRED                            0x00000ad9   Thumb Code    14  defsig_rtred_outer.o(.text)
    __aeabi_memclr4                          0x00000ae7   Thumb Code     0  rt_memclr_w.o(.text)
    __aeabi_memclr8                          0x00000ae7   Thumb Code     0  rt_memclr_w.o(.text)
    __rt_memclr_w                            0x00000ae7   Thumb Code    78  rt_memclr_w.o(.text)
    _memset_w                                0x00000aeb   Thumb Code     0  rt_memclr_w.o(.text)
    __rt_heap_descriptor                     0x00000b35   Thumb Code     8  rt_heap_descriptor_intlibspace.o(.text)
    __use_no_heap                            0x00000b3d   Thumb Code     2  hguard.o(.text)
    __heap$guard                             0x00000b3f   Thumb Code     2  hguard.o(.text)
    _terminate_user_alloc                    0x00000b41   Thumb Code     2  init_alloc.o(.text)
    _init_user_alloc                         0x00000b43   Thumb Code     2  init_alloc.o(.text)
    __Heap_Full                              0x00000b45   Thumb Code    34  init_alloc.o(.text)
    __Heap_Broken                            0x00000b67   Thumb Code     6  init_alloc.o(.text)
    _init_alloc                              0x00000b6d   Thumb Code    94  init_alloc.o(.text)
    malloc                                   0x00000bcb   Thumb Code    94  h1_alloc.o(.text)
    _fseek                                   0x00000c29   Thumb Code   242  fseek.o(.text)
    fseek                                    0x00000c29   Thumb Code     0  fseek.o(.text)
    _seterr                                  0x00000d21   Thumb Code    20  stdio.o(.text)
    _writebuf                                0x00000d35   Thumb Code    84  stdio.o(.text)
    _fflush                                  0x00000d89   Thumb Code    70  stdio.o(.text)
    _deferredlazyseek                        0x00000dcf   Thumb Code    60  stdio.o(.text)
    exit                                     0x00000e11   Thumb Code    18  exit.o(.text)
    __sig_exit                               0x00000e23   Thumb Code    10  defsig_exit.o(.text)
    __rt_SIGRTRED_inner                      0x00000e2d   Thumb Code    14  defsig_rtred_inner.o(.text)
    _sys_exit                                0x00000e61   Thumb Code     8  sys_exit.o(.text)
    __Heap_Initialize                        0x00000e6d   Thumb Code    10  h1_init.o(.text)
    __Heap_DescSize                          0x00000e77   Thumb Code     4  h1_init.o(.text)
    __Heap_ProvideMemory                     0x00000e7b   Thumb Code    52  h1_extend.o(.text)
    _ftell_internal                          0x00000eaf   Thumb Code    66  ftell.o(.text)
    ftell                                    0x00000eaf   Thumb Code     0  ftell.o(.text)
    __default_signal_display                 0x00000ef1   Thumb Code    50  defsig_general.o(.text)
    __rt_SIGRTMEM                            0x00000f23   Thumb Code    14  defsig_rtmem_outer.o(.text)
    __rt_heap_escrow                         0x00000f31   Thumb Code    22  heapauxa.o(.text)
    __rt_heap_expand                         0x00000f47   Thumb Code    52  heapauxa.o(.text)
    _ttywrch                                 0x00000f81   Thumb Code    14  sys_wrch.o(.text)
    __I$use$semihosting                      0x00000f8f   Thumb Code     0  use_no_semi.o(.text)
    __use_no_semihosting_swi                 0x00000f8f   Thumb Code     2  use_no_semi.o(.text)
    __aeabi_errno_addr                       0x00000f91   Thumb Code     8  rt_errno_addr_intlibspace.o(.text)
    __errno$intlibspace                      0x00000f91   Thumb Code     0  rt_errno_addr_intlibspace.o(.text)
    __rt_errno_addr$intlibspace              0x00000f91   Thumb Code     0  rt_errno_addr_intlibspace.o(.text)
    __semihosting_library_function           0x00000f91   Thumb Code     0  indicate_semi.o(.text)
    __rt_SIGRTMEM_inner                      0x00000f99   Thumb Code    22  defsig_rtmem_inner.o(.text)
    swap_asm_1                               0x00000fe9   Thumb Code    14  functions_asm.o(functions_asm)
    swap_asm_2                               0x00000ff7   Thumb Code    24  functions_asm.o(functions_asm)
    swap_asm_3                               0x0000100f   Thumb Code    26  functions_asm.o(functions_asm)
    rank_descending_asm                      0x00001029   Thumb Code    64  functions_asm.o(functions_asm)
    ITM_SendChar                             0x00001069   Thumb Code    42  retarget_io.o(i.ITM_SendChar)
    SystemInit                               0x00001099   Thumb Code    30  system_armcm4.o(i.SystemInit)
    UnityAssertEqualIntArray                 0x0000111d   Thumb Code   298  unity.o(i.UnityAssertEqualIntArray)
    UnityBegin                               0x0000125d   Thumb Code    28  unity.o(i.UnityBegin)
    UnityConcludeTest                        0x0000127d   Thumb Code    72  unity.o(i.UnityConcludeTest)
    UnityDefaultTestRun                      0x000012d1   Thumb Code    64  unity.o(i.UnityDefaultTestRun)
    UnityEnd                                 0x00001315   Thumb Code   108  unity.o(i.UnityEnd)
    UnityPrint                               0x000013f5   Thumb Code    26  unity.o(i.UnityPrint)
    UnityPrintNumber                         0x00001479   Thumb Code    28  unity.o(i.UnityPrintNumber)
    UnityPrintNumberByStyle                  0x00001499   Thumb Code    66  unity.o(i.UnityPrintNumberByStyle)
    UnityPrintNumberHex                      0x000014e1   Thumb Code    70  unity.o(i.UnityPrintNumberHex)
    UnityPrintNumberUnsigned                 0x0000152d   Thumb Code    62  unity.o(i.UnityPrintNumberUnsigned)
    _sys_close                               0x000015d9   Thumb Code    38  retarget_io.o(i._sys_close)
    _sys_flen                                0x000015ff   Thumb Code    36  retarget_io.o(i._sys_flen)
    _sys_istty                               0x00001623   Thumb Code    36  retarget_io.o(i._sys_istty)
    _sys_open                                0x00001649   Thumb Code    80  retarget_io.o(i._sys_open)
    _sys_seek                                0x000016b1   Thumb Code    44  retarget_io.o(i._sys_seek)
    _sys_write                               0x000016dd   Thumb Code    70  retarget_io.o(i._sys_write)
    fputc                                    0x00001723   Thumb Code    26  fputc.o(i.fputc)
    main                                     0x0000173d   Thumb Code    74  testfunctions_all.o(i.main)
    rank_ascending_c                         0x0000182d   Thumb Code    62  functions.o(i.rank_ascending_c)
    rank_descending_c                        0x0000186b   Thumb Code    62  functions.o(i.rank_descending_c)
    setUp                                    0x000018a9   Thumb Code     2  unity.o(i.setUp)
    swap_c_1                                 0x000018b7   Thumb Code    20  functions.o(i.swap_c_1)
    swap_c_2                                 0x000018cb   Thumb Code    30  functions.o(i.swap_c_2)
    swap_c_3                                 0x000018e9   Thumb Code    30  functions.o(i.swap_c_3)
    tearDown                                 0x00001907   Thumb Code     2  unity.o(i.tearDown)
    test_rank_ascending_c                    0x00001909   Thumb Code    62  testfunctions_all.o(i.test_rank_ascending_c)
    test_rank_desending_c                    0x0000194d   Thumb Code    62  testfunctions_all.o(i.test_rank_desending_c)
    test_swap_asm_1                          0x00001991   Thumb Code   110  testfunctions_all.o(i.test_swap_asm_1)
    test_swap_c_1                            0x00001a05   Thumb Code   110  testfunctions_all.o(i.test_swap_c_1)
    test_swap_c_2                            0x00001a79   Thumb Code   110  testfunctions_all.o(i.test_swap_c_2)
    test_swap_c_3                            0x00001aed   Thumb Code   110  testfunctions_all.o(i.test_swap_c_3)
    _fp_init                                 0x00001b61   Thumb Code    10  fpinit.o(x$fpl$fpinit)
    __fplib_config_fpu_vfp                   0x00001b69   Thumb Code     0  fpinit.o(x$fpl$fpinit)
    __fplib_config_pureend_doubles           0x00001b69   Thumb Code     0  fpinit.o(x$fpl$fpinit)
    UnityStrErrFloat                         0x00001d8b   Data          30  unity.o(.constdata)
    UnityStrErrDouble                        0x00001da9   Data          32  unity.o(.constdata)
    UnityStrErr64                            0x00001dc9   Data          30  unity.o(.constdata)
    __stdin_name                             0x00001e44   Data           7  retarget_io.o(.constdata)
    __stdout_name                            0x00001e4b   Data           8  retarget_io.o(.constdata)
    __stderr_name                            0x00001e53   Data           8  retarget_io.o(.constdata)
    Region$$Table$$Base                      0x00001e5c   Number         0  anon$$obj.o(Region$$Table)
    Region$$Table$$Limit                     0x00001e7c   Number         0  anon$$obj.o(Region$$Table)
    SystemCoreClock                          0x20000000   Data           4  system_armcm4.o(.data)
    __aeabi_stdin                            0x20000004   Data           4  stdio_streams.o(.data)
    __aeabi_stdout                           0x20000008   Data           4  stdio_streams.o(.data)
    __aeabi_stderr                           0x2000000c   Data           4  stdio_streams.o(.data)
    Unity                                    0x20000018   Data         200  unity.o(.bss)
    __stdin                                  0x200000e0   Data          84  stdio_streams.o(.bss)
    __stdout                                 0x20000134   Data          84  stdio_streams.o(.bss)
    __stderr                                 0x20000188   Data          84  stdio_streams.o(.bss)
    __libspace_start                         0x200001dc   Data          96  libspace.o(.bss)
    __temporary_stack_top$libspace           0x2000023c   Data           0  libspace.o(.bss)
    __heap_base                              0x20000240   Data           0  startup_armcm4.o(HEAP)
    __heap_limit                             0x20000e40   Data           0  startup_armcm4.o(HEAP)
    __stack_limit                            0x20000e40   Data           0  startup_armcm4.o(STACK)
    __initial_sp                             0x20001240   Data           0  startup_armcm4.o(STACK)



==============================================================================

Memory Map of the image

  Image Entry point : 0x000003c1

  Load Region LR_IROM1 (Base: 0x00000000, Size: 0x00001e90, Max: 0x00040000, ABSOLUTE)

    Execution Region ER_IROM1 (Exec base: 0x00000000, Load base: 0x00000000, Size: 0x00001e7c, Max: 0x00040000, ABSOLUTE)

    Exec Addr    Load Addr    Size         Type   Attr      Idx    E Section Name        Object

    0x00000000   0x00000000   0x000003c0   Data   RO          496    RESET               startup_armcm4.o
    0x000003c0   0x000003c0   0x00000008   Code   RO          571  * !!!main             c_w.l(__main.o)
    0x000003c8   0x000003c8   0x00000034   Code   RO          907    !!!scatter          c_w.l(__scatter.o)
    0x000003fc   0x000003fc   0x0000001a   Code   RO          909    !!handler_copy      c_w.l(__scatter_copy.o)
    0x00000416   0x00000416   0x00000002   PAD
    0x00000418   0x00000418   0x0000001c   Code   RO          911    !!handler_zi        c_w.l(__scatter_zi.o)
    0x00000434   0x00000434   0x00000002   Code   RO          800    .ARM.Collect$$libinit$$00000000  c_w.l(libinit.o)
    0x00000436   0x00000436   0x00000004   Code   RO          683    .ARM.Collect$$libinit$$00000001  c_w.l(libinit2.o)
    0x0000043a   0x0000043a   0x00000000   Code   RO          686    .ARM.Collect$$libinit$$00000004  c_w.l(libinit2.o)
    0x0000043a   0x0000043a   0x00000008   Code   RO          853    .ARM.Collect$$libinit$$00000006  c_w.l(libinit3.o)
    0x00000442   0x00000442   0x00000000   Code   RO          689    .ARM.Collect$$libinit$$0000000A  c_w.l(libinit2.o)
    0x00000442   0x00000442   0x00000000   Code   RO          691    .ARM.Collect$$libinit$$0000000C  c_w.l(libinit2.o)
    0x00000442   0x00000442   0x00000000   Code   RO          693    .ARM.Collect$$libinit$$0000000E  c_w.l(libinit2.o)
    0x00000442   0x00000442   0x00000000   Code   RO          696    .ARM.Collect$$libinit$$00000011  c_w.l(libinit2.o)
    0x00000442   0x00000442   0x00000000   Code   RO          698    .ARM.Collect$$libinit$$00000013  c_w.l(libinit2.o)
    0x00000442   0x00000442   0x00000000   Code   RO          700    .ARM.Collect$$libinit$$00000015  c_w.l(libinit2.o)
    0x00000442   0x00000442   0x00000000   Code   RO          702    .ARM.Collect$$libinit$$00000017  c_w.l(libinit2.o)
    0x00000442   0x00000442   0x00000000   Code   RO          704    .ARM.Collect$$libinit$$00000019  c_w.l(libinit2.o)
    0x00000442   0x00000442   0x00000000   Code   RO          706    .ARM.Collect$$libinit$$0000001B  c_w.l(libinit2.o)
    0x00000442   0x00000442   0x00000000   Code   RO          708    .ARM.Collect$$libinit$$0000001D  c_w.l(libinit2.o)
    0x00000442   0x00000442   0x00000000   Code   RO          710    .ARM.Collect$$libinit$$0000001F  c_w.l(libinit2.o)
    0x00000442   0x00000442   0x00000000   Code   RO          712    .ARM.Collect$$libinit$$00000021  c_w.l(libinit2.o)
    0x00000442   0x00000442   0x00000000   Code   RO          714    .ARM.Collect$$libinit$$00000023  c_w.l(libinit2.o)
    0x00000442   0x00000442   0x00000004   Code   RO          715    .ARM.Collect$$libinit$$00000024  c_w.l(libinit2.o)
    0x00000446   0x00000446   0x00000000   Code   RO          716    .ARM.Collect$$libinit$$00000025  c_w.l(libinit2.o)
    0x00000446   0x00000446   0x00000000   Code   RO          720    .ARM.Collect$$libinit$$0000002C  c_w.l(libinit2.o)
    0x00000446   0x00000446   0x00000000   Code   RO          722    .ARM.Collect$$libinit$$0000002E  c_w.l(libinit2.o)
    0x00000446   0x00000446   0x00000000   Code   RO          724    .ARM.Collect$$libinit$$00000030  c_w.l(libinit2.o)
    0x00000446   0x00000446   0x00000000   Code   RO          726    .ARM.Collect$$libinit$$00000032  c_w.l(libinit2.o)
    0x00000446   0x00000446   0x00000002   Code   RO          727    .ARM.Collect$$libinit$$00000033  c_w.l(libinit2.o)
    0x00000448   0x00000448   0x00000008   Code   RO          854    .ARM.Collect$$libinit$$00002717  c_w.l(libinit3.o)
    0x00000450   0x00000450   0x00000002   Code   RO          904    .ARM.Collect$$libshutdown$$00000000  c_w.l(libshutdown.o)
    0x00000452   0x00000452   0x00000000   Code   RO          729    .ARM.Collect$$libshutdown$$00000002  c_w.l(libshutdown2.o)
    0x00000452   0x00000452   0x00000004   Code   RO          730    .ARM.Collect$$libshutdown$$00000003  c_w.l(libshutdown2.o)
    0x00000456   0x00000456   0x00000000   Code   RO          731    .ARM.Collect$$libshutdown$$00000004  c_w.l(libshutdown2.o)
    0x00000456   0x00000456   0x00000000   Code   RO          734    .ARM.Collect$$libshutdown$$00000007  c_w.l(libshutdown2.o)
    0x00000456   0x00000456   0x00000000   Code   RO          737    .ARM.Collect$$libshutdown$$0000000A  c_w.l(libshutdown2.o)
    0x00000456   0x00000456   0x00000000   Code   RO          739    .ARM.Collect$$libshutdown$$0000000C  c_w.l(libshutdown2.o)
    0x00000456   0x00000456   0x00000000   Code   RO          742    .ARM.Collect$$libshutdown$$0000000F  c_w.l(libshutdown2.o)
    0x00000456   0x00000456   0x00000002   Code   RO          743    .ARM.Collect$$libshutdown$$00000010  c_w.l(libshutdown2.o)
    0x00000458   0x00000458   0x00000000   Code   RO          575    .ARM.Collect$$rtentry$$00000000  c_w.l(__rtentry.o)
    0x00000458   0x00000458   0x00000000   Code   RO          589    .ARM.Collect$$rtentry$$00000002  c_w.l(__rtentry2.o)
    0x00000458   0x00000458   0x00000004   Code   RO          603    .ARM.Collect$$rtentry$$00000005  c_w.l(__rtentry5.o)
    0x0000045c   0x0000045c   0x00000000   Code   RO          591    .ARM.Collect$$rtentry$$00000009  c_w.l(__rtentry2.o)
    0x0000045c   0x0000045c   0x00000004   Code   RO          592    .ARM.Collect$$rtentry$$0000000A  c_w.l(__rtentry2.o)
    0x00000460   0x00000460   0x00000000   Code   RO          594    .ARM.Collect$$rtentry$$0000000C  c_w.l(__rtentry2.o)
    0x00000460   0x00000460   0x00000008   Code   RO          595    .ARM.Collect$$rtentry$$0000000D  c_w.l(__rtentry2.o)
    0x00000468   0x00000468   0x00000004   Code   RO          604    .ARM.Collect$$rtentry$$00002716  c_w.l(__rtentry5.o)
    0x0000046c   0x0000046c   0x00000002   Code   RO          810    .ARM.Collect$$rtexit$$00000000  c_w.l(rtexit.o)
    0x0000046e   0x0000046e   0x00000000   Code   RO          865    .ARM.Collect$$rtexit$$00000002  c_w.l(rtexit2.o)
    0x0000046e   0x0000046e   0x00000004   Code   RO          866    .ARM.Collect$$rtexit$$00000003  c_w.l(rtexit2.o)
    0x00000472   0x00000472   0x00000006   Code   RO          867    .ARM.Collect$$rtexit$$00000004  c_w.l(rtexit2.o)
    0x00000478   0x00000478   0x00000000   Code   RO          812    .emb_text           c_w.l(maybetermalloc1.o)
    0x00000478   0x00000478   0x00000038   Code   RO          497    .text               startup_armcm4.o
    0x000004b0   0x000004b0   0x00000004   Code   RO          559    .text               c_w.l(putc.o)
    0x000004b4   0x000004b4   0x00000064   Code   RO          567    .text               c_w.l(rt_memcpy_w.o)
    0x00000518   0x00000518   0x00000080   Code   RO          569    .text               c_w.l(strcmpv7m.o)
    0x00000598   0x00000598   0x00000062   Code   RO          573    .text               fz_wm.l(setjmp.o)
    0x000005fa   0x000005fa   0x00000002   PAD
    0x000005fc   0x000005fc   0x00000138   Code   RO          580    .text               c_w.l(initio.o)
    0x00000734   0x00000734   0x0000004e   Code   RO          610    .text               c_w.l(h1_free.o)
    0x00000782   0x00000782   0x000001d6   Code   RO          664    .text               c_w.l(flsbuf.o)
    0x00000958   0x00000958   0x00000046   Code   RO          666    .text               c_w.l(setvbuf.o)
    0x0000099e   0x0000099e   0x00000002   PAD
    0x000009a0   0x000009a0   0x000000ec   Code   RO          669    .text               c_w.l(fopen.o)
    0x00000a8c   0x00000a8c   0x0000004c   Code   RO          671    .text               c_w.l(fclose.o)
    0x00000ad8   0x00000ad8   0x0000000e   Code   RO          677    .text               c_w.l(defsig_rtred_outer.o)
    0x00000ae6   0x00000ae6   0x0000004e   Code   RO          681    .text               c_w.l(rt_memclr_w.o)
    0x00000b34   0x00000b34   0x00000008   Code   RO          753    .text               c_w.l(rt_heap_descriptor_intlibspace.o)
    0x00000b3c   0x00000b3c   0x00000004   Code   RO          755    .text               c_w.l(hguard.o)
    0x00000b40   0x00000b40   0x0000008a   Code   RO          757    .text               c_w.l(init_alloc.o)
    0x00000bca   0x00000bca   0x0000005e   Code   RO          763    .text               c_w.l(h1_alloc.o)
    0x00000c28   0x00000c28   0x000000f8   Code   RO          777    .text               c_w.l(fseek.o)
    0x00000d20   0x00000d20   0x000000f0   Code   RO          779    .text               c_w.l(stdio.o)
    0x00000e10   0x00000e10   0x00000012   Code   RO          785    .text               c_w.l(exit.o)
    0x00000e22   0x00000e22   0x0000000a   Code   RO          787    .text               c_w.l(defsig_exit.o)
    0x00000e2c   0x00000e2c   0x00000034   Code   RO          789    .text               c_w.l(defsig_rtred_inner.o)
    0x00000e60   0x00000e60   0x0000000c   Code   RO          803    .text               c_w.l(sys_exit.o)
    0x00000e6c   0x00000e6c   0x0000000e   Code   RO          814    .text               c_w.l(h1_init.o)
    0x00000e7a   0x00000e7a   0x00000034   Code   RO          816    .text               c_w.l(h1_extend.o)
    0x00000eae   0x00000eae   0x00000042   Code   RO          826    .text               c_w.l(ftell.o)
    0x00000ef0   0x00000ef0   0x00000032   Code   RO          834    .text               c_w.l(defsig_general.o)
    0x00000f22   0x00000f22   0x0000000e   Code   RO          836    .text               c_w.l(defsig_rtmem_outer.o)
    0x00000f30   0x00000f30   0x00000050   Code   RO          842    .text               c_w.l(heapauxa.o)
    0x00000f80   0x00000f80   0x0000000e   Code   RO          857    .text               c_w.l(sys_wrch.o)
    0x00000f8e   0x00000f8e   0x00000002   Code   RO          861    .text               c_w.l(use_no_semi.o)
    0x00000f90   0x00000f90   0x00000000   Code   RO          863    .text               c_w.l(indicate_semi.o)
    0x00000f90   0x00000f90   0x00000008   Code   RO          874    .text               c_w.l(rt_errno_addr_intlibspace.o)
    0x00000f98   0x00000f98   0x00000050   Code   RO          880    .text               c_w.l(defsig_rtmem_inner.o)
    0x00000fe8   0x00000fe8   0x00000080   Code   RO           45    functions_asm       functions_asm.o
    0x00001068   0x00001068   0x00000030   Code   RO          407    i.ITM_SendChar      retarget_io.o
    0x00001098   0x00001098   0x00000030   Code   RO          505    i.SystemInit        system_armcm4.o
    0x000010c8   0x000010c8   0x00000054   Code   RO          133    i.UnityAddMsgIfSpecified  unity.o
    0x0000111c   0x0000111c   0x00000140   Code   RO          136    i.UnityAssertEqualIntArray  unity.o
    0x0000125c   0x0000125c   0x00000020   Code   RO          146    i.UnityBegin        unity.o
    0x0000127c   0x0000127c   0x00000054   Code   RO          147    i.UnityConcludeTest  unity.o
    0x000012d0   0x000012d0   0x00000044   Code   RO          148    i.UnityDefaultTestRun  unity.o
    0x00001314   0x00001314   0x0000008c   Code   RO          149    i.UnityEnd          unity.o
    0x000013a0   0x000013a0   0x00000054   Code   RO          154    i.UnityIsOneArrayNull  unity.o
    0x000013f4   0x000013f4   0x0000001a   Code   RO          156    i.UnityPrint        unity.o
    0x0000140e   0x0000140e   0x00000002   PAD
    0x00001410   0x00001410   0x00000068   Code   RO          157    i.UnityPrintChar    unity.o
    0x00001478   0x00001478   0x00000020   Code   RO          163    i.UnityPrintNumber  unity.o
    0x00001498   0x00001498   0x00000048   Code   RO          164    i.UnityPrintNumberByStyle  unity.o
    0x000014e0   0x000014e0   0x0000004c   Code   RO          165    i.UnityPrintNumberHex  unity.o
    0x0000152c   0x0000152c   0x00000044   Code   RO          166    i.UnityPrintNumberUnsigned  unity.o
    0x00001570   0x00001570   0x0000003c   Code   RO          167    i.UnityTestResultsBegin  unity.o
    0x000015ac   0x000015ac   0x0000002c   Code   RO          168    i.UnityTestResultsFailBegin  unity.o
    0x000015d8   0x000015d8   0x00000026   Code   RO          408    i._sys_close        retarget_io.o
    0x000015fe   0x000015fe   0x00000024   Code   RO          409    i._sys_flen         retarget_io.o
    0x00001622   0x00001622   0x00000024   Code   RO          410    i._sys_istty        retarget_io.o
    0x00001646   0x00001646   0x00000002   PAD
    0x00001648   0x00001648   0x00000068   Code   RO          411    i._sys_open         retarget_io.o
    0x000016b0   0x000016b0   0x0000002c   Code   RO          413    i._sys_seek         retarget_io.o
    0x000016dc   0x000016dc   0x00000046   Code   RO          414    i._sys_write        retarget_io.o
    0x00001722   0x00001722   0x0000001a   Code   RO          577    i.fputc             c_w.l(fputc.o)
    0x0000173c   0x0000173c   0x000000f0   Code   RO           50    i.main              testfunctions_all.o
    0x0000182c   0x0000182c   0x0000003e   Code   RO            1    i.rank_ascending_c  functions.o
    0x0000186a   0x0000186a   0x0000003e   Code   RO            2    i.rank_descending_c  functions.o
    0x000018a8   0x000018a8   0x00000002   Code   RO          171    i.setUp             unity.o
    0x000018aa   0x000018aa   0x0000000c   Code   RO          415    i.stdout_putchar    retarget_io.o
    0x000018b6   0x000018b6   0x00000014   Code   RO            3    i.swap_c_1          functions.o
    0x000018ca   0x000018ca   0x0000001e   Code   RO            4    i.swap_c_2          functions.o
    0x000018e8   0x000018e8   0x0000001e   Code   RO            5    i.swap_c_3          functions.o
    0x00001906   0x00001906   0x00000002   Code   RO          174    i.tearDown          unity.o
    0x00001908   0x00001908   0x00000044   Code   RO           51    i.test_rank_ascending_c  testfunctions_all.o
    0x0000194c   0x0000194c   0x00000044   Code   RO           52    i.test_rank_desending_c  testfunctions_all.o
    0x00001990   0x00001990   0x00000074   Code   RO           53    i.test_swap_asm_1   testfunctions_all.o
    0x00001a04   0x00001a04   0x00000074   Code   RO           54    i.test_swap_c_1     testfunctions_all.o
    0x00001a78   0x00001a78   0x00000074   Code   RO           55    i.test_swap_c_2     testfunctions_all.o
    0x00001aec   0x00001aec   0x00000074   Code   RO           56    i.test_swap_c_3     testfunctions_all.o
    0x00001b60   0x00001b60   0x0000000a   Code   RO          801    x$fpl$fpinit        fz_wm.l(fpinit.o)
    0x00001b6a   0x00001b6a   0x00000002   PAD
    0x00001b6c   0x00001b6c   0x000000d0   Data   RO           57    .constdata          testfunctions_all.o
    0x00001c3c   0x00001c3c   0x00000208   Data   RO          176    .constdata          unity.o
    0x00001e44   0x00001e44   0x00000017   Data   RO          416    .constdata          retarget_io.o
    0x00001e5b   0x00001e5b   0x00000001   PAD
    0x00001e5c   0x00001e5c   0x00000020   Data   RO          905    Region$$Table       anon$$obj.o


    Execution Region RW_IRAM1 (Exec base: 0x20000000, Load base: 0x00001e7c, Size: 0x00001240, Max: 0x00010000, ABSOLUTE)

    Exec Addr    Load Addr    Size         Type   Attr      Idx    E Section Name        Object

    0x20000000   0x00001e7c   0x00000004   Data   RW          506    .data               system_armcm4.o
    0x20000004   0x00001e80   0x00000004   Data   RW          564    .data               c_w.l(stdio_streams.o)
    0x20000008   0x00001e84   0x00000004   Data   RW          565    .data               c_w.l(stdio_streams.o)
    0x2000000c   0x00001e88   0x00000004   Data   RW          566    .data               c_w.l(stdio_streams.o)
    0x20000010   0x00001e8c   0x00000004   Data   RW          843    .data               c_w.l(heapauxa.o)
    0x20000014   0x00001e90   0x00000004   PAD
    0x20000018        -       0x000000c8   Zero   RW          175    .bss                unity.o
    0x200000e0        -       0x00000054   Zero   RW          561    .bss                c_w.l(stdio_streams.o)
    0x20000134        -       0x00000054   Zero   RW          562    .bss                c_w.l(stdio_streams.o)
    0x20000188        -       0x00000054   Zero   RW          563    .bss                c_w.l(stdio_streams.o)
    0x200001dc        -       0x00000060   Zero   RW          806    .bss                c_w.l(libspace.o)
    0x2000023c   0x00001e90   0x00000004   PAD
    0x20000240        -       0x00000c00   Zero   RW          495    HEAP                startup_armcm4.o
    0x20000e40        -       0x00000400   Zero   RW          494    STACK               startup_armcm4.o


==============================================================================

Image component sizes


      Code (inc. data)   RO Data    RW Data    ZI Data      Debug   Object Name

       204          0          0          0          0       8092   functions.o
       128          0          0          0          0        604   functions_asm.o
       388         30         23          0          0       6922   retarget_io.o
        56         10        960          0       4096       1252   startup_armcm4.o
        48         18          0          4          0        783   system_armcm4.o
       840        202        208          0          0       5044   testfunctions_all.o
      1298        150        520          0        200      51152   unity.o

    ----------------------------------------------------------------------
      2966        410       1744          4       4296      73849   Object Totals
         0          0         32          0          0          0   (incl. Generated)
         4          0          1          0          0          0   (incl. Padding)

    ----------------------------------------------------------------------

      Code (inc. data)   RO Data    RW Data    ZI Data      Debug   Library Member Name

         8          0          0          0          0         68   __main.o
         0          0          0          0          0          0   __rtentry.o
        12          0          0          0          0          0   __rtentry2.o
         8          4          0          0          0          0   __rtentry5.o
        52          8          0          0          0          0   __scatter.o
        26          0          0          0          0          0   __scatter_copy.o
        28          0          0          0          0          0   __scatter_zi.o
        10          0          0          0          0         68   defsig_exit.o
        50          0          0          0          0         88   defsig_general.o
        80         58          0          0          0         76   defsig_rtmem_inner.o
        14          0          0          0          0         80   defsig_rtmem_outer.o
        52         38          0          0          0         76   defsig_rtred_inner.o
        14          0          0          0          0         80   defsig_rtred_outer.o
        18          0          0          0          0         80   exit.o
        76          0          0          0          0         88   fclose.o
       470          0          0          0          0         88   flsbuf.o
       236          4          0          0          0        128   fopen.o
        26          0          0          0          0         68   fputc.o
       248          6          0          0          0         84   fseek.o
        66          0          0          0          0         76   ftell.o
        94          0          0          0          0         80   h1_alloc.o
        52          0          0          0          0         68   h1_extend.o
        78          0          0          0          0         80   h1_free.o
        14          0          0          0          0         84   h1_init.o
        80          6          0          4          0         96   heapauxa.o
         4          0          0          0          0        136   hguard.o
         0          0          0          0          0          0   indicate_semi.o
       138          0          0          0          0        168   init_alloc.o
       312         46          0          0          0        112   initio.o
         2          0          0          0          0          0   libinit.o
        10          0          0          0          0          0   libinit2.o
        16          8          0          0          0          0   libinit3.o
         2          0          0          0          0          0   libshutdown.o
         6          0          0          0          0          0   libshutdown2.o
         0          0          0          0         96          0   libspace.o
         0          0          0          0          0          0   maybetermalloc1.o
         4          0          0          0          0         68   putc.o
         8          4          0          0          0         68   rt_errno_addr_intlibspace.o
         8          4          0          0          0         68   rt_heap_descriptor_intlibspace.o
        78          0          0          0          0         80   rt_memclr_w.o
       100          0          0          0          0         80   rt_memcpy_w.o
         2          0          0          0          0          0   rtexit.o
        10          0          0          0          0          0   rtexit2.o
        70          0          0          0          0         80   setvbuf.o
       240          6          0          0          0        156   stdio.o
         0          0          0         12        252          0   stdio_streams.o
       128          0          0          0          0         68   strcmpv7m.o
        12          4          0          0          0         68   sys_exit.o
        14          0          0          0          0         76   sys_wrch.o
         2          0          0          0          0         68   use_no_semi.o
        10          0          0          0          0        116   fpinit.o
        98          0          0          0          0        144   setjmp.o

    ----------------------------------------------------------------------
      3094        196          0         16        356       3112   Library Totals
         8          0          0          0          8          0   (incl. Padding)

    ----------------------------------------------------------------------

      Code (inc. data)   RO Data    RW Data    ZI Data      Debug   Library Name

      2978        196          0         16        348       2852   c_w.l
       108          0          0          0          0        260   fz_wm.l

    ----------------------------------------------------------------------
      3094        196          0         16        356       3112   Library Totals

    ----------------------------------------------------------------------

==============================================================================


      Code (inc. data)   RO Data    RW Data    ZI Data      Debug   

      6060        606       1744         20       4652      71853   Grand Totals
      6060        606       1744         20       4652      71853   ELF Image Totals
      6060        606       1744         20          0          0   ROM Totals

==============================================================================

    Total RO  Size (Code + RO Data)                 7804 (   7.62kB)
    Total RW  Size (RW Data + ZI Data)              4672 (   4.56kB)
    Total ROM Size (Code + RO Data + RW Data)       7824 (   7.64kB)

==============================================================================

